02-17 20:25:22.784  9411  9411 D wpa_supplicant: WPS:  * Request Type
02-17 20:25:22.784  9411  9411 D wpa_supplicant: WPS:  * Config Methods (4288)
02-17 20:25:22.784  9411  9411 D wpa_supplicant: WPS:  * UUID-E
02-17 20:25:22.785  9411  9411 D wpa_supplicant: WPS:  * Primary Device Type
02-17 20:25:22.785  9411  9411 D wpa_supplicant: WPS:  * RF Bands (3)
02-17 20:25:22.785  9411  9411 D wpa_supplicant: WPS:  * Association State
02-17 20:25:22.785  9411  9411 D wpa_supplicant: WPS:  * Configuration Error (0)
02-17 20:25:22.785  9411  9411 D wpa_supplicant: WPS:  * Device Password ID (0)
02-17 20:25:22.785  9411  9411 D wpa_supplicant: WPS:  * Manufacturer
02-17 20:25:22.785  9411  9411 D wpa_supplicant: WPS:  * Model Name
02-17 20:25:22.785  9411  9411 D wpa_supplicant: WPS:  * Model Number
02-17 20:25:22.787  9411  9411 D wpa_supplicant: WPS:  * Device Name
02-17 20:25:22.787  9411  9411 D wpa_supplicant: WPS:  * Version2 (0x20)
02-17 20:25:22.787  9411  9411 D wpa_supplicant: P2P: * P2P IE header
02-17 20:25:22.787  9411  9411 D wpa_supplicant: P2P: * Capability dev=25 group=00
02-17 20:25:22.788  9411  9411 D wpa_supplicant: P2P: * Listen Channel: Regulatory Class 81 Channel 11
02-17 20:25:22.788  9411  9411 D wpa_supplicant: wlan0: Add radio work 'scan'@0xb82eb568
02-17 20:25:22.788  9411  9411 D wpa_supplicant: wlan0: First radio work item in the queue - schedule start immediately
02-17 20:25:22.788  9411  9411 D wpa_supplicant: wlan0: Starting radio work 'scan'@0xb82eb568 after 0.000240 second wait
02-17 20:25:22.788  9411  9411 D wpa_supplicant: wlan0: nl80211: scan request
02-17 20:25:22.791  9411  9411 D wpa_supplicant: Scan requested (ret=0) - scan timeout 30 seconds
02-17 20:25:22.791  9411  9411 D wpa_supplicant: nl80211: Drv Event 33 (NL80211_CMD_TRIGGER_SCAN) received for wlan0
02-17 20:25:22.791  9411  9411 D wpa_supplicant: wlan0: nl80211: Scan trigger
02-17 20:25:22.791  9411  9411 D wpa_supplicant: wlan0: Event SCAN_STARTED (47) received
02-17 20:25:22.791  9411  9411 D wpa_supplicant: wlan0: Own scan request started a scan in 0.000467 seconds
02-17 20:25:23.534  2455  9668 D NetlinkSocketObserver: NeighborEvent{elapsedMs=11614419, fe80::8e3:41ff:feda:e720, [0AE341DAE720], RTM_NEWNEIGH, NUD_STALE}
02-17 20:25:23.889  9411  9411 D wpa_supplicant: nl80211: Drv Event 34 (NL80211_CMD_NEW_SCAN_RESULTS) received for wlan0
02-17 20:25:23.889  9411  9411 D wpa_supplicant: wlan0: nl80211: New scan results available
02-17 20:25:23.889  9411  9411 D wpa_supplicant: nl80211: Scan included frequencies: 2412 2417 2422 2427 2432 2437 2442 2447 2452 2457 2462 2467 2472 5180 5200 5220 5240 5260 5280 5300 5320 5745 5765 5785 5805 5825
02-17 20:25:23.889  9411  9411 D wpa_supplicant: wlan0: Event SCAN_RESULTS (3) received
02-17 20:25:23.890  9411  9411 I wpa_supplicant: Got an original EVENT_SCAN_RESULTS
02-17 20:25:23.890  9411  9411 D wpa_supplicant: wlan0: Scan completed in 1.098443 seconds
02-17 20:25:23.890  9411  9411 D wpa_supplicant: nl80211: Associated on 2472 MHz
02-17 20:25:23.890  9411  9411 D wpa_supplicant: nl80211: Associated with 0a:e3:41:da:e7:20
02-17 20:25:23.890  9411  9411 D wpa_supplicant: nl80211: Received scan results (4 BSSes)
02-17 20:25:23.895  2455  2475 D Tethering: interfaceLinkStateChanged wlan0, true
02-17 20:25:23.896  2455  2475 D Tethering: interfaceStatusChanged wlan0, true
02-17 20:25:23.901  9411  9411 D wpa_supplicant: nl80211: Scan results indicate BSS status with 0a:e3:41:da:e7:20 as associated
02-17 20:25:23.901  9411  9411 D wpa_supplicant: wlan0: BSS: Start scan result update 288
02-17 20:25:23.901  9411  9411 D wpa_supplicant: BSS: last_scan_res_used=4/32
02-17 20:25:23.901  9411  9411 D wpa_supplicant: wlan0: Scan-only results received
02-17 20:25:23.909  9411  9411 D wpa_supplicant: wlan0: Radio work 'scan'@0xb82eb568 done in 1.121188 seconds
02-17 20:25:23.910  9411  9411 D wpa_supplicant: Wireless event: cmd=0x8b19 len=8
02-17 20:25:23.910  9411  9411 D wpa_supplicant: RTM_NEWLINK: ifi_index=26 ifname=wlan0 wext ifi_family=0 ifi_flags=0x11043 ([UP][RUNNING][LOWER_UP])
02-17 20:25:23.912  2455  3471 D WifiStateMachine: [MLHD] enter handleMediaLinkEvent SupplicantStartedState
02-17 20:25:23.912  9411  9411 D wpa_supplicant: wlan0: Control interface command 'LIST_DONGLES'
02-17 20:25:23.919  2455  3471 W ContextImpl: Calling a method in the system process without a qualified user: android.app.ContextImpl.sendBroadcast:771 com.android.server.wifi.WifiStateMachine.sendDongleScanResultsAvailableBroadcast:14355 com.android.server.wifi.WifiStateMachine.handleMediaLinkEvent:14523 com.android.server.wifi.WifiStateMachine.access$2700:257 com.android.server.wifi.WifiStateMachine$SupplicantStartedState.processMessage:8447 
02-17 20:25:23.928  2455  3478 D WirelessDisplayService: getDiscoveryDongleList
02-17 20:25:23.952  2455  3471 D WifiConfigStore: "ChinaNet_CW"NONE- skip by invalid rssi
02-17 20:25:23.952  2455  3471 D WifiConfigStore: "ChinaNet_HomeCW"NONE- skip by invalid rssi
02-17 20:25:23.952  2455  3471 D WifiConfigStore: "ChinaNet"NONE- skip by invalid rssi
02-17 20:25:23.952  9411  9411 D wpa_supplicant: EAPOL: EAP Session-Id not available
02-17 20:25:23.960  2455  3478 D WirelessDisplayService: getDiscoveryDongleList
02-17 20:25:23.961  4006  4006 D WifiManager: getScanResults: Base Package Name=com.google.android.gms, uid=10141
02-17 20:25:23.962 25961 32083 D WifiManager: getScanResults: Base Package Name=com.tencent.mtt, uid=10135
02-17 20:25:23.965  2455  4375 E WifiService: Permission denial: Need ACCESS_COARSE_LOCATION or ACCESS_FINE_LOCATION permission to get scan results
02-17 20:25:23.972  4115 12111 D PhoneInterfaceManager: [PhoneIntfMgr] getCellLocation: returning null; mode != allowed
02-17 20:25:23.973  2455  4175 D PMS     : acquireWL(6cc546a): PARTIAL_WAKE_LOCK  NlpWakeLock 0x1 4006 10141 WorkSource{10141 com.google.android.gms}
02-17 20:25:23.978  2455  4370 D LocationManagerService: getLastLocation: Request[POWER_LOW network requested=0 fastest=0 num=1]
02-17 20:25:23.978  2455  4370 D LocationManagerService: not returning last loc for no op app: com.tencent.mtt
02-17 20:25:23.981  2455  4190 D PMS     : acquireWL(ab46d5b): PARTIAL_WAKE_LOCK  CMWakeLock 0x1 4006 10141 WorkSource{10141 com.google.android.gms}
02-17 20:25:23.982  4006  5217 D WifiManager: getScanResults: Base Package Name=com.google.android.gms, uid=10141
02-17 20:25:23.986  2455  3538 D PMS     : releaseWL(6cc546a): PARTIAL_WAKE_LOCK  NlpWakeLock 0x1 WorkSource{10141 com.google.android.gms}
02-17 20:25:23.989  3999  3999 D WifiManager: getScanResults: Base Package Name=android.htc.china.location.service, uid=10001
02-17 20:25:23.992  3999  3999 D WifiManager: getScanResults: Base Package Name=android.htc.china.location.service, uid=10001
02-17 20:25:23.999  2455  4136 D PMS     : releaseWL(ab46d5b): PARTIAL_WAKE_LOCK  CMWakeLock 0x1 WorkSource{10141 com.google.android.gms}
02-17 20:25:30.789  2455  4175 D WifiDisplayAdapter: getWifiDisplayStatusLocked: result=WifiDisplayStatus{featureState=2, scanState=0, activeDisplayState=0, activeDisplay=null, displays=[], sessionInfo=WifiDisplaySessionInfo:
02-17 20:25:30.789  2455  4175 D WifiDisplayAdapter:     Client/Owner: Client
02-17 20:25:30.789  2455  4175 D WifiDisplayAdapter:     GroupId: 
02-17 20:25:30.789  2455  4175 D WifiDisplayAdapter:     Passphrase: 
02-17 20:25:30.789  2455  4175 D WifiDisplayAdapter:     SessionId: 0
02-17 20:25:30.789  2455  4175 D WifiDisplayAdapter:     IP Address: }
02-17 20:25:30.789  2455  4175 D WirelessDisplayService: getMirrorDisplayStatus:falsecurState:1
02-17 20:25:30.789  2455  4175 D WifiStateMachine: startScan Pid: 25961 Uid 10135
02-17 20:25:30.798  9411  9411 D wpa_supplicant: wlan0: Control interface command 'SCAN TYPE=ONLY'
02-17 20:25:30.799  9411  9411 D wpa_supplicant: wlan0: Setting scan request: 0.000000 sec
02-17 20:25:30.799  9411  9411 I wpa_supplicant: wpa_supplicant_scan enter
02-17 20:25:30.799  9411  9411 D wpa_supplicant: wlan0: Starting AP scan for wildcard SSID
02-17 20:25:30.799  9411  9411 D wpa_supplicant: WPS: Building WPS IE for Probe Request
02-17 20:25:30.799  9411  9411 D wpa_supplicant: WPS:  * Version (hardcoded 0x10)
02-17 20:25:30.799  9411  9411 D wpa_supplicant: WPS:  * Request Type
02-17 20:25:30.799  9411  9411 D wpa_supplicant: WPS:  * Config Methods (4288)
02-17 20:25:30.800  9411  9411 D wpa_supplicant: WPS:  * UUID-E
02-17 20:25:30.800  9411  9411 D wpa_supplicant: WPS:  * Primary Device Type
02-17 20:25:30.800  9411  9411 D wpa_supplicant: WPS:  * RF Bands (3)
02-17 20:25:30.800  9411  9411 D wpa_supplicant: WPS:  * Association State
02-17 20:25:30.800  9411  9411 D wpa_supplicant: WPS:  * Configuration Error (0)
02-17 20:25:30.800  9411  9411 D wpa_supplicant: WPS:  * Device Password ID (0)
02-17 20:25:30.800  9411  9411 D wpa_supplicant: WPS:  * Manufacturer
02-17 20:25:30.800  9411  9411 D wpa_supplicant: WPS:  * Model Name
02-17 20:25:30.800  9411  9411 D wpa_supplicant: WPS:  * Model Number
02-17 20:25:30.800  9411  9411 D wpa_supplicant: WPS:  * Device Name
02-17 20:25:30.800  9411  9411 D wpa_supplicant: WPS:  * Version2 (0x20)
02-17 20:25:30.800  9411  9411 D wpa_supplicant: P2P: * P2P IE header
02-17 20:25:30.800  9411  9411 D wpa_supplicant: P2P: * Capability dev=25 group=00
02-17 20:25:30.801  9411  9411 D wpa_supplicant: P2P: * Listen Channel: Regulatory Class 81 Channel 11
02-17 20:25:30.801  9411  9411 D wpa_supplicant: wlan0: Add radio work 'scan'@0xb82eb568
02-17 20:25:30.801  9411  9411 D wpa_supplicant: wlan0: First radio work item in the queue - schedule start immediately
02-17 20:25:30.801  9411  9411 D wpa_supplicant: wlan0: Starting radio work 'scan'@0xb82eb568 after 0.000242 second wait
02-17 20:25:30.801  9411  9411 D wpa_supplicant: wlan0: nl80211: scan request
02-17 20:25:30.806  9411  9411 D wpa_supplicant: Scan requested (ret=0) - scan timeout 30 seconds
02-17 20:25:30.806  9411  9411 D wpa_supplicant: nl80211: Drv Event 33 (NL80211_CMD_TRIGGER_SCAN) received for wlan0
02-17 20:25:30.806  9411  9411 D wpa_supplicant: wlan0: nl80211: Scan trigger
02-17 20:25:30.806  9411  9411 D wpa_supplicant: wlan0: Event SCAN_STARTED (47) received
02-17 20:25:30.806  9411  9411 D wpa_supplicant: wlan0: Own scan request started a scan in 0.000484 seconds
02-17 20:25:31.957  9411  9411 D wpa_supplicant: nl80211: Drv Event 34 (NL80211_CMD_NEW_SCAN_RESULTS) received for wlan0
02-17 20:25:31.957  9411  9411 D wpa_supplicant: wlan0: nl80211: New scan results available
02-17 20:25:31.958  9411  9411 D wpa_supplicant: nl80211: Scan included frequencies: 2412 2417 2422 2427 2432 2437 2442 2447 2452 2457 2462 2467 2472 5180 5200 5220 5240 5260 5280 5300 5320 5745 5765 5785 5805 5825
02-17 20:25:31.958  9411  9411 D wpa_supplicant: wlan0: Event SCAN_RESULTS (3) received
02-17 20:25:31.958  9411  9411 I wpa_supplicant: Got an original EVENT_SCAN_RESULTS
02-17 20:25:31.958  9411  9411 D wpa_supplicant: wlan0: Scan completed in 1.151859 seconds
02-17 20:25:31.958  9411  9411 D wpa_supplicant: nl80211: Associated on 2472 MHz
02-17 20:25:31.958  9411  9411 D wpa_supplicant: nl80211: Associated with 0a:e3:41:da:e7:20
02-17 20:25:31.959  9411  9411 D wpa_supplicant: nl80211: Received scan results (4 BSSes)
02-17 20:25:31.968  2455  2475 D Tethering: interfaceLinkStateChanged wlan0, true
02-17 20:25:31.968  2455  2475 D Tethering: interfaceStatusChanged wlan0, true
02-17 20:25:31.972  9411  9411 D wpa_supplicant: nl80211: Scan results indicate BSS status with 0a:e3:41:da:e7:20 as associated
02-17 20:25:31.972  9411  9411 D wpa_supplicant: wlan0: BSS: Start scan result update 289
02-17 20:25:31.973  9411  9411 D wpa_supplicant: BSS: Remove ID 84 BSSID c4:04:7b:54:a9:9a SSID 'ChinaNet-jLXU' due to no match in scan
02-17 20:25:31.973  9411  9411 D wpa_supplicant: BSS: Remove ID 82 BSSID 84:1c:70:f8:50:90 SSID 'ChinaNet-Rrd6' due to no match in scan
02-17 20:25:31.973  9411  9411 D wpa_supplicant: BSS: last_scan_res_used=4/32
02-17 20:25:31.974  9411  9411 D wpa_supplicant: wlan0: Scan-only results received
02-17 20:25:31.981  2455  3471 D WifiStateMachine: [MLHD] enter handleMediaLinkEvent SupplicantStartedState
02-17 20:25:31.981  9411  9411 D wpa_supplicant: wlan0: Radio work 'scan'@0xb82eb568 done in 1.180098 seconds
02-17 20:25:31.981  9411  9411 D wpa_supplicant: wlan0: Control interface command 'LIST_DONGLES'
02-17 20:25:31.982  9411  9411 D wpa_supplicant: Wireless event: cmd=0x8b19 len=8
02-17 20:25:31.982  9411  9411 D wpa_supplicant: RTM_NEWLINK: ifi_index=26 ifname=wlan0 wext ifi_family=0 ifi_flags=0x11043 ([UP][RUNNING][LOWER_UP])
02-17 20:25:31.995  2455  3471 W ContextImpl: Calling a method in the system process without a qualified user: android.app.ContextImpl.sendBroadcast:771 com.android.server.wifi.WifiStateMachine.sendDongleScanResultsAvailableBroadcast:14355 com.android.server.wifi.WifiStateMachine.handleMediaLinkEvent:14523 com.android.server.wifi.WifiStateMachine.access$2700:257 com.android.server.wifi.WifiStateMachine$SupplicantStartedState.processMessage:8447 
02-17 20:25:31.998  2455  3478 D WirelessDisplayService: getDiscoveryDongleList
02-17 20:25:32.027  2455  3471 D WifiConfigStore: "ChinaNet_CW"NONE- skip by invalid rssi
02-17 20:25:32.027  2455  3471 D WifiConfigStore: "ChinaNet_HomeCW"NONE- skip by invalid rssi
02-17 20:25:32.028  2455  3471 D WifiConfigStore: "ChinaNet"NONE- skip by invalid rssi
02-17 20:25:32.029  9411  9411 D wpa_supplicant: EAPOL: EAP Session-Id not available
02-17 20:25:32.045  2455  3478 D WirelessDisplayService: getDiscoveryDongleList
02-17 20:25:32.052  4006  4006 D WifiManager: getScanResults: Base Package Name=com.google.android.gms, uid=10141
02-17 20:25:32.057  2455  4145 D PMS     : acquireWL(78679f8): PARTIAL_WAKE_LOCK  NlpWakeLock 0x1 4006 10141 WorkSource{10141 com.google.android.gms}
02-17 20:25:32.066 25961 32083 D WifiManager: getScanResults: Base Package Name=com.tencent.mtt, uid=10135
02-17 20:25:32.067  2455  4136 E WifiService: Permission denial: Need ACCESS_COARSE_LOCATION or ACCESS_FINE_LOCATION permission to get scan results
02-17 20:25:32.068  4115 12119 D PhoneInterfaceManager: [PhoneIntfMgr] getCellLocation: returning null; mode != allowed
02-17 20:25:32.074  2455  3548 D LocationManagerService: getLastLocation: Request[POWER_LOW network requested=0 fastest=0 num=1]
02-17 20:25:32.074  2455  3548 D LocationManagerService: not returning last loc for no op app: com.tencent.mtt
02-17 20:25:32.077  2455  4121 D PMS     : acquireWL(b3baed1): PARTIAL_WAKE_LOCK  CMWakeLock 0x1 4006 10141 WorkSource{10141 com.google.android.gms}
02-17 20:25:32.078  4006  5217 D WifiManager: getScanResults: Base Package Name=com.google.android.gms, uid=10141
02-17 20:25:32.080  2455  4373 D PMS     : releaseWL(78679f8): PARTIAL_WAKE_LOCK  NlpWakeLock 0x1 WorkSource{10141 com.google.android.gms}
02-17 20:25:32.083  3999  3999 D WifiManager: getScanResults: Base Package Name=android.htc.china.location.service, uid=10001
02-17 20:25:32.086  3999  3999 D WifiManager: getScanResults: Base Package Name=android.htc.china.location.service, uid=10001
02-17 20:25:32.098  2455  4190 D PMS     : releaseWL(b3baed1): PARTIAL_WAKE_LOCK  CMWakeLock 0x1 WorkSource{10141 com.google.android.gms}
02-17 20:25:32.774  2455  9668 D NetlinkSocketObserver: NeighborEvent{elapsedMs=11623659, 2408:84fb:213:e352::91, [0AE341DAE720], RTM_NEWNEIGH, NUD_STALE}
02-17 20:25:32.965  3549  4269 I IntentController: receive(android.provider.Telephony.SPN_STRINGS_UPDATED,1,false)
02-17 20:25:32.975  2455  2455 D PMS     : acquireWL(e534d36): PARTIAL_WAKE_LOCK  GpsLocationProvider 0x1 2455 1000 null
02-17 20:25:33.016  3549  3549 D NetworkController: onReceive: ACTION_SUBINFO_RECORD_UPDATED
02-17 20:25:33.017  3549  3549 D SignalClusterView: vpn: GONE
02-17 20:25:33.018  3549  3549 D SignalClusterView: wifi=V,stat_sys_wifi_signal_inandout_4 air=G,stat_sys_signal_flightmode data[0]=G,(null) sig[0]=V,stat_sys_no_sim_ct data[1]=G,(null) sig[1]=V,stat_sys_no_sim_ct
02-17 20:25:33.018  3549  3549 D SignalClusterView: vpn: GONE
02-17 20:25:33.018  3549  3549 D SignalClusterView: wifi=V,stat_sys_wifi_signal_inandout_4 air=G,stat_sys_signal_flightmode data[0]=G,(null) sig[0]=V,stat_sys_no_sim_ct data[1]=G,(null) sig[1]=V,stat_sys_no_sim_ct
02-17 20:25:33.018  3549  3549 D CarrierLabel: Action : android.provider.Telephony.SPN_STRINGS_UPDATED
02-17 20:25:33.018  3549  3549 D CarrierLabel: Phone slot = 0
02-17 20:25:33.018  3549  3549 D CarrierLabel: update slot 0, showSpn = false, Spn = , showPlmn = true, Plmn = null
02-17 20:25:33.021  2455  2455 D WifiService: @onServiceStateChanged: 1 1 voice home data home null null null null null null  Unknown Unknown CSS not supported 0 0 RoamInd=1 DefRoamInd=0 EmergOnly=false IsDataRoamingFromRegistration=falseEriInd= 1EriMode= 0RadioPowerSv: false EmergOnly=false PhoneType: 2 IMSRegState: -1
02-17 20:25:33.021  2455  2455 D HtcASN_1.1: onServiceStateChanged...
02-17 20:25:33.024  2455  2455 D HtcASN_1.1: Keep  0: type=Wi-Fi mSimExist=false mFlightMode=false HtcLevel=null
02-17 20:25:33.032  3549  4269 I IntentController: receive(android.intent.action.SERVICE_STATE,2,false)
02-17 20:25:33.040  3549  3549 D NetworkController: [SrvState][0][SubId:-2][CDMA] 1 1 voice home data home null null null null null null  Unknown Unknown CSS not supported 0 0 RoamInd=1 DefRoamInd=0 EmergOnly=false IsDataRoamingFromRegistration=falseEriInd= 1EriMode= 0RadioPowerSv: false EmergOnly=false PhoneType: 2 IMSRegState: -1
02-17 20:25:33.040  3549  3549 D SignalClusterView: vpn: GONE
02-17 20:25:33.040  3549  3549 D SignalClusterView: wifi=V,stat_sys_wifi_signal_inandout_4 air=G,stat_sys_signal_flightmode data[0]=G,(null) sig[0]=V,stat_sys_no_sim_ct data[1]=G,(null) sig[1]=V,stat_sys_no_sim_ct
02-17 20:25:33.040  3549  3549 D SignalClusterView: vpn: GONE
02-17 20:25:33.041  3549  3549 D SignalClusterView: wifi=V,stat_sys_wifi_signal_inandout_4 air=G,stat_sys_signal_flightmode data[0]=G,(null) sig[0]=V,stat_sys_no_sim_ct data[1]=G,(null) sig[1]=V,stat_sys_no_sim_ct
02-17 20:25:33.050  4115  4115 W PhoneInterfaceManager: ************* getPhone is null , using mPhone instead ************ subId = -1
02-17 20:25:33.054  4115  4153 D PhoneInterfaceManager: [PhoneIntfMgr] getCellLocation: returning null; mode != allowed
02-17 20:25:33.058  4115  4115 I PhoneUtils: ============== debugSubIds getSlotIdFromIntent() slotId: 0
02-17 20:25:33.059  4115  4115 D PhoneApp: onReceive() spn string updated, slotId=0, subId=-2, spn=, plmn=null
02-17 20:25:33.059  4115  4115 I PhoneUtils: ============== debugSubIds getSlotIdFromIntent() slotId: 0
02-17 20:25:33.067  4115  4115 I Telephony: PstnIncomingCallNotifier: Unregistering: Handler (com.android.internal.telephony.cdma.CDMALTEPhone) {e77b278}
02-17 20:25:33.069  4115  4115 E PhoneInterfaceManager: [PhoneIntfMgr] getIccId: ICC ID is null or empty.
02-17 20:25:33.077  2455  4373 I Telecom : PhoneAccountRegistrar: [ComponentInfo{com.android.phone/com.android.services.telephony.TelephonyConnectionService}, [e0184adedf913b076626646d3f52c3b49c39ad6d], UserHandle{0}(icon: Icon(typ=BITMAP size=57x72) -> Icon(typ=BITMAP size=57x72))]
02-17 20:25:33.079  2455  4373 I Telecom : : Sending phone-account intent as user
02-17 20:25:33.080  4115  4115 I Telephony: AccountEntry: Registered phoneAccount: [[ ] PhoneAccount: ComponentInfo{com.android.phone/com.android.services.telephony.TelephonyConnectionService}, [e0184adedf913b076626646d3f52c3b49c39ad6d], UserHandle{0} Capabilities: 54 Schemes: tel voicemail ] with handle: ComponentInfo{com.android.phone/com.android.services.telephony.TelephonyConnectionService}, [e0184adedf913b076626646d3f52c3b49c39ad6d], UserHandle{0}
02-17 20:25:33.080  4115  4115 I Telephony: PstnIncomingCallNotifier: Registering: Handler (com.android.internal.telephony.cdma.CDMALTEPhone) {e77b278}
02-17 20:25:33.082  3549  3549 D CarrierLabel: Action : android.intent.action.SERVICE_STATE
02-17 20:25:33.083  3549  3549 D CarrierLabel: slot = 0
02-17 20:25:33.083  3549  3549 D CarrierLabel: update slot 0, service state = 1
02-17 20:25:33.085  3549  3549 I QuickSettingAPN: receive:android.intent.action.SERVICE_STATE radio:RADIO_UNKNOWN
02-17 20:25:33.086  2455  2466 W Telecom : : No account found for the calling user
02-17 20:25:33.086  4115  4115 I Telephony: TelecomAccountRegistry: the defaultPhoneAccount:null
02-17 20:25:33.086  4115  4115 D PhoneApp: debug subs ACTION_SUBINFO_RECORD_UPDATED
02-17 20:25:33.086  3549  3549 I QuickSettingAPN: updateAPNstate:1 isCTsim:false isAirplaneOn:false
02-17 20:25:33.086  3549  3549 I QuickSettingAPN: isLTENetwork result:false
02-17 20:25:33.086  3549  3549 I QuickSettingAPN: isLTENetwork result:false
02-17 20:25:33.086  3549  3549 I QuickSettingAPN: isLTENetwork result:false
02-17 20:25:33.087  4115  4115 D PhoneUtils: =====> updateSubIds() subId_1=>-2, subId_2=>-3, detectStatus: 
02-17 20:25:33.087  4115  4115 D PhoneUtils: updateSubIds() before subId_1=>-2, subId_2=>-3
02-17 20:25:33.088  3549  3549 I QuickSettingAPN: updateVisibility(true,false)
02-17 20:25:33.088  3549  3549 I QuickSettingAPN: updateAPNVisual:MODE_NONE roaming:false isLTE:false
02-17 20:25:33.088  4115  4115 D PhoneUtils: updateSubIds() iccState= ,subId=-2, slotId=0, slotFromSubId=0
02-17 20:25:33.089  4115  4115 D PhoneUtils: updateSubIds() after subId_1=>-2, subId_2=>-3
02-17 20:25:33.089  4115  4115 D PhoneUtils: updateSubIds() before subId_1=>-2, subId_2=>-3
02-17 20:25:33.090  4115  4115 D PhoneUtils: updateSubIds() iccState= ,subId=-3, slotId=1, slotFromSubId=1
02-17 20:25:33.090  4115  4115 D PhoneUtils: updateSubIds() after subId_1=>-2, subId_2=>-3
02-17 20:25:33.090  4115  4115 D WorldPhoneModeSelection: checkNoService, ServiceState=1; mNeedtoCheck:true
02-17 20:25:33.090  4115  4115 W Settings: Setting preferred_network_mode has moved from android.provider.Settings.Secure to android.provider.Settings.Global.
02-17 20:25:33.090  4115  4115 D WorldPhoneModeSelection: GLOBAL mode, don't need to check no service
02-17 20:25:33.093 20271 21671 V Settings:HtcAirplaneModeWidgetEnabler: Dualmode device.
02-17 20:25:33.093 20271 21671 V Settings:HtcAirplaneModeWidgetEnabler: onServiceStateChangedExt - subId:-2, state: STATE_OUT_OF_SERVICE
02-17 20:25:33.093 20313 20313 D MdScPhnSt: [89e.1.2.]  listen, callback - (remain -) tmrbb8
02-17 20:25:33.094 19458 19458 I Finsky  : [1] hca.onSubscriptionsChanged(1): onSubscriptionsChanged
02-17 20:25:33.094  4115  4115 I PhoneUtils: ============== debugSubIds getSlotIdFromIntent() slotId: 0
02-17 20:25:33.094 15546 15546 V IccIntentReceiver: IccIntent: android.intent.action.ACTION_SUBINFO_RECORD_UPDATED icc state: null icc slot: 0
02-17 20:25:33.094  4115  4115 I PhoneUtils: ============== debugSubIds getSlotIdFromIntent() slotId: 0
02-17 20:25:33.094  4115  4115 D PhoneApp: htc_key_enable_mccmnc46003_solution_for_agps enabled: true
02-17 20:25:33.096  2455  2472 D GpsLocationProvider: [handleMessage] SUBSCRIPTION_OR_SIM_CHANGED
02-17 20:25:33.096  2455  2472 D GpsLocationProvider: received SIM related action: 
02-17 20:25:33.099 10835 32281 D AutoSetting: receiver - intent: android.intent.action.SERVICE_STATE
02-17 20:25:33.100  4115  4115 D PhoneApp: mccMnc = NULL 
02-17 20:25:33.100  4115  4115 D PhoneApp: [TDD only]slot:0,phoneType:2
02-17 20:25:33.100  4115  4115 D PhoneApp: [TDD only]slot1ServiceState:1 1 voice home data home null null null null null null  Unknown Unknown CSS not supported 0 0 RoamInd=1 DefRoamInd=0 EmergOnly=false IsDataRoamingFromRegistration=falseEriInd= 1EriMode= 0RadioPowerSv: false EmergOnly=false PhoneType: 2 IMSRegState: -1
02-17 20:25:33.100  4115  4115 D LteDataOnlyCheckBoxPreference: slot1ServiceStateIsRoaming:slot1PhoneType:2,data_reg:1,voice_reg:1,slot1ss.getRoaming():false,slot1ss.getCdmaEriIconIndex():1,result:false
02-17 20:25:33.100  4115  4115 D PhoneApp: [TDD only]isSlot1Roaming:false,isTddOnlyMode:false
02-17 20:25:33.102 10835 10835 D HtcNLPSwitchReceiver: onReceive(): android.intent.action.SERVICE_STATE
02-17 20:25:33.105 20271 21671 V Settings:HtcAirplaneModeWidgetEnabler: onServiceStateChangedExt - to update the airplane mode UI.
02-17 20:25:33.105 20271 21671 V Settings:HtcAirplaneModeWidgetEnabler: onAirplaneModeChanged
02-17 20:25:33.105 20271 21671 V Settings:HtcAirplaneModeWidgetEnabler: syncState! flightMode: false
02-17 20:25:33.106 20271 21671 V Settings:HtcAirplaneModeWidgetEnabler: FlyModeBlockRecover: init gray out timestamp as -1
02-17 20:25:33.107  4115  4115 D HtcTelephonyInternal: CMD_GET_ALL_IMSI
02-17 20:25:33.108  4115  4115 D PhoneApp: updateServiceState isDataRoaming: false
02-17 20:25:33.108  4115  4115 E VoLteGlobals: No VoLteGlobals here!
02-17 20:25:33.108  4115  4115 D PhoneApp: underChinaArea: null
02-17 20:25:33.110  2455  2472 D GpsLocationProvider: SIM MCC/MNC is still not available
02-17 20:25:33.110  2455  2472 D PMS     : releaseWL(e534d36): PARTIAL_WAKE_LOCK  GpsLocationProvider 0x1 null
02-17 20:25:33.117 10835 32281 D LOG     : AutoSettingReceiver:android.intent.action.SERVICE_STATE
02-17 20:25:33.117 10835 32281 W Settings: Setting device_provisioned has moved from android.provider.Settings.System to android.provider.Settings.Global, returning read-only value.
02-17 20:25:33.118  4115  4115 W Settings: Setting preferred_network_mode has moved from android.provider.Settings.Secure to android.provider.Settings.Global.
02-17 20:25:33.122  4115  5029 D PhoneInterfaceManager: [PhoneIntfMgr] getCellLocation: returning null; mode != allowed
02-17 20:25:33.152  2455  4145 W BroadcastQueue: Permission Denial: receiving Intent { act=android.telecom.action.PHONE_ACCOUNT_REGISTERED flg=0x10 (has extras) } to com.android.providers.contacts/.PhoneAccountRegistrationReceiver requires android.permission.PROCESS_PHONE_ACCOUNT_REGISTRATION due to sender android (uid 1000)
02-17 20:25:33.152 10835 32292 D HtcNLPSwitchReceiver: Not in service, state: 1
02-17 20:25:33.178  4115  4157 W PhoneInterfaceManager: ************* getPhone is null , using mPhone instead ************ subId = -1
02-17 20:25:33.180  4115  4743 W PhoneInterfaceManager: ************* getPhone is null , using mPhone instead ************ subId = -1
02-17 20:25:33.220  4115  4153 D PhoneInterfaceManager: [PhoneIntfMgr] hasIccCardUsingSlotId, sub: -2, result: false
02-17 20:25:33.222  4115 12119 W PhoneInterfaceManager: ************* getPhone is null , using mPhone instead ************ subId = -1
02-17 20:25:33.224  4115  5029 W PhoneInterfaceManager: ************* getPhone is null , using mPhone instead ************ subId = -1
02-17 20:25:33.224 20313 32272 D MdScSimQry: [89e.1.1.2.] query s2 (0.-)10::: [23mi] <null1:null>, in 129ms
02-17 20:25:33.235  4115  4931 W PhoneInterfaceManager: ************* getPhone is null , using mPhone instead ************ subId = -1
02-17 20:25:33.240 20313 32272 D MdScSimHis: [89e.1.1.2.4.] update 2(1)1+10::::@xc8467 -> "857-+810::::" "858(0)1+10::::@xb15eaa" 2(1)1+10::::@xc8467, in 14ms(r8+6)
02-17 20:25:33.276 20313 32272 D TelephonyManager: getDataEnabled: retVal=true
02-17 20:25:38.804  2455  4370 D WifiDisplayAdapter: getWifiDisplayStatusLocked: result=WifiDisplayStatus{featureState=2, scanState=0, activeDisplayState=0, activeDisplay=null, displays=[], sessionInfo=WifiDisplaySessionInfo:
02-17 20:25:38.804  2455  4370 D WifiDisplayAdapter:     Client/Owner: Client
02-17 20:25:38.804  2455  4370 D WifiDisplayAdapter:     GroupId: 
02-17 20:25:38.804  2455  4370 D WifiDisplayAdapter:     Passphrase: 
02-17 20:25:38.804  2455  4370 D WifiDisplayAdapter:     SessionId: 0
02-17 20:25:38.804  2455  4370 D WifiDisplayAdapter:     IP Address: }
02-17 20:25:38.804  2455  4370 D WirelessDisplayService: getMirrorDisplayStatus:falsecurState:1
02-17 20:25:38.804  2455  4370 D WifiStateMachine: startScan Pid: 25961 Uid 10135
02-17 20:25:38.810  9411  9411 D wpa_supplicant: wlan0: Control interface command 'SCAN TYPE=ONLY'
02-17 20:25:38.811  9411  9411 D wpa_supplicant: wlan0: Setting scan request: 0.000000 sec
02-17 20:25:38.811  9411  9411 I wpa_supplicant: wpa_supplicant_scan enter
02-17 20:25:38.811  9411  9411 D wpa_supplicant: wlan0: Starting AP scan for wildcard SSID
02-17 20:25:38.811  9411  9411 D wpa_supplicant: WPS: Building WPS IE for Probe Request
02-17 20:25:38.811  9411  9411 D wpa_supplicant: WPS:  * Version (hardcoded 0x10)
02-17 20:25:38.811  9411  9411 D wpa_supplicant: WPS:  * Request Type
02-17 20:25:38.811  9411  9411 D wpa_supplicant: WPS:  * Config Methods (4288)
02-17 20:25:38.811  9411  9411 D wpa_supplicant: WPS:  * UUID-E
02-17 20:25:38.812  9411  9411 D wpa_supplicant: WPS:  * Primary Device Type
02-17 20:25:38.812  9411  9411 D wpa_supplicant: WPS:  * RF Bands (3)
02-17 20:25:38.812  9411  9411 D wpa_supplicant: WPS:  * Association State
02-17 20:25:38.812  9411  9411 D wpa_supplicant: WPS:  * Configuration Error (0)
02-17 20:25:38.812  9411  9411 D wpa_supplicant: WPS:  * Device Password ID (0)
02-17 20:25:38.812  9411  9411 D wpa_supplicant: WPS:  * Manufacturer
02-17 20:25:38.812  9411  9411 D wpa_supplicant: WPS:  * Model Name
02-17 20:25:38.812  9411  9411 D wpa_supplicant: WPS:  * Model Number
02-17 20:25:38.812  9411  9411 D wpa_supplicant: WPS:  * Device Name
02-17 20:25:38.812  9411  9411 D wpa_supplicant: WPS:  * Version2 (0x20)
02-17 20:25:38.812  9411  9411 D wpa_supplicant: P2P: * P2P IE header
02-17 20:25:38.812  9411  9411 D wpa_supplicant: P2P: * Capability dev=25 group=00
02-17 20:25:38.812  9411  9411 D wpa_supplicant: P2P: * Listen Channel: Regulatory Class 81 Channel 11
02-17 20:25:38.813  9411  9411 D wpa_supplicant: wlan0: Add radio work 'scan'@0xb82eb738
02-17 20:25:38.813  9411  9411 D wpa_supplicant: wlan0: First radio work item in the queue - schedule start immediately
02-17 20:25:38.815  9411  9411 D wpa_supplicant: wlan0: Starting radio work 'scan'@0xb82eb738 after 0.002656 second wait
02-17 20:25:38.815  9411  9411 D wpa_supplicant: wlan0: nl80211: scan request
02-17 20:25:38.825  9411  9411 D wpa_supplicant: Scan requested (ret=0) - scan timeout 30 seconds
02-17 20:25:38.825  9411  9411 D wpa_supplicant: nl80211: Drv Event 33 (NL80211_CMD_TRIGGER_SCAN) received for wlan0
02-17 20:25:38.825  9411  9411 D wpa_supplicant: wlan0: nl80211: Scan trigger
02-17 20:25:38.825  9411  9411 D wpa_supplicant: wlan0: Event SCAN_STARTED (47) received
02-17 20:25:38.826  9411  9411 D wpa_supplicant: wlan0: Own scan request started a scan in 0.000486 seconds
02-17 20:25:40.020  9411  9411 D wpa_supplicant: nl80211: Drv Event 34 (NL80211_CMD_NEW_SCAN_RESULTS) received for wlan0
02-17 20:25:40.020  9411  9411 D wpa_supplicant: wlan0: nl80211: New scan results available
02-17 20:25:40.020  9411  9411 D wpa_supplicant: nl80211: Scan included frequencies: 2412 2417 2422 2427 2432 2437 2442 2447 2452 2457 2462 2467 2472 5180 5200 5220 5240 5260 5280 5300 5320 5745 5765 5785 5805 5825
02-17 20:25:40.021  9411  9411 D wpa_supplicant: wlan0: Event SCAN_RESULTS (3) received
02-17 20:25:40.021  9411  9411 I wpa_supplicant: Got an original EVENT_SCAN_RESULTS
02-17 20:25:40.021  9411  9411 D wpa_supplicant: wlan0: Scan completed in 1.195285 seconds
02-17 20:25:40.021  9411  9411 D wpa_supplicant: nl80211: Associated on 2472 MHz
02-17 20:25:40.021  9411  9411 D wpa_supplicant: nl80211: Associated with 0a:e3:41:da:e7:20
02-17 20:25:40.022  9411  9411 D wpa_supplicant: nl80211: Received scan results (5 BSSes)
02-17 20:25:40.030  2455  2475 D Tethering: interfaceLinkStateChanged wlan0, true
02-17 20:25:40.030  2455  2475 D Tethering: interfaceStatusChanged wlan0, true
02-17 20:25:40.032  9411  9411 D wpa_supplicant: nl80211: Scan results indicate BSS status with 0a:e3:41:da:e7:20 as associated
02-17 20:25:40.032  9411  9411 D wpa_supplicant: wlan0: BSS: Start scan result update 290
02-17 20:25:40.032  9411  9411 D wpa_supplicant: BSS: last_scan_res_used=5/32
02-17 20:25:40.032  9411  9411 D wpa_supplicant: wlan0: Scan-only results received
02-17 20:25:40.042  9411  9411 D wpa_supplicant: wlan0: Radio work 'scan'@0xb82eb738 done in 1.226372 seconds
02-17 20:25:40.042  9411  9411 D wpa_supplicant: Wireless event: cmd=0x8b19 len=8
02-17 20:25:40.042  9411  9411 D wpa_supplicant: RTM_NEWLINK: ifi_index=26 ifname=wlan0 wext ifi_family=0 ifi_flags=0x11043 ([UP][RUNNING][LOWER_UP])
02-17 20:25:40.048  2455  3471 D WifiStateMachine: [MLHD] enter handleMediaLinkEvent SupplicantStartedState
02-17 20:25:40.048  9411  9411 D wpa_supplicant: wlan0: Control interface command 'LIST_DONGLES'
02-17 20:25:40.051  2455  3471 W ContextImpl: Calling a method in the system process without a qualified user: android.app.ContextImpl.sendBroadcast:771 com.android.server.wifi.WifiStateMachine.sendDongleScanResultsAvailableBroadcast:14355 com.android.server.wifi.WifiStateMachine.handleMediaLinkEvent:14523 com.android.server.wifi.WifiStateMachine.access$2700:257 com.android.server.wifi.WifiStateMachine$SupplicantStartedState.processMessage:8447 
02-17 20:25:40.058  2455  3478 D WirelessDisplayService: getDiscoveryDongleList
02-17 20:25:40.084  2455  3471 D WifiConfigStore: "ChinaNet_CW"NONE- skip by invalid rssi
02-17 20:25:40.084  2455  3471 D WifiConfigStore: "ChinaNet_HomeCW"NONE- skip by invalid rssi
02-17 20:25:40.084  2455  3471 D WifiConfigStore: "ChinaNet"NONE- skip by invalid rssi
02-17 20:25:40.085  9411  9411 D wpa_supplicant: EAPOL: EAP Session-Id not available
02-17 20:25:40.098  2455  3478 D WirelessDisplayService: getDiscoveryDongleList
02-17 20:25:40.099  4006  4006 D WifiManager: getScanResults: Base Package Name=com.google.android.gms, uid=10141
02-17 20:25:40.100 25961 32083 D WifiManager: getScanResults: Base Package Name=com.tencent.mtt, uid=10135
02-17 20:25:40.102  2455  4372 E WifiService: Permission denial: Need ACCESS_COARSE_LOCATION or ACCESS_FINE_LOCATION permission to get scan results
02-17 20:25:40.107  4115  4931 D PhoneInterfaceManager: [PhoneIntfMgr] getCellLocation: returning null; mode != allowed
02-17 20:25:40.107  2455  3649 D PMS     : acquireWL(c836ac5): PARTIAL_WAKE_LOCK  NlpWakeLock 0x1 4006 10141 WorkSource{10141 com.google.android.gms}
02-17 20:25:40.112  2455  3548 D PMS     : acquireWL(7daac1a): PARTIAL_WAKE_LOCK  CMWakeLock 0x1 4006 10141 WorkSource{10141 com.google.android.gms}
02-17 20:25:40.117  2455  3538 D LocationManagerService: getLastLocation: Request[POWER_LOW network requested=0 fastest=0 num=1]
02-17 20:25:40.117  2455  3538 D LocationManagerService: not returning last loc for no op app: com.tencent.mtt
02-17 20:25:40.118  4006  5217 D WifiManager: getScanResults: Base Package Name=com.google.android.gms, uid=10141
02-17 20:25:40.124  2455  4373 D PMS     : releaseWL(c836ac5): PARTIAL_WAKE_LOCK  NlpWakeLock 0x1 WorkSource{10141 com.google.android.gms}
02-17 20:25:40.127  3999  3999 D WifiManager: getScanResults: Base Package Name=android.htc.china.location.service, uid=10001
02-17 20:25:40.130  3999  3999 D WifiManager: getScanResults: Base Package Name=android.htc.china.location.service, uid=10001
02-17 20:25:40.134  4115  5029 W PhoneInterfaceManager: ************* getPhone is null , using mPhone instead ************ subId = -1
02-17 20:25:40.147  2455  3649 D PMS     : releaseWL(7daac1a): PARTIAL_WAKE_LOCK  CMWakeLock 0x1 WorkSource{10141 com.google.android.gms}
02-17 20:25:40.148  4115 15630 W PhoneInterfaceManager: ************* getPhone is null , using mPhone instead ************ subId = -1
02-17 20:25:40.161  4115 12119 D PhoneInterfaceManager: [PhoneIntfMgr] getAllCellInfo: info = [CellInfoWcdma:{mRegistered=YES mTimeStampType=oem_ril mTimeStamp=9246905753199ns CellIdentityWcdma:{ mMcc=xxx mMnc=xxx mLac=xxx mCid=xxx mPsc=xxx} CellSignalStrengthWcdma: ss=7 ber=99}]
02-17 20:25:40.189  4115 12119 D PhoneInterfaceManager: [PhoneIntfMgr] getAllCellInfo: info is null, ignore
02-17 20:25:40.200  4115  4743 D PhoneInterfaceManager: [PhoneIntfMgr] getCellLocation: returning null; mode != allowed
02-17 20:25:40.204 13569 13872 D WifiManager: getScanResults: Base Package Name=com.sohu.inputmethod.sogou, uid=10140
02-17 20:25:44.757  2455  4375 I LocationManagerService: remove dbfc949 Reciever[dbfc949 listener UpdateRecord[passive com.tencent.mtt(10135) Request[POWER_NONE passive fastest=+1s0ms]]]
02-17 20:25:44.759  2455  4375 D LocationManagerService: provider request: passive ProviderRequest[ON interval=0]
02-17 20:25:45.534  2455  9668 D NetlinkSocketObserver: NeighborEvent{elapsedMs=11636419, 192.168.43.1, [0AE341DAE720], RTM_NEWNEIGH, NUD_STALE}
02-17 20:25:55.666  2455  9668 D NetlinkSocketObserver: NeighborEvent{elapsedMs=11646551, 192.168.43.1, [0AE341DAE720], RTM_NEWNEIGH, NUD_PROBE}
02-17 20:26:09.709 19458 19526 E PlayCommon: [1275] aktu.c(223): Failed to connect to server: java.net.SocketTimeoutException: SSL handshake timed out
02-17 20:26:11.735  2455  9668 D NetlinkSocketObserver: NeighborEvent{elapsedMs=11662620, 192.168.43.1, [0AE341DAE720], RTM_NEWNEIGH, NUD_STALE}
02-17 20:26:15.424  2455  4373 D PMS     : acquireWL(ea7634b): PARTIAL_WAKE_LOCK  BatteryServiceUpdateStats_3 0x1 2455 1000 null
02-17 20:26:15.428  2455  4373 I BatteryService: n_update end
02-17 20:26:15.440  3549  3549 D PowerUI : closing low battery warning: level=67
02-17 20:26:15.441  3904  3904 D DotMatrix: [EventService] reorderCurrEventType, mCurrentEventType = 30, version:2.1
02-17 20:26:15.441  3904  3904 D DotMatrix: [EventService] checkEventUpdateCondition, bCheckCondition:true, mCoverOn:false,mbIsUserInForeground:true,mbIsDeviceSupportDotView:true
02-17 20:26:15.445  2455  2455 I BatteryLightController: updateBattery(plugged=true plugin=true low=false full=false health=2 status=2 timeout=false usbOverheat=false)
02-17 20:26:15.445  2455  2455 D UsbnetService: BroadcastReceiver::onReceive+
02-17 20:26:15.445  2455  2455 D UsbnetService: onReceive BATTERY_CHANGED
02-17 20:26:15.445  2455  2455 D UsbnetService:  --> pluggedType = 2, mPluggedType = 0, mScreenOff = false
02-17 20:26:15.445  2455  2455 D UsbnetService: BroadcastReceiver::onReceive-
02-17 20:26:15.446  2455  2455 I DeviceIdleController: updateChargingLocked: charging=true
02-17 20:26:15.446  2455  2455 W DeviceIdleController: becomeActiveLocked, reason = charging
02-17 20:26:15.466  4115  4115 D HtcCdmaPhoneApp: level 67 scale 100
02-17 20:26:15.474  3549  3549 I QuickSettingPowerSaver: updateEnabledState:(false,false,false)
02-17 20:26:15.474  3549  3549 I QuickSettingPowerSaverEX: batteryLevelChanged:true
02-17 20:26:15.475  3549  3549 I QuickSettingPowerSaverEX: updateEnabledState:(false,false,false)
02-17 20:26:15.475  2455  2824 D HtcPowerSaver: updateBatteryInfo
02-17 20:26:15.475  2455  2455 D PMS     : runPSCheck
02-17 20:26:15.476  2455  2455 D HtcPowerSaver: Checking...
02-17 20:26:15.476  2455  2455 I HtcPowerSaver: >> updateStatus
02-17 20:26:15.477  2455  2455 I HtcPowerSaver: << updateStatus
02-17 20:26:15.477  2455  4373 D PMS     : releaseWL(ea7634b): PARTIAL_WAKE_LOCK  BatteryServiceUpdateStats_3 0x1 null
02-17 20:26:15.486  3549  3549 I BatteryController: status:2 health:2 level:67 unsupport:false plugged:true timeout:false
02-17 20:26:18.453  3549  4269 I IntentController: receive(android.provider.Telephony.SPN_STRINGS_UPDATED,1,false)
02-17 20:26:18.462  2455  2455 D PMS     : acquireWL(4885128): PARTIAL_WAKE_LOCK  GpsLocationProvider 0x1 2455 1000 null
02-17 20:26:18.496  3549  3549 D NetworkController: onReceive: ACTION_SUBINFO_RECORD_UPDATED
02-17 20:26:18.498  3549  3549 D SignalClusterView: vpn: GONE
02-17 20:26:18.498  3549  3549 D SignalClusterView: wifi=V,stat_sys_wifi_signal_inandout_4 air=G,stat_sys_signal_flightmode data[0]=G,(null) sig[0]=V,stat_sys_no_sim_ct data[1]=G,(null) sig[1]=V,stat_sys_no_sim_ct
02-17 20:26:18.498  3549  3549 D SignalClusterView: vpn: GONE
02-17 20:26:18.498  3549  3549 D SignalClusterView: wifi=V,stat_sys_wifi_signal_inandout_4 air=G,stat_sys_signal_flightmode data[0]=G,(null) sig[0]=V,stat_sys_no_sim_ct data[1]=G,(null) sig[1]=V,stat_sys_no_sim_ct
02-17 20:26:18.501  2455  2455 D WifiService: @onServiceStateChanged: 1 1 voice home data home null null null null null null  Unknown Unknown CSS not supported 0 0 RoamInd=1 DefRoamInd=0 EmergOnly=false IsDataRoamingFromRegistration=falseEriInd= 1EriMode= 0RadioPowerSv: true EmergOnly=false PhoneType: 2 IMSRegState: -1
02-17 20:26:18.501  2455  2455 D HtcASN_1.1: onServiceStateChanged...
02-17 20:26:18.504  2455  2455 D HtcASN_1.1: Keep  0: type=Wi-Fi mSimExist=false mFlightMode=false HtcLevel=null
02-17 20:26:18.510  3549  3549 D NetworkController: [SrvState][0][SubId:-2][CDMA] 1 1 voice home data home null null null null null null  Unknown Unknown CSS not supported 0 0 RoamInd=1 DefRoamInd=0 EmergOnly=false IsDataRoamingFromRegistration=falseEriInd= 1EriMode= 0RadioPowerSv: true EmergOnly=false PhoneType: 2 IMSRegState: -1
02-17 20:26:18.510  3549  3549 D SignalClusterView: vpn: GONE
02-17 20:26:18.511  3549  3549 D SignalClusterView: wifi=V,stat_sys_wifi_signal_inandout_4 air=G,stat_sys_signal_flightmode data[0]=G,(null) sig[0]=V,stat_sys_no_sim_ct data[1]=G,(null) sig[1]=V,stat_sys_no_sim_ct
02-17 20:26:18.511  3549  3549 D SignalClusterView: vpn: GONE
02-17 20:26:18.511  3549  3549 D SignalClusterView: wifi=V,stat_sys_wifi_signal_inandout_4 air=G,stat_sys_signal_flightmode data[0]=G,(null) sig[0]=V,stat_sys_no_sim_ct data[1]=G,(null) sig[1]=V,stat_sys_no_sim_ct
02-17 20:26:18.511  3549  3549 D CarrierLabel: Action : android.provider.Telephony.SPN_STRINGS_UPDATED
02-17 20:26:18.511  3549  3549 D CarrierLabel: Phone slot = 0
02-17 20:26:18.511  3549  3549 D CarrierLabel: update slot 0, showSpn = false, Spn = , showPlmn = true, Plmn = null
02-17 20:26:18.519 20271 21671 V Settings:HtcAirplaneModeWidgetEnabler: Dualmode device.
02-17 20:26:18.519 20271 21671 V Settings:HtcAirplaneModeWidgetEnabler: onServiceStateChangedExt - subId:-2, state: STATE_OUT_OF_SERVICE
02-17 20:26:18.520 20271 21671 V Settings:HtcAirplaneModeWidgetEnabler: onServiceStateChangedExt - to update the airplane mode UI.
02-17 20:26:18.520 20271 21671 V Settings:HtcAirplaneModeWidgetEnabler: onAirplaneModeChanged
02-17 20:26:18.520 20271 21671 V Settings:HtcAirplaneModeWidgetEnabler: syncState! flightMode: false
02-17 20:26:18.520 20271 21671 V Settings:HtcAirplaneModeWidgetEnabler: FlyModeBlockRecover: init gray out timestamp as -1
02-17 20:26:18.521 15546 15546 V IccIntentReceiver: IccIntent: android.intent.action.ACTION_SUBINFO_RECORD_UPDATED icc state: null icc slot: 0
02-17 20:26:18.523 19458 19458 I Finsky  : [1] hca.onSubscriptionsChanged(1): onSubscriptionsChanged
02-17 20:26:18.526  4115  4115 W PhoneInterfaceManager: ************* getPhone is null , using mPhone instead ************ subId = -1
02-17 20:26:18.527  2455  2472 D GpsLocationProvider: [handleMessage] SUBSCRIPTION_OR_SIM_CHANGED
02-17 20:26:18.527  2455  2472 D GpsLocationProvider: received SIM related action: 
02-17 20:26:18.530  3549  4269 I IntentController: receive(android.intent.action.SERVICE_STATE,2,false)
02-17 20:26:18.531  4115  4115 I PhoneUtils: ============== debugSubIds getSlotIdFromIntent() slotId: 0
02-17 20:26:18.531  4115  4115 D PhoneApp: onReceive() spn string updated, slotId=0, subId=-2, spn=, plmn=null
02-17 20:26:18.531  4115  4115 I PhoneUtils: ============== debugSubIds getSlotIdFromIntent() slotId: 0
02-17 20:26:18.533  4115  4115 I Telephony: PstnIncomingCallNotifier: Unregistering: Handler (com.android.internal.telephony.cdma.CDMALTEPhone) {e77b278}
02-17 20:26:18.536  4115  4115 E PhoneInterfaceManager: [PhoneIntfMgr] getIccId: ICC ID is null or empty.
02-17 20:26:18.537  2455  2472 D GpsLocationProvider: SIM MCC/MNC is still not available
02-17 20:26:18.537 10835 10835 D HtcNLPSwitchReceiver: onReceive(): android.intent.action.SERVICE_STATE
02-17 20:26:18.537  2455  2472 D PMS     : releaseWL(4885128): PARTIAL_WAKE_LOCK  GpsLocationProvider 0x1 null
02-17 20:26:18.548  2455  4370 I Telecom : PhoneAccountRegistrar: [ComponentInfo{com.android.phone/com.android.services.telephony.TelephonyConnectionService}, [e0184adedf913b076626646d3f52c3b49c39ad6d], UserHandle{0}(icon: Icon(typ=BITMAP size=57x72) -> Icon(typ=BITMAP size=57x72))]
02-17 20:26:18.550  2455  4370 I Telecom : : Sending phone-account intent as user
02-17 20:26:18.553 10835 32394 D AutoSetting: receiver - intent: android.intent.action.SERVICE_STATE
02-17 20:26:18.554  4115  4115 I Telephony: AccountEntry: Registered phoneAccount: [[ ] PhoneAccount: ComponentInfo{com.android.phone/com.android.services.telephony.TelephonyConnectionService}, [e0184adedf913b076626646d3f52c3b49c39ad6d], UserHandle{0} Capabilities: 54 Schemes: tel voicemail ] with handle: ComponentInfo{com.android.phone/com.android.services.telephony.TelephonyConnectionService}, [e0184adedf913b076626646d3f52c3b49c39ad6d], UserHandle{0}
02-17 20:26:18.554  4115  4115 I Telephony: PstnIncomingCallNotifier: Registering: Handler (com.android.internal.telephony.cdma.CDMALTEPhone) {e77b278}
02-17 20:26:18.558 10835 32394 D LOG     : AutoSettingReceiver:android.intent.action.SERVICE_STATE
02-17 20:26:18.559 10835 32394 W Settings: Setting device_provisioned has moved from android.provider.Settings.System to android.provider.Settings.Global, returning read-only value.
02-17 20:26:18.559  2455  3538 W Telecom : : No account found for the calling user
02-17 20:26:18.560  4115  4115 I Telephony: TelecomAccountRegistry: the defaultPhoneAccount:null
02-17 20:26:18.560  4115  4115 D PhoneApp: debug subs ACTION_SUBINFO_RECORD_UPDATED
02-17 20:26:18.564  4115  4115 D PhoneUtils: =====> updateSubIds() subId_1=>-2, subId_2=>-3, detectStatus: 
02-17 20:26:18.564  4115  4115 D PhoneUtils: updateSubIds() before subId_1=>-2, subId_2=>-3
02-17 20:26:18.564 20313 20313 D MdScPhnSt: [fac.1.2.]  listen, callback - (remain -) tmrbb8
02-17 20:26:18.565  4115  4115 D PhoneUtils: updateSubIds() iccState= ,subId=-2, slotId=0, slotFromSubId=0
02-17 20:26:18.565  4115  4115 D PhoneUtils: updateSubIds() after subId_1=>-2, subId_2=>-3
02-17 20:26:18.565  4115 