02-17 20:24:32.516 20271 21671 V Settings:HtcAirplaneModeWidgetEnabler: onServiceStateChangedExt - subId:-2, state: STATE_OUT_OF_SERVICE
02-17 20:24:32.517 20271 21671 V Settings:HtcAirplaneModeWidgetEnabler: onServiceStateChangedExt - to update the airplane mode UI.
02-17 20:24:32.517 20271 21671 V Settings:HtcAirplaneModeWidgetEnabler: onAirplaneModeChanged
02-17 20:24:32.517 20271 21671 V Settings:HtcAirplaneModeWidgetEnabler: syncState! flightMode: false
02-17 20:24:32.517 20271 21671 V Settings:HtcAirplaneModeWidgetEnabler: FlyModeBlockRecover: init gray out timestamp as -1
02-17 20:24:32.519  3549  3549 D CarrierLabel: Action : android.provider.Telephony.SPN_STRINGS_UPDATED
02-17 20:24:32.519  3549  3549 D CarrierLabel: Phone slot = 0
02-17 20:24:32.519  3549  3549 D CarrierLabel: update slot 0, showSpn = false, Spn = , showPlmn = true, Plmn = null
02-17 20:24:32.523  3549  3549 D NetworkController: [SrvState][0][SubId:-2][CDMA] 1 1 voice home data home null null null null null null  Unknown Unknown CSS not supported 0 0 RoamInd=1 DefRoamInd=0 EmergOnly=false IsDataRoamingFromRegistration=falseEriInd= 1EriMode= 0RadioPowerSv: false EmergOnly=false PhoneType: 2 IMSRegState: -1
02-17 20:24:32.523  3549  3549 D SignalClusterView: vpn: GONE
02-17 20:24:32.524  3549  3549 D SignalClusterView: wifi=V,stat_sys_wifi_signal_inandout_4 air=G,stat_sys_signal_flightmode data[0]=G,(null) sig[0]=V,stat_sys_no_sim_ct data[1]=G,(null) sig[1]=V,stat_sys_no_sim_ct
02-17 20:24:32.524  3549  3549 D SignalClusterView: vpn: GONE
02-17 20:24:32.524 29054 29054 W APPY    : Process running low on memory (state=60)
02-17 20:24:32.524  3549  3549 D SignalClusterView: wifi=V,stat_sys_wifi_signal_inandout_4 air=G,stat_sys_signal_flightmode data[0]=G,(null) sig[0]=V,stat_sys_no_sim_ct data[1]=G,(null) sig[1]=V,stat_sys_no_sim_ct
02-17 20:24:32.530  4115  4115 W PhoneInterfaceManager: ************* getPhone is null , using mPhone instead ************ subId = -1
02-17 20:24:32.533  4115  4115 I PhoneUtils: ============== debugSubIds getSlotIdFromIntent() slotId: 0
02-17 20:24:32.533  4115  4115 D PhoneApp: onReceive() spn string updated, slotId=0, subId=-2, spn=, plmn=null
02-17 20:24:32.533  4115  4115 I PhoneUtils: ============== debugSubIds getSlotIdFromIntent() slotId: 0
02-17 20:24:32.536  4115  4115 I Telephony: PstnIncomingCallNotifier: Unregistering: Handler (com.android.internal.telephony.cdma.CDMALTEPhone) {e77b278}
02-17 20:24:32.537  4115  4115 E PhoneInterfaceManager: [PhoneIntfMgr] getIccId: ICC ID is null or empty.
02-17 20:24:32.543  2455  2472 D GpsLocationProvider: [handleMessage] SUBSCRIPTION_OR_SIM_CHANGED
02-17 20:24:32.543  2455  2472 D GpsLocationProvider: received SIM related action: 
02-17 20:24:32.543  2455  4145 I Telecom : PhoneAccountRegistrar: [ComponentInfo{com.android.phone/com.android.services.telephony.TelephonyConnectionService}, [e0184adedf913b076626646d3f52c3b49c39ad6d], UserHandle{0}(icon: Icon(typ=BITMAP size=57x72) -> Icon(typ=BITMAP size=57x72))]
02-17 20:24:32.545  2455  4145 I Telecom : : Sending phone-account intent as user
02-17 20:24:32.546 15546 15546 V IccIntentReceiver: IccIntent: android.intent.action.ACTION_SUBINFO_RECORD_UPDATED icc state: null icc slot: 0
02-17 20:24:32.524 29054 29054 D APPY    : Clearing memory image cache
02-17 20:24:32.546 29054 29054 I art     : Starting a blocking GC Explicit
02-17 20:24:32.546  4115  4115 I Telephony: AccountEntry: Registered phoneAccount: [[ ] PhoneAccount: ComponentInfo{com.android.phone/com.android.services.telephony.TelephonyConnectionService}, [e0184adedf913b076626646d3f52c3b49c39ad6d], UserHandle{0} Capabilities: 54 Schemes: tel voicemail ] with handle: ComponentInfo{com.android.phone/com.android.services.telephony.TelephonyConnectionService}, [e0184adedf913b076626646d3f52c3b49c39ad6d], UserHandle{0}
02-17 20:24:32.546  4115  4115 I Telephony: PstnIncomingCallNotifier: Registering: Handler (com.android.internal.telephony.cdma.CDMALTEPhone) {e77b278}
02-17 20:24:32.549 19458 19458 I Finsky  : [1] hca.onSubscriptionsChanged(1): onSubscriptionsChanged
02-17 20:24:32.553 29821 29821 D CoolMarketApplication: OnTrimMemory level: 60, at CoolMarketApplication.onTrimMemory(CoolMarketApplication.java:247)
02-17 20:24:32.557 29054 29054 I art     : Explicit concurrent mark sweep GC freed 17(864B) AllocSpace objects, 0(0B) LOS objects, 25% free, 16MB/21MB, paused 246us total 10.628ms
02-17 20:24:32.560  2455  3538 W Telecom : : No account found for the calling user
02-17 20:24:32.560 10835 31943 D AutoSetting: receiver - intent: android.intent.action.SERVICE_STATE
02-17 20:24:32.560  4115  4115 I Telephony: TelecomAccountRegistry: the defaultPhoneAccount:null
02-17 20:24:32.560  4115  4115 D PhoneApp: debug subs ACTION_SUBINFO_RECORD_UPDATED
02-17 20:24:32.561  2455  2472 D GpsLocationProvider: SIM MCC/MNC is still not available
02-17 20:24:32.561  4115  4115 D PhoneUtils: =====> updateSubIds() subId_1=>-2, subId_2=>-3, detectStatus: 
02-17 20:24:32.561  2455  2472 D PMS     : releaseWL(de59c24): PARTIAL_WAKE_LOCK  GpsLocationProvider 0x1 null
02-17 20:24:32.561  4115  4115 D PhoneUtils: updateSubIds() before subId_1=>-2, subId_2=>-3
02-17 20:24:32.562  4115  4115 D PhoneUtils: updateSubIds() iccState= ,subId=-2, slotId=0, slotFromSubId=0
02-17 20:24:32.562  4115  4115 D PhoneUtils: updateSubIds() after subId_1=>-2, subId_2=>-3
02-17 20:24:32.562  4115  4115 D PhoneUtils: updateSubIds() before subId_1=>-2, subId_2=>-3
02-17 20:24:32.563  4115  4115 D PhoneUtils: updateSubIds() iccState= ,subId=-3, slotId=1, slotFromSubId=1
02-17 20:24:32.563  4115  4115 D PhoneUtils: updateSubIds() after subId_1=>-2, subId_2=>-3
02-17 20:24:32.563  4115  4115 D WorldPhoneModeSelection: checkNoService, ServiceState=1; mNeedtoCheck:true
02-17 20:24:32.563  4115  4115 W Settings: Setting preferred_network_mode has moved from android.provider.Settings.Secure to android.provider.Settings.Global.
02-17 20:24:32.563  4115  4115 D WorldPhoneModeSelection: GLOBAL mode, don't need to check no service
02-17 20:24:32.564  4115  4115 I PhoneUtils: ============== debugSubIds getSlotIdFromIntent() slotId: 0
02-17 20:24:32.564  4115  4115 I PhoneUtils: ============== debugSubIds getSlotIdFromIntent() slotId: 0
02-17 20:24:32.565  3549  3549 D CarrierLabel: Action : android.intent.action.SERVICE_STATE
02-17 20:24:32.565  4115  4115 D PhoneApp: htc_key_enable_mccmnc46003_solution_for_agps enabled: true
02-17 20:24:32.567 10835 10835 D HtcNLPSwitchReceiver: onReceive(): android.intent.action.SERVICE_STATE
02-17 20:24:32.567  4115  4115 D PhoneApp: mccMnc = NULL 
02-17 20:24:32.567  4115  4115 D PhoneApp: [TDD only]slot:0,phoneType:2
02-17 20:24:32.567  4115  4115 D PhoneApp: [TDD only]slot1ServiceState:1 1 voice home data home null null null null null null  Unknown Unknown CSS not supported 0 0 RoamInd=1 DefRoamInd=0 EmergOnly=false IsDataRoamingFromRegistration=falseEriInd= 1EriMode= 0RadioPowerSv: false EmergOnly=false PhoneType: 2 IMSRegState: -1
02-17 20:24:32.567  4115  4115 D LteDataOnlyCheckBoxPreference: slot1ServiceStateIsRoaming:slot1PhoneType:2,data_reg:1,voice_reg:1,slot1ss.getRoaming():false,slot1ss.getCdmaEriIconIndex():1,result:false
02-17 20:24:32.567  4115  4115 D PhoneApp: [TDD only]isSlot1Roaming:false,isTddOnlyMode:false
02-17 20:24:32.569  3549  3549 D CarrierLabel: slot = 0
02-17 20:24:32.569  3549  3549 D CarrierLabel: update slot 0, service state = 1
02-17 20:24:32.570  3549  3549 I QuickSettingAPN: receive:android.intent.action.SERVICE_STATE radio:RADIO_UNKNOWN
02-17 20:24:32.570  4115  4115 D HtcTelephonyInternal: CMD_GET_ALL_IMSI
02-17 20:24:32.570  4115  4115 D PhoneApp: updateServiceState isDataRoaming: false
02-17 20:24:32.570  4115  4115 E VoLteGlobals: No VoLteGlobals here!
02-17 20:24:32.570  4115  4115 D PhoneApp: underChinaArea: null
02-17 20:24:32.571  3549  3549 I QuickSettingAPN: updateAPNstate:1 isCTsim:false isAirplaneOn:false
02-17 20:24:32.571  3549  3549 I QuickSettingAPN: isLTENetwork result:false
02-17 20:24:32.571  3549  3549 I QuickSettingAPN: isLTENetwork result:false
02-17 20:24:32.571  3549  3549 I QuickSettingAPN: isLTENetwork result:false
02-17 20:24:32.572  4115  4115 W Settings: Setting preferred_network_mode has moved from android.provider.Settings.Secure to android.provider.Settings.Global.
02-17 20:24:32.572 10835 31943 D LOG     : AutoSettingReceiver:android.intent.action.SERVICE_STATE
02-17 20:24:32.572 10835 31943 W Settings: Setting device_provisioned has moved from android.provider.Settings.System to android.provider.Settings.Global, returning read-only value.
02-17 20:24:32.573  3549  3549 I QuickSettingAPN: updateVisibility(true,false)
02-17 20:24:32.573  3549  3549 I QuickSettingAPN: updateAPNVisual:MODE_NONE roaming:false isLTE:false
02-17 20:24:32.605  2455  4372 W BroadcastQueue: Permission Denial: receiving Intent { act=android.telecom.action.PHONE_ACCOUNT_REGISTERED flg=0x10 (has extras) } to com.android.providers.contacts/.PhoneAccountRegistrationReceiver requires android.permission.PROCESS_PHONE_ACCOUNT_REGISTRATION due to sender android (uid 1000)
02-17 20:24:32.605 10835 31946 D HtcNLPSwitchReceiver: Not in service, state: 1
02-17 20:24:32.652 20313 20313 D MdScPhnSt: [a92.1.2.]  listen, callback - (remain -) tmrbb8
02-17 20:24:32.658  4115  4743 D PhoneInterfaceManager: [PhoneIntfMgr] hasIccCardUsingSlotId, sub: -2, result: false
02-17 20:24:32.661  4115 15630 W PhoneInterfaceManager: ************* getPhone is null , using mPhone instead ************ subId = -1
02-17 20:24:32.662  4115  4743 W PhoneInterfaceManager: ************* getPhone is null , using mPhone instead ************ subId = -1
02-17 20:24:32.664 20313 31936 D MdScSimQry: [a92.1.1.2.] query s2 (0.-)10::: [23mi] <null1:null>, in 115ms
02-17 20:24:32.677 20313 31936 D MdScSimHis: [a92.1.1.2.4.] update 2(1)1+10::::@xc8467 -> "853-+810::::" "854(0)1+10::::@xb07218" 2(1)1+10::::@xc8467, in 12ms(r6+5)
02-17 20:24:32.684  4115 15629 W PhoneInterfaceManager: ************* getPhone is null , using mPhone instead ************ subId = -1
02-17 20:24:32.722 20313 31931 D TelephonyManager: getDataEnabled: retVal=true
02-17 20:24:33.003  3549  3549 D NetworkController.WifiSignalController: Change in state from: connected=true,enabled=true,level=4,inetCondition=1,iconGroup=IconGroup(Wi-Fi Icons),activityIn=true,activityOut=true,rssi=-27,lastModified=02-17 08:24:31,ssid="雄霸天下"
02-17 20:24:33.003  3549  3549 D NetworkController.WifiSignalController: 	to: connected=true,enabled=true,level=4,inetCondition=1,iconGroup=IconGroup(Wi-Fi Icons),activityIn=false,activityOut=false,rssi=-27,lastModified=02-17 08:24:31,ssid="雄霸天下"
02-17 20:24:33.003  3549  3549 D NetworkController: [WifiActivity] Connectd: 0
02-17 20:24:33.003  3549  3549 D SignalClusterView: vpn: GONE
02-17 20:24:33.004  3549  3549 D SignalClusterView: wifi=V,stat_sys_wifi_signal_connected_4 air=G,stat_sys_signal_flightmode data[0]=G,(null) sig[0]=V,stat_sys_no_sim_ct data[1]=G,(null) sig[1]=V,stat_sys_no_sim_ct
02-17 20:24:33.004  3549  3549 D SignalClusterView: vpn: GONE
02-17 20:24:33.004  3549  3549 D SignalClusterView: wifi=V,stat_sys_wifi_signal_connected_4 air=G,stat_sys_signal_flightmode data[0]=G,(null) sig[0]=V,stat_sys_no_sim_ct data[1]=G,(null) sig[1]=V,stat_sys_no_sim_ct
02-17 20:24:33.980  9411  9411 D wpa_supplicant: wlan0: Control interface command 'SIGNAL_POLL'
02-17 20:24:33.999  9411  9411 I wpa_supplicant: environment dirty rate=0 [3][0][0]
02-17 20:24:34.000  2455  3471 D WifiStateMachine: fetchRssiLinkSpeedAndFrequencyNative abnormalRssiCnt = 0
02-17 20:24:34.000  2455  3471 D WifiStateMachine: fetchRssiLinkSpeedAndFrequencyNative rssi=-30 linkspeed=72 freq=2472
02-17 20:24:34.000  2455  3471 E HtcWifiRssiMonitor: newrssi =-30 , oldRssi= -30
02-17 20:24:34.218 19458 19526 E PlayCommon: [1275] aktu.c(223): Failed to connect to server: javax.net.ssl.SSLHandshakeException: SSL handshake aborted: ssl=0xb7cea4b8: I/O error during system call, Connection reset by peer
02-17 20:24:34.220 19458 19526 I PlayCommon: [1275] aktu.c(29): Preparing logs for uploading
02-17 20:24:34.227 19458 19526 I PlayCommon: [1275] aktu.c(165): Connecting to server: https://play.googleapis.com/play/log?format=raw&proto_v2=true
02-17 20:24:34.231 19458 19526 D libc    : [NET] android_getaddrinfofornetcontext+,hn 19(0x706c61792e676f),sn(),hints(known),family 0,flags 1024, proc=com.android.vending
02-17 20:24:34.232 19458 19526 D libc    : [NET] android_getaddrinfo_proxy get netid:0
02-17 20:24:34.233   439 31958 D libc    : [NET] android_getaddrinfofornetcontext+,hn 19(0x706c61792e676f),sn(),hints(known),family 0,flags 1024, proc=/system/bin/netd
02-17 20:24:34.233   439 31958 D libc    : [NET] android_getaddrinfo_proxy-, fd error: Success(0)
02-17 20:24:34.233   439 31958 D libc    : [NET] _dns_getaddrinfo+, netid:102, mark:917606
02-17 20:24:34.268   439 31958 D libc    : [NET] _dns_getaddrinfo-, (NS_SUCCESS)
02-17 20:24:34.275 19458 19526 D libc    : [NET] android_getaddrinfo_proxy-, success
02-17 20:24:35.012  3549  3549 D NetworkController.WifiSignalController: Change in state from: connected=true,enabled=true,level=4,inetCondition=1,iconGroup=IconGroup(Wi-Fi Icons),activityIn=false,activityOut=false,rssi=-27,lastModified=02-17 08:24:33,ssid="雄霸天下"
02-17 20:24:35.012  3549  3549 D NetworkController.WifiSignalController: 	to: connected=true,enabled=true,level=4,inetCondition=1,iconGroup=IconGroup(Wi-Fi Icons),activityIn=true,activityOut=true,rssi=-27,lastModified=02-17 08:24:33,ssid="雄霸天下"
02-17 20:24:35.012  3549  3549 D NetworkController: [WifiActivity] Connectd: 3
02-17 20:24:35.012  3549  3549 D SignalClusterView: vpn: GONE
02-17 20:24:35.013  3549  3549 D SignalClusterView: wifi=V,stat_sys_wifi_signal_inandout_4 air=G,stat_sys_signal_flightmode data[0]=G,(null) sig[0]=V,stat_sys_no_sim_ct data[1]=G,(null) sig[1]=V,stat_sys_no_sim_ct
02-17 20:24:35.013  3549  3549 D SignalClusterView: vpn: GONE
02-17 20:24:35.013  3549  3549 D SignalClusterView: wifi=V,stat_sys_wifi_signal_inandout_4 air=G,stat_sys_signal_flightmode data[0]=G,(null) sig[0]=V,stat_sys_no_sim_ct data[1]=G,(null) sig[1]=V,stat_sys_no_sim_ct
02-17 20:24:35.988  2455 31959 D HtcWifiDataStallTracker: mIsWifiConnected true mIsDhcpActive false supplicantStateCOMPLETED mOldWifiDisplayStatus 0mIsRoutingComplete true
02-17 20:24:36.029  3549  3549 D NetworkController.WifiSignalController: Change in state from: connected=true,enabled=true,level=4,inetCondition=1,iconGroup=IconGroup(Wi-Fi Icons),activityIn=true,activityOut=true,rssi=-27,lastModified=02-17 08:24:35,ssid="雄霸天下"
02-17 20:24:36.029  3549  3549 D NetworkController.WifiSignalController: 	to: connected=true,enabled=true,level=4,inetCondition=1,iconGroup=IconGroup(Wi-Fi Icons),activityIn=false,activityOut=true,rssi=-27,lastModified=02-17 08:24:35,ssid="雄霸天下"
02-17 20:24:36.030  3549  3549 D NetworkController: [WifiActivity] Connectd: 2
02-17 20:24:36.030  3549  3549 D SignalClusterView: vpn: GONE
02-17 20:24:36.031  3549  3549 D SignalClusterView: wifi=V,stat_sys_wifi_signal_out_4 air=G,stat_sys_signal_flightmode data[0]=G,(null) sig[0]=V,stat_sys_no_sim_ct data[1]=G,(null) sig[1]=V,stat_sys_no_sim_ct
02-17 20:24:36.031  3549  3549 D SignalClusterView: vpn: GONE
02-17 20:24:36.031  3549  3549 D SignalClusterView: wifi=V,stat_sys_wifi_signal_out_4 air=G,stat_sys_signal_flightmode data[0]=G,(null) sig[0]=V,stat_sys_no_sim_ct data[1]=G,(null) sig[1]=V,stat_sys_no_sim_ct
02-17 20:24:37.015  9411  9411 D wpa_supplicant: wlan0: Control interface command 'SIGNAL_POLL'
02-17 20:24:37.034  9411  9411 I wpa_supplicant: environment dirty rate=0 [4][0][0]
02-17 20:24:37.035  2455  3471 D WifiStateMachine: fetchRssiLinkSpeedAndFrequencyNative abnormalRssiCnt = 0
02-17 20:24:37.035  2455  3471 D WifiStateMachine: fetchRssiLinkSpeedAndFrequencyNative rssi=-30 linkspeed=72 freq=2472
02-17 20:24:37.035  2455  3471 E HtcWifiRssiMonitor: newrssi =-30 , oldRssi= -30
02-17 20:24:37.044  3549  3549 D NetworkController.WifiSignalController: Change in state from: connected=true,enabled=true,level=4,inetCondition=1,iconGroup=IconGroup(Wi-Fi Icons),activityIn=false,activityOut=true,rssi=-27,lastModified=02-17 08:24:36,ssid="雄霸天下"
02-17 20:24:37.044  3549  3549 D NetworkController.WifiSignalController: 	to: connected=true,enabled=true,level=4,inetCondition=1,iconGroup=IconGroup(Wi-Fi Icons),activityIn=false,activityOut=false,rssi=-27,lastModified=02-17 08:24:36,ssid="雄霸天下"
02-17 20:24:37.062  3549  3549 D NetworkController: [WifiActivity] Connectd: 0
02-17 20:24:37.062  3549  3549 D SignalClusterView: vpn: GONE
02-17 20:24:37.076  3549  3549 D SignalClusterView: wifi=V,stat_sys_wifi_signal_connected_4 air=G,stat_sys_signal_flightmode data[0]=G,(null) sig[0]=V,stat_sys_no_sim_ct data[1]=G,(null) sig[1]=V,stat_sys_no_sim_ct
02-17 20:24:37.076  3549  3549 D SignalClusterView: vpn: GONE
02-17 20:24:37.077  3549  3549 D SignalClusterView: wifi=V,stat_sys_wifi_signal_connected_4 air=G,stat_sys_signal_flightmode data[0]=G,(null) sig[0]=V,stat_sys_no_sim_ct data[1]=G,(null) sig[1]=V,stat_sys_no_sim_ct
02-17 20:24:38.075  3549  3549 D NetworkController.WifiSignalController: Change in state from: connected=true,enabled=true,level=4,inetCondition=1,iconGroup=IconGroup(Wi-Fi Icons),activityIn=false,activityOut=false,rssi=-27,lastModified=02-17 08:24:37,ssid="雄霸天下"
02-17 20:24:38.075  3549  3549 D NetworkController.WifiSignalController: 	to: connected=true,enabled=true,level=4,inetCondition=1,iconGroup=IconGroup(Wi-Fi Icons),activityIn=false,activityOut=true,rssi=-27,lastModified=02-17 08:24:37,ssid="雄霸天下"
02-17 20:24:38.076  3549  3549 D NetworkController: [WifiActivity] Connectd: 2
02-17 20:24:38.076  3549  3549 D SignalClusterView: vpn: GONE
02-17 20:24:38.077  3549  3549 D SignalClusterView: wifi=V,stat_sys_wifi_signal_out_4 air=G,stat_sys_signal_flightmode data[0]=G,(null) sig[0]=V,stat_sys_no_sim_ct data[1]=G,(null) sig[1]=V,stat_sys_no_sim_ct
02-17 20:24:38.077  3549  3549 D SignalClusterView: vpn: GONE
02-17 20:24:38.078  3549  3549 D SignalClusterView: wifi=V,stat_sys_wifi_signal_out_4 air=G,stat_sys_signal_flightmode data[0]=G,(null) sig[0]=V,stat_sys_no_sim_ct data[1]=G,(null) sig[1]=V,stat_sys_no_sim_ct
02-17 20:24:39.092  3549  3549 D NetworkController.WifiSignalController: Change in state from: connected=true,enabled=true,level=4,inetCondition=1,iconGroup=IconGroup(Wi-Fi Icons),activityIn=false,activityOut=true,rssi=-27,lastModified=02-17 08:24:38,ssid="雄霸天下"
02-17 20:24:39.092  3549  3549 D NetworkController.WifiSignalController: 	to: connected=true,enabled=true,level=4,inetCondition=1,iconGroup=IconGroup(Wi-Fi Icons),activityIn=false,activityOut=false,rssi=-27,lastModified=02-17 08:24:38,ssid="雄霸天下"
02-17 20:24:39.095  3549  3549 D NetworkController: [WifiActivity] Connectd: 0
02-17 20:24:39.103  3549  3549 D SignalClusterView: vpn: GONE
02-17 20:24:39.111  3549  3549 D SignalClusterView: wifi=V,stat_sys_wifi_signal_connected_4 air=G,stat_sys_signal_flightmode data[0]=G,(null) sig[0]=V,stat_sys_no_sim_ct data[1]=G,(null) sig[1]=V,stat_sys_no_sim_ct
02-17 20:24:39.111  3549  3549 D SignalClusterView: vpn: GONE
02-17 20:24:39.124  3549  3549 D SignalClusterView: wifi=V,stat_sys_wifi_signal_connected_4 air=G,stat_sys_signal_flightmode data[0]=G,(null) sig[0]=V,stat_sys_no_sim_ct data[1]=G,(null) sig[1]=V,stat_sys_no_sim_ct
02-17 20:24:39.244  2455  9668 D NetlinkSocketObserver: NeighborEvent{elapsedMs=11570129, 2408:84fb:213:e352::91, [0AE341DAE720], RTM_NEWNEIGH, NUD_PROBE}
02-17 20:24:39.284  2455  9668 D NetlinkSocketObserver: NeighborEvent{elapsedMs=11570169, fe80::8e3:41ff:feda:e720, [0AE341DAE720], RTM_NEWNEIGH, NUD_PROBE}
02-17 20:24:40.068  9411  9411 D wpa_supplicant: wlan0: Control interface command 'SIGNAL_POLL'
02-17 20:24:40.087  9411  9411 I wpa_supplicant: environment dirty rate=0 [3][0][0]
02-17 20:24:40.087  2455  3471 D WifiStateMachine: fetchRssiLinkSpeedAndFrequencyNative abnormalRssiCnt = 0
02-17 20:24:40.087  2455  3471 D WifiStateMachine: fetchRssiLinkSpeedAndFrequencyNative rssi=-30 linkspeed=72 freq=2472
02-17 20:24:40.088  2455  3471 E HtcWifiRssiMonitor: newrssi =-30 , oldRssi= -30
02-17 20:24:40.126  3549  3549 D NetworkController.WifiSignalController: Change in state from: connected=true,enabled=true,level=4,inetCondition=1,iconGroup=IconGroup(Wi-Fi Icons),activityIn=false,activityOut=false,rssi=-27,lastModified=02-17 08:24:39,ssid="雄霸天下"
02-17 20:24:40.126  3549  3549 D NetworkController.WifiSignalController: 	to: connected=true,enabled=true,level=4,inetCondition=1,iconGroup=IconGroup(Wi-Fi Icons),activityIn=true,activityOut=true,rssi=-27,lastModified=02-17 08:24:39,ssid="雄霸天下"
02-17 20:24:40.127  3549  3549 D NetworkController: [WifiActivity] Connectd: 3
02-17 20:24:40.127  3549  3549 D SignalClusterView: vpn: GONE
02-17 20:24:40.128  3549  3549 D SignalClusterView: wifi=V,stat_sys_wifi_signal_inandout_4 air=G,stat_sys_signal_flightmode data[0]=G,(null) sig[0]=V,stat_sys_no_sim_ct data[1]=G,(null) sig[1]=V,stat_sys_no_sim_ct
02-17 20:24:40.128  3549  3549 D SignalClusterView: vpn: GONE
02-17 20:24:40.129  3549  3549 D SignalClusterView: wifi=V,stat_sys_wifi_signal_inandout_4 air=G,stat_sys_signal_flightmode data[0]=G,(null) sig[0]=V,stat_sys_no_sim_ct data[1]=G,(null) sig[1]=V,stat_sys_no_sim_ct
02-17 20:24:40.998  2455 31960 D HtcWifiDataStallTracker: mIsWifiConnected true mIsDhcpActive false supplicantStateCOMPLETED mOldWifiDisplayStatus 0mIsRoutingComplete true
02-17 20:24:41.142  3549  3549 D NetworkController.WifiSignalController: Change in state from: connected=true,enabled=true,level=4,inetCondition=1,iconGroup=IconGroup(Wi-Fi Icons),activityIn=true,activityOut=true,rssi=-27,lastModified=02-17 08:24:40,ssid="雄霸天下"
02-17 20:24:41.142  3549  3549 D NetworkController.WifiSignalController: 	to: connected=true,enabled=true,level=4,inetCondition=1,iconGroup=IconGroup(Wi-Fi Icons),activityIn=false,activityOut=true,rssi=-27,lastModified=02-17 08:24:40,ssid="雄霸天下"
02-17 20:24:41.142  3549  3549 D NetworkController: [WifiActivity] Connectd: 2
02-17 20:24:41.142  3549  3549 D SignalClusterView: vpn: GONE
02-17 20:24:41.143  3549  3549 D SignalClusterView: wifi=V,stat_sys_wifi_signal_out_4 air=G,stat_sys_signal_flightmode data[0]=G,(null) sig[0]=V,stat_sys_no_sim_ct data[1]=G,(null) sig[1]=V,stat_sys_no_sim_ct
02-17 20:24:41.144  3549  3549 D SignalClusterView: vpn: GONE
02-17 20:24:41.145  3549  3549 D SignalClusterView: wifi=V,stat_sys_wifi_signal_out_4 air=G,stat_sys_signal_flightmode data[0]=G,(null) sig[0]=V,stat_sys_no_sim_ct data[1]=G,(null) sig[1]=V,stat_sys_no_sim_ct
02-17 20:24:41.476  2455  3471 D WirelessDisplayService: getMirrorDisplayStatus:falsecurState:1
02-17 20:24:41.476  2455  3471 D WifiStateMachine: starting scan for "雄霸天下"WPA_PSK with 2472
02-17 20:24:41.477  9411  9411 D wpa_supplicant: wlan0: Control interface command 'SCAN TYPE=ONLY freq=2472'
02-17 20:24:41.477  9411  9411 D wpa_supplicant: wlan0: Setting scan request: 0.000000 sec
02-17 20:24:41.477  9411  9411 I wpa_supplicant: wpa_supplicant_scan enter
02-17 20:24:41.478  9411  9411 D wpa_supplicant: wlan0: Starting AP scan for wildcard SSID
02-17 20:24:41.478  9411  9411 D wpa_supplicant: WPS: Building WPS IE for Probe Request
02-17 20:24:41.478  9411  9411 D wpa_supplicant: WPS:  * Version (hardcoded 0x10)
02-17 20:24:41.478  9411  9411 D wpa_supplicant: WPS:  * Request Type
02-17 20:24:41.478  9411  9411 D wpa_supplicant: WPS:  * Config Methods (4288)
02-17 20:24:41.478  9411  9411 D wpa_supplicant: WPS:  * UUID-E
02-17 20:24:41.478  9411  9411 D wpa_supplicant: WPS:  * Primary Device Type
02-17 20:24:41.478  9411  9411 D wpa_supplicant: WPS:  * RF Bands (3)
02-17 20:24:41.478  9411  9411 D wpa_supplicant: WPS:  * Association State
02-17 20:24:41.478  9411  9411 D wpa_supplicant: WPS:  * Configuration Error (0)
02-17 20:24:41.478  9411  9411 D wpa_supplicant: WPS:  * Device Password ID (0)
02-17 20:24:41.478  9411  9411 D wpa_supplicant: WPS:  * Manufacturer
02-17 20:24:41.479  9411  9411 D wpa_supplicant: WPS:  * Model Name
02-17 20:24:41.479  9411  9411 D wpa_supplicant: WPS:  * Model Number
02-17 20:24:41.479  9411  9411 D wpa_supplicant: WPS:  * Device Name
02-17 20:24:41.479  9411  9411 D wpa_supplicant: WPS:  * Version2 (0x20)
02-17 20:24:41.479  9411  9411 D wpa_supplicant: P2P: * P2P IE header
02-17 20:24:41.479  9411  9411 D wpa_supplicant: P2P: * Capability dev=25 group=00
02-17 20:24:41.479  9411  9411 D wpa_supplicant: P2P: * Listen Channel: Regulatory Class 81 Channel 11
02-17 20:24:41.479  9411  9411 D wpa_supplicant: wlan0: Limit manual scan to specified channels
02-17 20:24:41.479  9411  9411 D wpa_supplicant: wlan0: Add radio work 'scan'@0xb82eaf88
02-17 20:24:41.479  9411  9411 D wpa_supplicant: wlan0: First radio work item in the queue - schedule start immediately
02-17 20:24:41.480  9411  9411 D wpa_supplicant: wlan0: Starting radio work 'scan'@0xb82eaf88 after 0.000245 second wait
02-17 20:24:41.480  9411  9411 D wpa_supplicant: wlan0: nl80211: scan request
02-17 20:24:41.492  9411  9411 D wpa_supplicant: Scan requested (ret=0) - scan timeout 30 seconds
02-17 20:24:41.493  9411  9411 D wpa_supplicant: nl80211: Drv Event 33 (NL80211_CMD_TRIGGER_SCAN) received for wlan0
02-17 20:24:41.493  9411  9411 D wpa_supplicant: wlan0: nl80211: Scan trigger
02-17 20:24:41.493  9411  9411 D wpa_supplicant: wlan0: Event SCAN_STARTED (47) received
02-17 20:24:41.493  9411  9411 D wpa_supplicant: wlan0: Own scan request started a scan in 0.001053 seconds
02-17 20:24:41.528  9411  9411 D wpa_supplicant: nl80211: Drv Event 34 (NL80211_CMD_NEW_SCAN_RESULTS) received for wlan0
02-17 20:24:41.528  9411  9411 D wpa_supplicant: wlan0: nl80211: New scan results available
02-17 20:24:41.528  9411  9411 D wpa_supplicant: nl80211: Scan included frequencies: 2472
02-17 20:24:41.528  9411  9411 D wpa_supplicant: wlan0: Event SCAN_RESULTS (3) received
02-17 20:24:41.528  9411  9411 I wpa_supplicant: Got an original EVENT_SCAN_RESULTS
02-17 20:24:41.528  9411  9411 D wpa_supplicant: wlan0: Scan completed in 0.034814 seconds
02-17 20:24:41.529  9411  9411 D wpa_supplicant: nl80211: Associated on 2472 MHz
02-17 20:24:41.529  9411  9411 D wpa_supplicant: nl80211: Associated with 0a:e3:41:da:e7:20
02-17 20:24:41.529  9411  9411 D wpa_supplicant: nl80211: Received scan results (5 BSSes)
02-17 20:24:41.532  2455  2475 D Tethering: interfaceLinkStateChanged wlan0, true
02-17 20:24:41.532  2455  2475 D Tethering: interfaceStatusChanged wlan0, true
02-17 20:24:41.533  9411  9411 D wpa_supplicant: nl80211: Scan results indicate BSS status with 0a:e3:41:da:e7:20 as associated
02-17 20:24:41.533  9411  9411 D wpa_supplicant: wlan0: BSS: Start scan result update 285
02-17 20:24:41.533  9411  9411 D wpa_supplicant: BSS: last_scan_res_used=5/32
02-17 20:24:41.533  9411  9411 D wpa_supplicant: wlan0: Scan-only results received
02-17 20:24:41.536  2455  3471 D WifiStateMachine: [MLHD] enter handleMediaLinkEvent SupplicantStartedState
02-17 20:24:41.536  9411  9411 D wpa_supplicant: wlan0: Radio work 'scan'@0xb82eaf88 done in 0.056232 seconds
02-17 20:24:41.536  9411  9411 D wpa_supplicant: wlan0: Control interface command 'LIST_DONGLES'
02-17 20:24:41.536  9411  9411 D wpa_supplicant: Wireless event: cmd=0x8b19 len=8
02-17 20:24:41.536  9411  9411 D wpa_supplicant: RTM_NEWLINK: ifi_index=26 ifname=wlan0 wext ifi_family=0 ifi_flags=0x11043 ([UP][RUNNING][LOWER_UP])
02-17 20:24:41.537  2455  3471 W ContextImpl: Calling a method in the system process without a qualified user: android.app.ContextImpl.sendBroadcast:771 com.android.server.wifi.WifiStateMachine.sendDongleScanResultsAvailableBroadcast:14355 com.android.server.wifi.WifiStateMachine.handleMediaLinkEvent:14523 com.android.server.wifi.WifiStateMachine.access$2700:257 com.android.server.wifi.WifiStateMachine$SupplicantStartedState.processMessage:8447 
02-17 20:24:41.539  2455  3478 D WirelessDisplayService: getDiscoveryDongleList
02-17 20:24:41.565  2455  3471 D WifiConfigStore: "ChinaNet_CW"NONE- skip by invalid rssi
02-17 20:24:41.565  2455  3471 D WifiConfigStore: "ChinaNet_HomeCW"NONE- skip by invalid rssi
02-17 20:24:41.565  2455  3471 D WifiConfigStore: "ChinaNet"NONE- skip by invalid rssi
02-17 20:24:41.565  9411  9411 D wpa_supplicant: EAPOL: EAP Session-Id not available
02-17 20:24:42.698  2455  2455 D ValidateNoPeople: setContact(com.tencent.mtt,0.0,false)
02-17 20:24:42.707  3904  4388 D DotMatrix: [NotificationService] onNotificationPosted, pkgName: com.tencent.mtt, id: 83, tag: null, isClearable: false, isForDotMatrix: false
02-17 20:24:42.755  3549  3549 I RemoteViews: apply(26,1)/com.tencent.mtt
02-17 20:24:42.795  3549  3549 D StatusBar: BlindFeed Content is animating or in expanded mode
02-17 20:24:42.795  3549  3549 D StatusBar: BlindFeed Content is animating or in expanded mode
02-17 20:24:42.795  3549  3549 D StatusBar: BlindFeed Content is animating or in expanded mode
02-17 20:24:42.795  3549  3549 D StatusBar: BlindFeed Content is animating or in expanded mode
02-17 20:24:42.795  3549  3549 D StatusBar: BlindFeed Content is animating or in expanded mode
02-17 20:24:42.795  3549  3549 D StatusBar: BlindFeed Content is animating or in expanded mode
02-17 20:24:42.795  3549  3549 I PhoneStatusBar: updateEmptyShade(true,true)
02-17 20:24:42.795  3549  3549 I NotificationStackScrollLayout: setBlockTouch:false
02-17 20:24:42.831  2455  2464 I art     : Background partial concurrent mark sweep GC freed 91611(5MB) AllocSpace objects, 34(2MB) LOS objects, 31% free, 34MB/50MB, paused 1.173ms total 120.135ms
02-17 20:24:43.093  9411  9411 D wpa_supplicant: wlan0: Control interface command 'SIGNAL_POLL'
02-17 20:24:43.109  9411  9411 I wpa_supplicant: environment dirty rate=0 [3][0][0]
02-17 20:24:43.109  2455  3471 D WifiStateMachine: fetchRssiLinkSpeedAndFrequencyNative abnormalRssiCnt = 0
02-17 20:24:43.109  2455  3471 D WifiStateMachine: fetchRssiLinkSpeedAndFrequencyNative rssi=-30 linkspeed=72 freq=2472
02-17 20:24:43.109  2455  3471 E HtcWifiRssiMonitor: newrssi =-30 , oldRssi= -30
02-17 20:24:43.155  3549  3549 D NetworkController.WifiSignalController: Change in state from: connected=true,enabled=true,level=4,inetCondition=1,iconGroup=IconGroup(Wi-Fi Icons),activityIn=false,activityOut=true,rssi=-27,lastModified=02-17 08:24:41,ssid="雄霸天下"
02-17 20:24:43.155  3549  3549 D NetworkController.WifiSignalController: 	to: connected=true,enabled=true,level=4,inetCondition=1,iconGroup=IconGroup(Wi-Fi Icons),activityIn=false,activityOut=false,rssi=-27,lastModified=02-17 08:24:41,ssid="雄霸天下"
02-17 20:24:43.156  3549  3549 D NetworkController: [WifiActivity] Connectd: 0
02-17 20:24:43.156  3549  3549 D SignalClusterView: vpn: GONE
02-17 20:24:43.156  3549  3549 D SignalClusterView: wifi=V,stat_sys_wifi_signal_connected_4 air=G,stat_sys_signal_flightmode data[0]=G,(null) sig[0]=V,stat_sys_no_sim_ct data[1]=G,(null) sig[1]=V,stat_sys_no_sim_ct
02-17 20:24:43.156  3549  3549 D SignalClusterView: vpn: GONE
02-17 20:24:43.156  3549  3549 D SignalClusterView: wifi=V,stat_sys_wifi_signal_connected_4 air=G,stat_sys_signal_flightmode data[0]=G,(null) sig[0]=V,stat_sys_no_sim_ct data[1]=G,(null) sig[1]=V,stat_sys_no_sim_ct
02-17 20:24:44.138  2455  2455 D ValidateNoPeople: setContact(com.tencent.mtt,0.0,false)
02-17 20:24:44.145  3904  3914 D DotMatrix: [NotificationService] onNotificationPosted, pkgName: com.tencent.mtt, id: 83, tag: null, isClearable: false, isForDotMatrix: false
02-17 20:24:44.175  3549  3549 I RemoteViews: apply(36,1)/com.tencent.mtt
02-17 20:24:44.186  3549  3549 D StatusBar: BlindFeed Content is animating or in expanded mode
02-17 20:24:44.186  3549  3549 D StatusBar: BlindFeed Content is animating or in expanded mode
02-17 20:24:44.186  3549  3549 D StatusBar: BlindFeed Content is animating or in expanded mode
02-17 20:24:44.186  3549  3549 D StatusBar: BlindFeed Content is animating or in expanded mode
02-17 20:24:44.186  3549  3549 D StatusBar: BlindFeed Content is animating or in expanded mode
02-17 20:24:44.186  3549  3549 D StatusBar: BlindFeed Content is animating or in expanded mode
02-17 20:24:44.186  3549  3549 I PhoneStatusBar: updateEmptyShade(true,true)
02-17 20:24:44.186  3549  3549 I NotificationStackScrollLayout: setBlockTouch:false
02-17 20:24:45.021  2455  3548 D PMS     : acquireWL(849c3cb): PARTIAL_WAKE_LOCK  BatteryServiceUpdateStats_3 0x1 2455 1000 null
02-17 20:24:45.032  2455  3548 I BatteryService: n_update end
02-17 20:24:45.048  3904  3904 D DotMatrix: [EventService] reorderCurrEventType, mCurrentEventType = 30, version:2.1
02-17 20:24:45.048  3904  3904 D DotMatrix: [EventService] checkEventUpdateCondition, bCheckCondition:true, mCoverOn:false,mbIsUserInForeground:true,mbIsDeviceSupportDotView:true
02-17 20:24:45.053  2455  2455 I BatteryLightController: updateBattery(plugged=true plugin=true low=false full=false health=2 status=2 timeout=false usbOverheat=false)
02-17 20:24:45.053  2455  2455 D UsbnetService: BroadcastReceiver::onReceive+
02-17 20:24:45.053  2455  2455 D UsbnetService: onReceive BATTERY_CHANGED
02-17 20:24:45.053  2455  2455 D UsbnetService:  --> pluggedType = 2, mPluggedType = 0, mScreenOff = false
02-17 20:24:45.053  2455  2455 D UsbnetService: BroadcastReceiver::onReceive-
02-17 20:24:45.054  2455  2455 I DeviceIdleController: updateChargingLocked: charging=true
02-17 20:24:45.054  2455  2455 W DeviceIdleController: becomeActiveLocked, reason = charging
02-17 20:24:45.059  3549  3549 D PowerUI : closing low battery warning: level=67
02-17 20:24:45.066  4115  4115 D HtcCdmaPhoneApp: level 67 scale 100
02-17 20:24:45.069  3549  3549 I QuickSettingPowerSaver: updateEnabledState:(false,false,false)
02-17 20:24:45.069  3549  3549 I QuickSettingPowerSaverEX: batteryLevelChanged:true
02-17 20:24:45.069  3549  3549 I QuickSettingPowerSaverEX: updateEnabledState:(false,false,false)
02-17 20:24:45.072 19597 19597 E MtpServerJNI: server is null in send_object_removed
02-17 20:24:45.075  3549  3549 I BatteryController: status:2 health:2 level:67 unsupport:false plugged:true timeout:false
02-17 20:24:45.079  2455  2824 D HtcPowerSaver: updateBatteryInfo
02-17 20:24:45.080  2455  3548 D PMS     : releaseWL(849c3cb): PARTIAL_WAKE_LOCK  BatteryServiceUpdateStats_3 0x1 null
02-17 20:24:45.080  2455  2455 D PMS     : runPSCheck
02-17 20:24:45.080  2455  2455 D HtcPowerSaver: Checking...
02-17 20:24:45.080  2455  2455 I HtcPowerSaver: >> updateStatus
02-17 20:24:45.082  2455  2455 I HtcPowerSaver: << updateStatus
02-17 20:24:45.101  2455  2475 E KernelWakelockReader: neither /proc/wakelocks nor /d/wakeup_sources exists
02-17 20:24:45.102  2455  2475 W BatSI   : Couldn't get kernel wake lock stats
02-17 20:24:45.127 29821 29821 D CoolMarketApplication: OnTrimMemory level: 60, at CoolMarketApplication.onTrimMemory(CoolMarketApplication.java:247)
02-17 20:24:45.127 20271 20271 I PowerUI_SlowChargerReceiver: onReceive : com.htc.intent.action.BATTERY_LEVEL_CHANGED
02-17 20:24:45.132 20271 20271 I PowerUI_SlowChargerReceiver: Level: 67 Plug usb battery level: 62 Battery health: 2 USB type: 2
02-17 20:24:45.203  2455  4136 D PMS     : acquireWL(fd17916): PARTIAL_WAKE_LOCK  CMWakeLock 0x1 4006 10141 WorkSource{10141 com.google.android.gms}
02-17 20:24:45.207  2455  4175 D PMS     : releaseWL(fd17916): PARTIAL_WAKE_LOCK  CMWakeLock 0x1 WorkSource{10141 com.google.android.gms}
02-17 20:24:45.991  2455 32031 D HtcWifiDataStallTracker: mIsWifiConnected true mIsDhcpActive false supplicantStateCOMPLETED mOldWifiDisplayStatus 0mIsRoutingComplete true
02-17 20:24:46.115  9411  9411 D wpa_supplicant: wlan0: Control interface command 'SIGNAL_POLL'
02-17 20:24:46.130  9411  9411 I wpa_supplicant: environment dirty rate=0 [0][0][0]
02-17 20:24:46.131  2455  3471 D WifiStateMachine: fetchRssiLinkSpeedAndFrequencyNative abnormalRssiCnt = 0
02-17 20:24:46.131  2455  3471 D WifiStateMachine: fetchRssiLinkSpeedAndFrequencyNative rssi=-30 linkspeed=72 freq=2472
02-17 20:24:46.131  2455  3471 E HtcWifiRssiMonitor: newrssi =-30 , oldRssi= -30
02-17 20:24:47.524  2455  9668 D NetlinkSocketObserver: NeighborEvent{elapsedMs=11578409, 192.168.43.1, [0AE341DAE720], RTM_NEWNEIGH, NUD_STALE}
02-17 20:24:49.141  9411  9411 D wpa_supplicant: wlan0: Control interface command 'SIGNAL_POLL'
02-17 20:24:49.159  9411  9411 I wpa_supplicant: environment dirty rate=25 [4][1][0]
02-17 20:24:49.160  2455  3471 D WifiStateMachine: fetchRssiLinkSpeedAndFrequencyNative abnormalRssiCnt = 0
02-17 20:24:49.160  2455  3471 D WifiStateMachine: fetchRssiLinkSpeedAndFrequencyNative rssi=-31 linkspeed=72 freq=2472
02-17 20:24:49.160  2455  3471 E HtcWifiRssiMonitor: newrssi =-31 , oldRssi= -30
02-17 20:24:49.179  3549  3549 D NetworkController.WifiSignalController: Change in state from: connected=true,enabled=true,level=4,inetCondition=1,iconGroup=IconGroup(Wi-Fi Icons),activityIn=false,activityOut=false,rssi=-27,lastModified=02-17 08:24:43,ssid="雄霸天下"
02-17 20:24:49.179  3549  3549 D NetworkController.WifiSignalController: 	to: connected=true,enabled=true,level=4,inetCondition=1,iconGroup=IconGroup(Wi-Fi Icons),activityIn=true,activityOut=true,rssi=-27,lastModified=02-17 08:24:43,ssid="雄霸天下"
02-17 20:24:49.181  3549  3549 D NetworkController: [WifiActivity] Connectd: 3
02-17 20:24:49.181  3549  3549 D SignalClusterView: vpn: GONE
02-17 20:24:49.182  3549  3549 D SignalClusterView: wifi=V,stat_sys_wifi_signal_inandout_4 air=G,stat_sys_signal_flightmode data[0]=G,(null) sig[0]=V,stat_sys_no_sim_ct data[1]=G,(null) sig[1]=V,stat_sys_no_sim_ct
02-17 20:24:49.182  3549  3549 D SignalClusterView: vpn: GONE
02-17 20:24:49.182  3549  3549 D SignalClusterView: wifi=V,stat_sys_wifi_signal_inandout_4 air=G,stat_sys_signal_flightmode data[0]=G,(null) sig[0]=V,stat_sys_no_sim_ct data[1]=G,(null) sig[1]=V,stat_sys_no_sim_ct
02-17 20:24:50.196  3549  3549 D NetworkController.WifiSignalController: Change in state from: connected=true,enabled=true,level=4,inetCondition=1,iconGroup=IconGroup(Wi-Fi Icons),activityIn=true,activityOut=true,rssi=-27,lastModified=02-17 08:24:49,ssid="雄霸天下"
02-17 20:24:50.196  3549  3549 D NetworkController.WifiSignalController: 	to: connected=true,enabled=true,level=4,inetCondition=1,iconGroup=IconGroup(Wi-Fi Icons),activityIn=false,activityOut=true,rssi=-27,lastModified=02-17 08:24:49,ssid="雄霸天下"
02-17 20:24:50.198  3549  3549 D NetworkController: [WifiActivity] Connectd: 2
02-17 20:24:50.198  3549  3549 D SignalClusterView: vpn: GONE
02-17 20:24:50.199  3549  3549 D SignalClusterView: wifi=V,stat_sys_wifi_signal_out_4 air=G,stat_sys_signal_flightmode data[0]=G,(null) sig[0]=V,stat_sys_no_sim_ct data[1]=G,(null) sig[1]=V,stat_sys_no_sim_ct
02-17 20:24:50.199  3549  3549 D SignalClusterView: vpn: GONE
02-17 20:24:50.205  3549  3549 D SignalClusterView: wifi=V,stat_sys_wifi_signal_out_4 air=G,stat_sys_signal_flightmode data[0]=G,(null) sig[0]=V,stat_sys_no_sim_ct data[1]=G,(null) sig[1]=V,stat_sys_no_sim_ct
02-17 20:24:50.753  3549 12434 D HtcUPManager: HtcUPServiceProxy Disconnect from  UP serivce: No interaction with app
02-17 20:24:50.772 10835 10835 D HtcAppUPService: HtcUPService [##] onDestroy(), this =com.htc.sense.hsp.upservice.HtcUPService@ecd97e6
02-17 20:24:50.785  3549 12434 D HtcUPManager: HtcUPServiceProxy Disconnect from UP service. Change state to: DISCONNECTED
02-17 20:24:50.993  2455 32032 D HtcWifiDataStallTracker: mIsWifiConnected true mIsDhcpActive false supplicantStateCOMPLETED mOldWifiDisplayStatus 0mIsRoutingComplete true
02-17 20:24:51.020  9411  9411 D wpa_supplicant: BSS: Remove ID 85 BSSID a4:56:02:b5:72:f7 SSID '\x00\x00\x00\x00\x00' due to wpa_bss_flush_by_age
02-17 20:24:51.211  3549  3549 D NetworkController.WifiSignalController: Change in state from: connected=true,enabled=true,level=4,inetCondition=1,iconGroup=IconGroup(Wi-Fi Icons),activityIn=false,activityOut=true,rssi=-27,lastModified=02-17 08:24:50,ssid="雄霸天下"
02-17 20:24:51.211  3549  3549 D NetworkController.WifiSignalController: 	to: connected=true,enabled=true,level=4,inetCondition=1,iconGroup=IconGroup(Wi-Fi Icons),activityIn=false,activityOut=false,rssi=-27,lastModified=02-17 08:24:50,ssid="雄霸天下"
02-17 20:24:51.211  3549  3549 D NetworkController: [WifiActivity] Connectd: 0
02-17 20:24:51.211  3549  3549 D SignalClusterView: vpn: GONE
02-17 20:24:51.212  3549  3549 D SignalClusterView: wifi=V,stat_sys_wifi_signal_connected_4 air=G,stat_sys_signal_flightmode data[0]=G,(null) sig[0]=V,stat_sys_no_sim_ct data[1]=G,(null) sig[1]=V,stat_sys_no_sim_ct
02-17 20:24:51.212  3549  3549 D SignalClusterView: vpn: GONE
02-17 20:24:51.212  3549  3549 D SignalClusterView: wifi=V,stat_sys_wifi_signal_connected_4 air=G,stat_sys_signal_flightmode data[0]=G,(null) sig[0]=V,stat_sys_no_sim_ct data[1]=G,(null) sig[1]=V,stat_sys_no_sim_ct
02-17 20:24:52.174  9411  9411 D wpa_supplicant: wlan0: Control interface command 'SIGNAL_POLL'
02-17 20:24:52.191  9411  9411 I wpa_supplicant: environment dirty rate=0 [1][0][0]
02-17 20:24:52.192  2455  3471 D WifiStateMachine: fetchRssiLinkSpeedAndFrequencyNative abnormalRssiCnt = 0
02-17 20:24:52.192  2455  3471 D WifiStateMachine: fetchRssiLinkSpeedAndFrequencyNative rssi=-30 linkspeed=72 freq=2472
02-17 20:24:52.192  2455  3471 E HtcWifiRssiMonitor: newrssi =-30 , oldRssi= -31
02-17 20:24:53.614  2455  9668 D NetlinkSocketObserver: NeighborEvent{elapsedMs=11584499, 192.168.43.1, [0AE341DAE720], RTM_NEWNEIGH, NUD_PROBE}
02-17 20:24:54.934  2455  9668 D NetlinkSocketObserver: NeighborEvent{elapsedMs=11585819, 2408:84fb:213:e352::91, [0AE341DAE720], RTM_NEWNEIGH, NUD_STALE}
02-17 20:24:54.935  2455  9668 D NetlinkSocketObserver: NeighborEvent{elapsedMs=11585821, fe80::8e3:41ff:feda:e720, [0AE341DAE720], RTM_NEWNEIGH, NUD_STALE}
02-17 20:24:55.198  9411  9411 D wpa_supplicant: wlan0: Control interface command 'SIGNAL_POLL'
02-17 20:24:55.204  9411  9411 I wpa_supplicant: environment dirty rate=0 [2][0][0]
02-17 20:24:55.205  2455  3471 D WifiStateMachine: fetchRssiLinkSpeedAndFrequencyNative abnormalRssiCnt = 0
02-17 20:24:55.205  2455  3471 D WifiStateMachine: fetchRssiLinkSpeedAndFrequencyNative rssi=-31 linkspeed=72 freq=2472
02-17 20:24:55.205  2455  3471 E HtcWifiRssiMonitor: newrssi =-31 , oldRssi= -30
02-17 20:24:55.228  3549  3549 D NetworkController.WifiSignalController: Change in state from: connected=true,enabled=true,level=4,inetCondition=1,iconGroup=IconGroup(Wi-Fi Icons),activityIn=false,activityOut=false,rssi=-27,lastModified=02-17 08:24:51,ssid="雄霸天下"
02-17 20:24:55.228  3549  3549 D NetworkController.WifiSignalController: 	to: connected=true,enabled=true,level=4,inetCondition=1,iconGroup=IconGroup(Wi-Fi Icons),activityIn=true,activityOut=true,rssi=-27,lastModified=02-17 08:24:51,ssid="雄霸天下"
02-17 20:24:55.229  3549  3549 D NetworkController: [WifiActivity] Connectd: 3
02-17 20:24:55.229  3549  3549 D SignalClusterView: vpn: GONE
02-17 20:24:55.230  3549  3549 D SignalClusterView: wifi=V,stat_sys_wifi_signal_inandout_4 air=G,stat_sys_signal_flightmode data[0]=G,(null) sig[0]=V,stat_sys_no_sim_ct data[1]=G,(null) sig[1]=V,stat_sys_no_sim_ct
02-17 20:24:55.230  3549  3549 D SignalClusterView: vpn: GONE
02-17 20:24:55.231  3549  3549 D SignalClusterView: wifi=V,stat_sys_wifi_signal_inandout_4 air=G,stat_sys_signal_flightmode data[0]=G,(null) sig[0]=V,stat_sys_no_sim_ct data[1]=G,(null) sig[1]=V,stat_sys_no_sim_ct
02-17 20:24:55.995  2455 32043 D HtcWifiDataStallTracker: mIsWifiConnected true mIsDhcpActive false supplicantStateCOMPLETED mOldWifiDisplayStatus 0mIsRoutingComplete true
02-17 20:24:56.245  3549  3549 D NetworkController.WifiSignalController: Change in state from: connected=true,enabled=true,level=4,inetCondition=1,iconGroup=IconGroup(Wi-Fi Icons),activityIn=true,activityOut=true,rssi=-27,lastModified=02-17 08:24:55,ssid="雄霸天下"
02-17 20:24:56.245  3549  3549 D NetworkController.WifiSignalController: 	to: connected=true,enabled=true,level=4,inetCondition=1,iconGroup=IconGroup(Wi-Fi Icons),activityIn=false,activityOut=false,rssi=-27,lastModified=02-17 08:24:55,ssid="雄霸天下"
02-17 20:24:56.254  3549  3549 D NetworkController: [WifiActivity] Connectd: 0
02-17 20:24:56.254  3549  3549 D SignalClusterView: vpn: GONE
02-17 20:24:56.282  3549  3549 D SignalClusterView: wifi=V,stat_sys_wifi_signal_connected_4 air=G,stat_sys_signal_flightmode data[0]=G,(null) sig[0]=V,stat_sys_no_sim_ct data[1]=G,(null) sig[1]=V,stat_sys_no_sim_ct
02-17 20:24:56.282  3549  3549 D SignalClusterView: vpn: GONE
02-17 20:24:56.289  3549  3549 D SignalClusterView: wifi=V,stat_sys_wifi_signal_connected_4 air=G,stat_sys_signal_flightmode data[0]=G,(null) sig[0]=V,stat_sys_no_sim_ct data[1]=G,(null) sig[1]=V,stat_sys_no_sim_ct
02-17 20:24:58.218  9411  9411 D wpa_supplicant: wlan0: Control interface command 'SIGNAL_POLL'
02-17 20:24:58.238  9411  9411 I wpa_supplicant: environment dirty rate=0 [0][0][0]
02-17 20:24:58.238  2455  3471 D WifiStateMachine: fetchRssiLinkSpeedAndFrequencyNative abnormalRssiCnt = 0
02-17 20:24:58.238  2455  3471 D WifiStateMachine: fetchRssiLinkSpeedAndFrequencyNative rssi=-30 linkspeed=72 freq=2472
02-17 20:24:58.239  2455  3471 E HtcWifiRssiMonitor: newrssi =-30 , oldRssi= -31
02-17 20:25:00.002  2455  3401 D PMS     : acquireWL(c197297): PARTIAL_WAKE_LOCK  *alarm* 0x40000001 2455 1000 WorkSource{1000}
02-17 20:25:00.006  2455  3401 D AlarmManager: sending alarm PendingIntent{b09b1dc: PendingIntentRecord{379f2e5 android broadcastIntent}}, i=android.intent.action.TIME_TICK, t=3, cnt=1, w=11590886, Int=0
02-17 20:25:00.147  2455  2455 D PMS     : releaseWL(c197297): PARTIAL_WAKE_LOCK  *alarm* 0x40000001 WorkSource{1000}
02-17 20:25:00.997  2455 32044 D HtcWifiDataStallTracker: mIsWifiConnected true mIsDhcpActive false supplicantStateCOMPLETED mOldWifiDisplayStatus 0mIsRoutingComplete true
02-17 20:25:01.248  9411  9411 D wpa_supplicant: wlan0: Control interface command 'SIGNAL_POLL'
02-17 20:25:01.266  9411  9411 I wpa_supplicant: environment dirty rate=0 [0][0][0]
02-17 20:25:01.267  2455  3471 D WifiStateMachine: fetchRssiLinkSpeedAndFrequencyNative abnormalRssiCnt = 0
02-17 20:25:01.267  2455  3471 D WifiStateMachine: fetchRssiLinkSpeedAndFrequencyNative rssi=-31 linkspeed=72 freq=2472
02-17 20:25:01.267  2455  3471 E HtcWifiRssiMonitor: newrssi =-31 , oldRssi= -30
02-17 20:25:01.478  2455  3471 D WirelessDisplayService: getMirrorDisplayStatus:falsecurState:1
02-17 20:25:01.479  2455  3471 D WifiStateMachine: starting scan for "雄霸天下"WPA_PSK with 2472
02-17 20:25:01.480  9411  9411 D wpa_supplicant: wlan0: Control interface command 'SCAN TYPE=ONLY freq=2472'
02-17 20:25:01.480  9411  9411 D wpa_supplicant: wlan0: Setting scan request: 0.000000 sec
02-17 20:25:01.480  9411  9411 I wpa_supplicant: wpa_supplicant_scan enter
02-17 20:25:01.480  9411  9411 D wpa_supplicant: wlan0: Starting AP scan for wildcard SSID
02-17 20:25:01.480  9411  9411 D wpa_supplicant: WPS: Building WPS IE for Probe Request
02-17 20:25:01.480  9411  9411 D wpa_supplicant: WPS:  * Version (hardcoded 0x10)
02-17 20:25:01.480  9411  9411 D wpa_supplicant: WPS:  * Request Type
02-17 20:25:01.481  9411  9411 D wpa_supplicant: WPS:  * Config Methods (4288)
02-17 20:25:01.481  9411  9411 D wpa_supplicant: WPS:  * UUID-E
02-17 20:25:01.481  9411  9411 D wpa_supplicant: WPS:  * Primary Device Type
02-17 20:25:01.481  9411  9411 D wpa_supplicant: WPS:  * RF Bands (3)
02-17 20:25:01.481  9411  9411 D wpa_supplicant: WPS:  * Association State
02-17 20:25:01.481  9411  9411 D wpa_supplicant: WPS:  * Configuration Error (0)
02-17 20:25:01.481  9411  9411 D wpa_supplicant: WPS:  * Device Password ID (0)
02-17 20:25:01.481  9411  9411 D wpa_supplicant: WPS:  * Manufacturer
02-17 20:25:01.481  9411  9411 D wpa_supplicant: WPS:  * Model Name
02-17 20:25:01.481  9411  9411 D wpa_supplicant: WPS:  * Model Number
02-17 20:25:01.481  9411  9411 D wpa_supplicant: WPS:  * Device Name
02-17 20:25:01.481  9411  9411 D wpa_supplicant: WPS:  * Version2 (0x20)
02-17 20:25:01.481  9411  9411 D wpa_supplicant: P2P: * P2P IE header
02-17 20:25:01.481  9411  9411 D wpa_supplicant: P2P: * Capability dev=25 group=00
02-17 20:25:01.482  9411  9411 D wpa_supplicant: P2P: * Listen Channel: Regulatory Class 81 Channel 11
02-17 20:25:01.482  9411  9411 D wpa_supplicant: wlan0: Limit manual scan to specified channels
02-17 20:25:01.482  9411  9411 D wpa_supplicant: wlan0: Add radio work 'scan'@0xb82eaf88
02-17 20:25:01.482  9411  9411 D wpa_supplicant: wlan0: First radio work item in the queue - schedule start immediately
02-17 20:25:01.482  9411  9411 D wpa_supplicant: wlan0: Starting radio work 'scan'@0xb82eaf88 after 0.000254 second wait
02-17 20:25:01.482  9411  9411 D wpa_supplicant: wlan0: nl80211: scan request
02-17 20:25:01.492  9411  9411 D wpa_supplicant: Scan requested (ret=0) - scan timeout 30 seconds
02-17 20:25:01.492  9411  9411 D wpa_supplicant: nl80211: Drv Event 33 (NL80211_CMD_TRIGGER_SCAN) received for wlan0
02-17 20:25:01.492  9411  9411 D wpa_supplicant: wlan0: nl80211: Scan trigger
02-17 20:25:01.492  9411  9411 D wpa_supplicant: wlan0: Event SCAN_STARTED (47) received
02-17 20:25:01.493  9411  9411 D wpa_supplicant: wlan0: Own scan request started a scan in 0.000481 seconds
02-17 20:25:01.545  9411  9411 D wpa_supplicant: nl80211: Drv Event 34 (NL80211_CMD_NEW_SCAN_RESULTS) received for wlan0
02-17 20:25:01.545  9411  9411 D wpa_supplicant: wlan0: nl80211: New scan results available
02-17 20:25:01.545  9411  9411 D wpa_supplicant: nl80211: Scan included frequencies: 2472
