02-17 20:18:03.869  2455  3538 W BroadcastQueue: Permission Denial: receiving Intent { act=android.telecom.action.PHONE_ACCOUNT_REGISTERED flg=0x10 (has extras) } to com.android.providers.contacts/.PhoneAccountRegistrationReceiver requires android.permission.PROCESS_PHONE_ACCOUNT_REGISTRATION due to sender android (uid 1000)
02-17 20:18:03.949  2455  3498 D PMS     : Setting HAL interactive mode to false
02-17 20:18:03.950  2455  3498 D PMS     : Setting HAL interactive mode to false done
02-17 20:18:03.950  2455  3498 D PMS     : Setting HAL auto-suspend mode to true
02-17 20:18:03.950  2455  3498 D PMS     : Setting HAL auto-suspend mode done
02-17 20:18:03.950  2455  2455 I InputManager: Cancel all due to getting PMS screen off broadcast. ActualScreenOn=false
02-17 20:18:03.952  2455  3548 D PMS     : acquireWL(8bd2222): PARTIAL_WAKE_LOCK  HtcLockScreen:sinaWp_10 0x1 3549 10017 null
02-17 20:18:03.962  2455  2473 I ActivityManager: Start proc 28727:com.htc.htcpowermanager:remote/1000 for broadcast com.htc.htcpowermanager/.PowerCommonReceiver
02-17 20:18:03.976  2455  3471 D PMS     : acquireWL(13a14b3): PARTIAL_WAKE_LOCK  WifiSuspend 0x1 2455 1000 null
02-17 20:18:03.979  2455  4371 D PMS     : releaseWL(8bd2222): PARTIAL_WAKE_LOCK  HtcLockScreen:sinaWp_10 0x1 null
02-17 20:18:03.983  2455  3410 D NetworkPolicy: updateScreenOn: false
02-17 20:18:04.016  2455  3471 D PMS     : releaseWL(13a14b3): PARTIAL_WAKE_LOCK  WifiSuspend 0x1 null
02-17 20:18:04.073  2455  3548 D PMS     : acquireWL(d7b8a70): PARTIAL_WAKE_LOCK  Wakeful StateMachine: GeofencerStateMachine 0x1 4006 10141 WorkSource{10141 com.google.android.gms}
02-17 20:18:04.074  2455  4373 D PMS     : releaseWL(d7b8a70): PARTIAL_WAKE_LOCK  Wakeful StateMachine: GeofencerStateMachine 0x1 WorkSource{10141 com.google.android.gms}
02-17 20:18:04.082  2455  4373 D PMS     : acquireWL(46841e9): PARTIAL_WAKE_LOCK  NlpWakeLock 0x1 4006 10141 WorkSource{10141 com.google.android.gms}
02-17 20:18:04.083 28727 28727 W ContextImpl: Calling a method in the system process without a qualified user: android.app.ContextImpl.startService:1229 android.content.ContextWrapper.startService:581 android.content.ContextWrapper.startService:581 com.htc.htcpowermanager.PowerCommonReceiver.onReceive:20 android.app.ActivityThread.handleReceiver:2835 
02-17 20:18:04.086  2455  4121 D PMS     : releaseWL(46841e9): PARTIAL_WAKE_LOCK  NlpWakeLock 0x1 WorkSource{10141 com.google.android.gms}
02-17 20:18:04.144 28727 28741 W ContextImpl: Calling a method in the system process without a qualified user: android.app.ContextImpl.startService:1229 android.content.ContextWrapper.startService:581 com.htc.htcpowermanager.battery.PowerUsageReceiver.onReceive:21 android.support.v4.content.LocalBroadcastManager.executePendingBroadcasts:297 android.support.v4.content.LocalBroadcastManager.sendBroadcastSync:278 
02-17 20:18:04.147 28727 28741 W ContextImpl: Calling a method in the system process without a qualified user: android.app.ContextImpl.startService:1229 android.content.ContextWrapper.startService:581 com.htc.htcpowermanager.extremepowersaver.ExtremePowerSaverReceiver.onReceive:24 android.support.v4.content.LocalBroadcastManager.executePendingBroadcasts:297 android.support.v4.content.LocalBroadcastManager.sendBroadcastSync:278 
02-17 20:18:04.152  2455  3548 D PMS     : acquireWL(37a13a5): PARTIAL_WAKE_LOCK  BatteryServiceUpdateStats_3 0x1 2455 1000 null
02-17 20:18:04.152  2455  3548 I BatteryService: n_update end
02-17 20:18:04.152  2455  3548 D PMS     : releaseWL(37a13a5): PARTIAL_WAKE_LOCK  BatteryServiceUpdateStats_3 0x1 null
02-17 20:18:04.158  2455  2475 E KernelWakelockReader: neither /proc/wakelocks nor /d/wakeup_sources exists
02-17 20:18:04.159  2455  2475 W BatSI   : Couldn't get kernel wake lock stats
02-17 20:18:04.161  2455  2824 D HtcPowerSaver: updateBatteryInfo
02-17 20:18:04.161  2455  2455 I DeviceIdleController: updateChargingLocked: charging=true
02-17 20:18:04.161  2455  2455 W DeviceIdleController: becomeActiveLocked, reason = charging
02-17 20:18:04.161  2455  2455 D PMS     : runPSCheck
02-17 20:18:04.161  2455  2455 D HtcPowerSaver: Checking...
02-17 20:18:04.161  2455  2455 I HtcPowerSaver: >> updateStatus
02-17 20:18:04.162  2455  2455 I HtcPowerSaver: << updateStatus
02-17 20:18:04.163  3549  3549 D PowerUI : closing low battery warning: level=65
02-17 20:18:04.200  2455  2466 E KernelWakelockReader: neither /proc/wakelocks nor /d/wakeup_sources exists
02-17 20:18:04.202  2455  2466 W BatSI   : Couldn't get kernel wake lock stats
02-17 20:18:04.240  2455  4175 D PMS     : acquireWL(5c692b8): PARTIAL_WAKE_LOCK  CMWakeLock 0x1 4006 10141 WorkSource{10141 com.google.android.gms}
02-17 20:18:04.245  2455  3548 D PMS     : releaseWL(5c692b8): PARTIAL_WAKE_LOCK  CMWakeLock 0x1 WorkSource{10141 com.google.android.gms}
02-17 20:18:04.275  2455  4190 D PMS     : acquireWL(890b891): PARTIAL_WAKE_LOCK  CMWakeLock 0x1 4006 10141 WorkSource{10141 com.google.android.gms}
02-17 20:18:04.289  2455  2466 D PMS     : releaseWL(890b891): PARTIAL_WAKE_LOCK  CMWakeLock 0x1 WorkSource{10141 com.google.android.gms}
02-17 20:18:04.304  2455  4375 E KernelWakelockReader: neither /proc/wakelocks nor /d/wakeup_sources exists
02-17 20:18:04.304  2455  4375 W BatSI   : Couldn't get kernel wake lock stats
02-17 20:18:04.349  2455  4121 D PMS     : acquireWL(40103f7): PARTIAL_WAKE_LOCK  CMWakeLock 0x1 4006 10141 WorkSource{10141 com.google.android.gms}
02-17 20:18:04.350  2455  2466 D PMS     : releaseWL(40103f7): PARTIAL_WAKE_LOCK  CMWakeLock 0x1 WorkSource{10141 com.google.android.gms}
02-17 20:18:30.257  2455  2455 D PMS     : acquireWL(bae2264): PARTIAL_WAKE_LOCK  GpsLocationProvider 0x1 2455 1000 null
02-17 20:18:30.301  2455  2455 D WifiService: @onServiceStateChanged: 1 1 voice home data home null null null null null null  Unknown Unknown CSS not supported 0 0 RoamInd=1 DefRoamInd=0 EmergOnly=false IsDataRoamingFromRegistration=falseEriInd= 1EriMode= 0RadioPowerSv: false EmergOnly=false PhoneType: 2 IMSRegState: -1
02-17 20:18:30.301  2455  2455 D HtcASN_1.1: onServiceStateChanged...
02-17 20:18:30.303  2455  2455 D HtcASN_1.1: Keep  0: type=Wi-Fi mSimExist=false mFlightMode=false HtcLevel=null
02-17 20:18:30.326  2455  2472 D PMS     : releaseWL(bae2264): PARTIAL_WAKE_LOCK  GpsLocationProvider 0x1 null
02-17 20:18:30.357  2455  4373 I Telecom : PhoneAccountRegistrar: [ComponentInfo{com.android.phone/com.android.services.telephony.TelephonyConnectionService}, [e0184adedf913b076626646d3f52c3b49c39ad6d], UserHandle{0}(icon: Icon(typ=BITMAP size=57x72) -> Icon(typ=BITMAP size=57x72))]
02-17 20:18:30.359  2455  4373 I Telecom : : Sending phone-account intent as user
02-17 20:18:30.367  2455  2465 W Telecom : : No account found for the calling user
02-17 20:18:30.372  2455  4372 W BroadcastQueue: Permission Denial: receiving Intent { act=android.telecom.action.PHONE_ACCOUNT_REGISTERED flg=0x10 (has extras) } to com.android.providers.contacts/.PhoneAccountRegistrationReceiver requires android.permission.PROCESS_PHONE_ACCOUNT_REGISTRATION due to sender android (uid 1000)
02-17 20:18:41.349  2455  3538 D PMS     : acquireWL(d1d70b): PARTIAL_WAKE_LOCK  BatteryServiceUpdateStats_3 0x1 2455 1000 null
02-17 20:18:41.352  2455  3538 I BatteryService: n_update end
02-17 20:18:41.372  2455  2455 I DeviceIdleController: updateChargingLocked: charging=true
02-17 20:18:41.372  2455  2455 W DeviceIdleController: becomeActiveLocked, reason = charging
02-17 20:18:41.382  3549  3549 D PowerUI : closing low battery warning: level=65
02-17 20:18:41.391  2455  2824 D HtcPowerSaver: updateBatteryInfo
02-17 20:18:41.397  2455  3538 D PMS     : releaseWL(d1d70b): PARTIAL_WAKE_LOCK  BatteryServiceUpdateStats_3 0x1 null
02-17 20:18:41.408  2455  2455 D PMS     : runPSCheck
02-17 20:18:41.408  2455  2455 D HtcPowerSaver: Checking...
02-17 20:18:41.408  2455  2455 I HtcPowerSaver: >> updateStatus
02-17 20:18:41.410  2455  2455 I HtcPowerSaver: << updateStatus
02-17 20:18:50.249  2455  4190 D PMS     : acquireWL(66019e8): PARTIAL_WAKE_LOCK  EasyAccessServiceHoldWakeLock_1 0x1 3549 10017 null
02-17 20:18:50.331  2455  4136 I ActivityManager: Start proc 28827:com.htc.sense.easyaccessservice/u0a17 for service com.htc.sense.easyaccessservice/.EasyAccessInternalProcessService
02-17 20:18:50.333  2455  4375 D PMS     : releaseWL(66019e8): PARTIAL_WAKE_LOCK  EasyAccessServiceHoldWakeLock_1 0x1 null
02-17 20:18:50.335  2455  4378 I PMS     : Waking up from sleep (uid 10017)...
02-17 20:18:50.335  2455  4378 I InputMethodManagerService: setInteractive=true
02-17 20:18:50.338  2455  2455 D StatusBarManagerService: swetImeWindowStatus vis=0 backDisposition=0
02-17 20:18:50.338  2455  2455 I InputMethodManagerService: Enable input method client, pid=23553
02-17 20:18:50.344  2455  2824 I XAN-DPC : Blocking screen on until initial contents have been drawn.
02-17 20:18:50.350  2455  3498 D XAN-DPS : setBrightness to 0
02-17 20:18:50.350  2455  3498 D PMS     : Setting HAL auto-suspend mode to false
02-17 20:18:50.350  2455  3498 D PMS     : Setting HAL auto-suspend mode done
02-17 20:18:50.350  2455  3498 D PMS     : Setting HAL interactive mode to true
02-17 20:18:50.350  2455  3498 D PMS     : Setting HAL interactive mode to true done
02-17 20:18:50.351  2455  2783 I DisplayManagerService: Display device changed state: "内置屏幕", ON
02-17 20:18:50.365  2455  2455 D DeviceIdleController: updateDisplayLocked: screenOn=true
02-17 20:18:50.365  2455  2455 W DeviceIdleController: becomeActiveLocked, reason = screen
02-17 20:18:50.382 28727 28727 W ContextImpl: Calling a method in the system process without a qualified user: android.app.ContextImpl.startService:1229 android.content.ContextWrapper.startService:581 android.content.ContextWrapper.startService:581 com.htc.htcpowermanager.PowerCommonReceiver.onReceive:20 android.app.ActivityThread.handleReceiver:2835 
02-17 20:18:50.423  2455  3410 D NetworkPolicy: updateScreenOn: true
02-17 20:18:50.458  2455  2455 D PMS     : acquireWL(244d8e7): PARTIAL_WAKE_LOCK  GpsLocationProvider 0x1 2455 1000 null
02-17 20:18:50.469  2455  2455 D WifiService: @onServiceStateChanged: 1 1 voice home data home null null null null null null  Unknown Unknown CSS not supported 0 0 RoamInd=1 DefRoamInd=0 EmergOnly=false IsDataRoamingFromRegistration=falseEriInd= 1EriMode= 0RadioPowerSv: true EmergOnly=false PhoneType: 2 IMSRegState: -1
02-17 20:18:50.469  2455  2455 D HtcASN_1.1: onServiceStateChanged...
02-17 20:18:50.471  2455  2455 D HtcASN_1.1: Keep  0: type=Wi-Fi mSimExist=false mFlightMode=false HtcLevel=null
02-17 20:18:50.515  2455  4175 I Telecom : PhoneAccountRegistrar: [ComponentInfo{com.android.phone/com.android.services.telephony.TelephonyConnectionService}, [e0184adedf913b076626646d3f52c3b49c39ad6d], UserHandle{0}(icon: Icon(typ=BITMAP size=57x72) -> Icon(typ=BITMAP size=57x72))]
02-17 20:18:50.517  2455  4175 I Telecom : : Sending phone-account intent as user
02-17 20:18:50.518  2455  2824 I XAN-DPC : Unblocked screen on after 174 ms
02-17 20:18:50.524 28727 28867 W ContextImpl: Calling a method in the system process without a qualified user: android.app.ContextImpl.startService:1229 android.content.ContextWrapper.startService:581 com.htc.htcpowermanager.battery.PowerUsageReceiver.onReceive:21 android.support.v4.content.LocalBroadcastManager.executePendingBroadcasts:297 android.support.v4.content.LocalBroadcastManager.sendBroadcastSync:278 
02-17 20:18:50.525  2455  4190 W Telecom : : No account found for the calling user
02-17 20:18:50.533 28727 28867 W ContextImpl: Calling a method in the system process without a qualified user: android.app.ContextImpl.startService:1229 android.content.ContextWrapper.startService:581 com.htc.htcpowermanager.extremepowersaver.ExtremePowerSaverReceiver.onReceive:24 android.support.v4.content.LocalBroadcastManager.executePendingBroadcasts:297 android.support.v4.content.LocalBroadcastManager.sendBroadcastSync:278 
02-17 20:18:50.568  2455  4375 E KernelWakelockReader: neither /proc/wakelocks nor /d/wakeup_sources exists
02-17 20:18:50.568  2455  4375 W BatSI   : Couldn't get kernel wake lock stats
02-17 20:18:50.588  2455  3498 D XAN-DPS : setBrightness to 47
02-17 20:18:50.595  2455  3649 W BroadcastQueue: Permission Denial: receiving Intent { act=android.telecom.action.PHONE_ACCOUNT_REGISTERED flg=0x10 (has extras) } to com.android.providers.contacts/.PhoneAccountRegistrationReceiver requires android.permission.PROCESS_PHONE_ACCOUNT_REGISTRATION due to sender android (uid 1000)
02-17 20:18:50.656  2455  4375 E KernelWakelockReader: neither /proc/wakelocks nor /d/wakeup_sources exists
02-17 20:18:50.657  2455  4375 W BatSI   : Couldn't get kernel wake lock stats
02-17 20:18:50.658  2455  3649 D PMS     : acquireWL(e25e41d): PARTIAL_WAKE_LOCK  CMWakeLock 0x1 4006 10141 WorkSource{10141 com.google.android.gms}
02-17 20:18:50.677  2455  4145 D PMS     : releaseWL(e25e41d): PARTIAL_WAKE_LOCK  CMWakeLock 0x1 WorkSource{10141 com.google.android.gms}
02-17 20:18:50.690  2455  4370 D PMS     : acquireWL(d112692): PARTIAL_WAKE_LOCK  Wakeful StateMachine: GeofencerStateMachine 0x1 4006 10141 WorkSource{10141 com.google.android.gms}
02-17 20:18:50.690  2455  4375 D PMS     : releaseWL(d112692): PARTIAL_WAKE_LOCK  Wakeful StateMachine: GeofencerStateMachine 0x1 WorkSource{10141 com.google.android.gms}
02-17 20:18:50.695  2455  2472 D PMS     : releaseWL(244d8e7): PARTIAL_WAKE_LOCK  GpsLocationProvider 0x1 null
02-17 20:18:50.708  2455  2824 D XAN-DPC : mRamp.onAnimationEnd. policy=3
02-17 20:18:50.715  2455  4371 D PMS     : acquireWL(fa1863): PARTIAL_WAKE_LOCK  NlpWakeLock 0x1 4006 10141 WorkSource{10141 com.google.android.gms}
02-17 20:18:50.718  2455  4370 D PMS     : acquireWL(d7cbc60): PARTIAL_WAKE_LOCK  CMWakeLock 0x1 4006 10141 WorkSource{10141 com.google.android.gms}
02-17 20:18:50.719  2455  4190 D PMS     : releaseWL(fa1863): PARTIAL_WAKE_LOCK  NlpWakeLock 0x1 WorkSource{10141 com.google.android.gms}
02-17 20:18:50.724  2455  4145 D PMS     : releaseWL(d7cbc60): PARTIAL_WAKE_LOCK  CMWakeLock 0x1 WorkSource{10141 com.google.android.gms}
02-17 20:18:50.750  2455  4145 D PMS     : acquireWL(1c1a519): PARTIAL_WAKE_LOCK  BatteryServiceUpdateStats_3 0x1 2455 1000 null
02-17 20:18:50.750  2455  4145 I BatteryService: n_update end
02-17 20:18:50.750  2455  4145 D PMS     : releaseWL(1c1a519): PARTIAL_WAKE_LOCK  BatteryServiceUpdateStats_3 0x1 null
02-17 20:18:50.751  2455  2824 D HtcPowerSaver: updateBatteryInfo
02-17 20:18:50.753  3549  3549 D PowerUI : closing low battery warning: level=65
02-17 20:18:50.754  2455  2455 I DeviceIdleController: updateChargingLocked: charging=true
02-17 20:18:50.754  2455  2455 W DeviceIdleController: becomeActiveLocked, reason = charging
02-17 20:18:50.754  2455  2455 D PMS     : runPSCheck
02-17 20:18:50.754  2455  2455 D HtcPowerSaver: Checking...
02-17 20:18:50.754  2455  2455 I HtcPowerSaver: >> updateStatus
02-17 20:18:50.755  2455  2455 I HtcPowerSaver: << updateStatus
02-17 20:18:50.814  2455  4121 D PMS     : acquireWL(a1719de): PARTIAL_WAKE_LOCK  BatteryServiceUpdateStats_3 0x1 2455 1000 null
02-17 20:18:50.814  2455  4121 I BatteryService: n_update end
02-17 20:18:50.814  2455  4121 D PMS     : releaseWL(a1719de): PARTIAL_WAKE_LOCK  BatteryServiceUpdateStats_3 0x1 null
02-17 20:18:50.815  2455  2824 D HtcPowerSaver: updateBatteryInfo
02-17 20:18:50.817  2455  2455 I DeviceIdleController: updateChargingLocked: charging=true
02-17 20:18:50.817  2455  2455 W DeviceIdleController: becomeActiveLocked, reason = charging
02-17 20:18:50.817  2455  2455 D PMS     : runPSCheck
02-17 20:18:50.817  2455  2455 D HtcPowerSaver: Checking...
02-17 20:18:50.817  2455  2455 I HtcPowerSaver: >> updateStatus
02-17 20:18:50.817  3549  3549 D PowerUI : closing low battery warning: level=65
02-17 20:18:50.818  2455  2455 I HtcPowerSaver: << updateStatus
02-17 20:18:51.536  2455  4175 D PMS     : acquireWL(56bd7bf): PARTIAL_WAKE_LOCK  BatteryServiceUpdateStats_3 0x1 2455 1000 null
02-17 20:18:51.536  2455  4175 I BatteryService: n_update end
02-17 20:18:51.536  2455  4175 D PMS     : releaseWL(56bd7bf): PARTIAL_WAKE_LOCK  BatteryServiceUpdateStats_3 0x1 null
02-17 20:18:51.537  2455  2824 D HtcPowerSaver: updateBatteryInfo
02-17 20:18:51.540  3549  3549 D PowerUI : closing low battery warning: level=65
02-17 20:18:51.542  2455  2455 I DeviceIdleController: updateChargingLocked: charging=true
02-17 20:18:51.542  2455  2455 W DeviceIdleController: becomeActiveLocked, reason = charging
02-17 20:18:51.542  2455  2455 D PMS     : runPSCheck
02-17 20:18:51.542  2455  2455 D HtcPowerSaver: Checking...
02-17 20:18:51.542  2455  2455 I HtcPowerSaver: >> updateStatus
02-17 20:18:51.543  2455  2455 I HtcPowerSaver: << updateStatus
02-17 20:18:51.752  2455  2455 D ValidateNoPeople: setContact(com.tencent.mtt,0.0,false)
02-17 20:18:52.051  2455  3471 W ContextImpl: Calling a method in the system process without a qualified user: android.app.ContextImpl.sendBroadcast:771 com.android.server.wifi.WifiStateMachine.sendDongleScanResultsAvailableBroadcast:14355 com.android.server.wifi.WifiStateMachine.handleMediaLinkEvent:14523 com.android.server.wifi.WifiStateMachine.access$2700:257 com.android.server.wifi.WifiStateMachine$SupplicantStartedState.processMessage:8447 
02-17 20:18:52.099  2455  4370 D PMS     : acquireWL(7613e8c): PARTIAL_WAKE_LOCK  NlpWakeLock 0x1 4006 10141 WorkSource{10141 com.google.android.gms}
02-17 20:18:52.103  2455  2465 D PMS     : acquireWL(1be79d5): PARTIAL_WAKE_LOCK  CMWakeLock 0x1 4006 10141 WorkSource{10141 com.google.android.gms}
02-17 20:18:52.121  2455  4378 D PMS     : releaseWL(7613e8c): PARTIAL_WAKE_LOCK  NlpWakeLock 0x1 WorkSource{10141 com.google.android.gms}
02-17 20:18:52.170  2455  4373 D PMS     : releaseWL(1be79d5): PARTIAL_WAKE_LOCK  CMWakeLock 0x1 WorkSource{10141 com.google.android.gms}
02-17 20:18:52.608  2455  2466 D PMS     : acquireHCC(6f6f5ea): CPU_MIN_FREQ SystemUI_3.0 0x2000 3549 10017 null
02-17 20:18:52.609  2455  3649 D PMS     : acquireHCC(31030db): CPU_MIN_NUM SystemUI_3.0 0x8000 3549 10017 null
02-17 20:18:53.053   439  2283 E NetlinkEvent: NetlinkEvent::FindParam(): Parameter 'TIME_NS' not found
02-17 20:18:53.053   439  2283 E NetlinkEvent: NetlinkEvent::FindParam(): Parameter 'UID' not found
02-17 20:18:53.139  2455  2474 D StatusBarManagerService: setSystemUiVisibility(0x9602)
02-17 20:18:53.139  2455  2474 D StatusBarManagerService: disable:userId=0 what=0x0 which=0x1 pkg=Window{1963c1e u0 StatusBar}
02-17 20:18:53.139  2455  2474 D StatusBarManagerService: hiding MENU key
02-17 20:18:53.190  2455  2474 D StatusBarManagerService: setSystemUiVisibility(0x209602)
02-17 20:18:53.190  2455  2474 D StatusBarManagerService: disable:userId=0 what=0x200000 which=0x1 pkg=Window{1963c1e u0 StatusBar}
02-17 20:18:53.190  2455  2474 D StatusBarManagerService: hiding MENU key
02-17 20:18:53.370  2455  4375 D PMS     : releaseHCC(6f6f5ea): CPU_MIN_FREQ SystemUI_3.0 0x2000 null
02-17 20:18:53.371  2455  3548 D PMS     : releaseHCC(31030db): CPU_MIN_NUM SystemUI_3.0 0x8000 null
02-17 20:18:54.221  2455  2455 D PMS     : acquireWL(1d6ffb7): PARTIAL_WAKE_LOCK  lockoutResetCallback 0x1 3549 10017 null
02-17 20:18:54.233  2455  4373 D PMS     : releaseWL(1d6ffb7): PARTIAL_WAKE_LOCK  lockoutResetCallback 0x1 null
02-17 20:18:54.387  2455  4175 D StatusBarManagerService: disable:userId=0 what=0x0 which=0x1 pkg=com.android.systemui
02-17 20:18:54.395  2455  4378 D PMS     : acquireWL(d3b06cb): PARTIAL_WAKE_LOCK  NlpWakeLock 0x1 4006 10141 WorkSource{10141 com.google.android.gms}
02-17 20:18:54.398  2455  4175 D PMS     : releaseWL(d3b06cb): PARTIAL_WAKE_LOCK  NlpWakeLock 0x1 WorkSource{10141 com.google.android.gms}
02-17 20:18:54.423  2455  2474 D StatusBarManagerService: setSystemUiVisibility(0x9602)
02-17 20:18:54.423  2455  2474 D StatusBarManagerService: disable:userId=0 what=0x0 which=0x1 pkg=Window{f8da5fa u0 com.hangseng.cmbmobileapp/com.hangseng.cmb.dbb.login.ui.LoginActivity}
02-17 20:18:54.423  2455  2474 D StatusBarManagerService: hiding MENU key
02-17 20:18:54.428  2455  3538 W InputMethodManagerService: Window already focused, ignoring focus gain of: com.android.internal.view.IInputMethodClient$Stub$Proxy@59dfdc1 attribute=EditorInfo { packageName=com.hangseng.cmbmobileapp, inputType=0x80081, imeOptions=0xc001005, privateImeOptions=null }, token = android.os.BinderProxy@460a025, client pid=23553, inputType=0x80081
02-17 20:18:54.437 20271 20271 W ContextImpl: Calling a method in the system process without a qualified user: android.app.ContextImpl.startService:1229 android.content.ContextWrapper.startService:581 android.content.ContextWrapper.startService:581 com.android.settings.framework.app.HtcSystemReceiver.onReceive:44 android.app.ActivityThread.handleReceiver:2835 
02-17 20:18:54.444 20271 20271 W ContextImpl: Calling a method in the system process without a qualified user: android.app.ContextImpl.startService:1229 android.content.ContextWrapper.startService:581 com.android.settings.PSReceiver.onReceive:45 android.support.v4.content.g.a:297 android.support.v4.content.g.a:46 
02-17 20:18:54.488  2455  4145 I ActivityManager: Start proc 29054:com.mobilesrepublic.appy/u0a125 for broadcast com.mobilesrepublic.appy/.notifs.Notifications
02-17 20:18:54.652  2455  2466 D WifiDisplayAdapter: getWifiDisplayStatusLocked: result=WifiDisplayStatus{featureState=2, scanState=0, activeDisplayState=0, activeDisplay=null, displays=[], sessionInfo=WifiDisplaySessionInfo:
02-17 20:18:54.652  2455  2466 D WifiDisplayAdapter:     Client/Owner: Client
02-17 20:18:54.652  2455  2466 D WifiDisplayAdapter:     GroupId: 
02-17 20:18:54.652  2455  2466 D WifiDisplayAdapter:     Passphrase: 
02-17 20:18:54.652  2455  2466 D WifiDisplayAdapter:     SessionId: 0
02-17 20:18:54.652  2455  2466 D WifiDisplayAdapter:     IP Address: }
02-17 20:18:55.344  2455  2824 D XAN-DPC : mRamp.onAnimationEnd. policy=3
02-17 20:18:55.465  2455  2455 D ValidateNoPeople: setContact(com.tencent.mtt,0.0,false)
02-17 20:18:55.667  2455  3471 W ContextImpl: Calling a method in the system process without a qualified user: android.app.ContextImpl.sendBroadcast:771 com.android.server.wifi.WifiStateMachine.sendDongleScanResultsAvailableBroadcast:14355 com.android.server.wifi.WifiStateMachine.handleMediaLinkEvent:14523 com.android.server.wifi.WifiStateMachine.access$2700:257 com.android.server.wifi.WifiStateMachine$SupplicantStartedState.processMessage:8447 
02-17 20:18:55.676  2455  4373 D PMS     : acquireWL(6f00fa): PARTIAL_WAKE_LOCK  NlpWakeLock 0x1 4006 10141 WorkSource{10141 com.google.android.gms}
02-17 20:18:55.679  2455  2465 D PMS     : releaseWL(6f00fa): PARTIAL_WAKE_LOCK  NlpWakeLock 0x1 WorkSource{10141 com.google.android.gms}
02-17 20:19:00.001  2455  3401 D PMS     : acquireWL(cebc6ab): PARTIAL_WAKE_LOCK  *alarm* 0x40000001 2455 1000 WorkSource{1000}
02-17 20:19:00.002  2455  3401 D AlarmManager: sending alarm PendingIntent{b09b1dc: PendingIntentRecord{379f2e5 android broadcastIntent}}, i=android.intent.action.TIME_TICK, t=3, cnt=1, w=11230886, Int=0
02-17 20:19:00.078  2455  2824 D XAN-DPC : mRamp.onAnimationEnd. policy=3
02-17 20:19:00.122  2455  2455 D PMS     : releaseWL(cebc6ab): PARTIAL_WAKE_LOCK  *alarm* 0x40000001 WorkSource{1000}
02-17 20:19:05.624  2455  3548 D WifiDisplayAdapter: getWifiDisplayStatusLocked: result=WifiDisplayStatus{featureState=2, scanState=0, activeDisplayState=0, activeDisplay=null, displays=[], sessionInfo=WifiDisplaySessionInfo:
02-17 20:19:05.624  2455  3548 D WifiDisplayAdapter:     Client/Owner: Client
02-17 20:19:05.624  2455  3548 D WifiDisplayAdapter:     GroupId: 
02-17 20:19:05.624  2455  3548 D WifiDisplayAdapter:     Passphrase: 
02-17 20:19:05.624  2455  3548 D WifiDisplayAdapter:     SessionId: 0
02-17 20:19:05.624  2455  3548 D WifiDisplayAdapter:     IP Address: }
02-17 20:19:05.669  2455  4378 D WifiDisplayAdapter: getWifiDisplayStatusLocked: result=WifiDisplayStatus{featureState=2, scanState=0, activeDisplayState=0, activeDisplay=null, displays=[], sessionInfo=WifiDisplaySessionInfo:
02-17 20:19:05.669  2455  4378 D WifiDisplayAdapter:     Client/Owner: Client
02-17 20:19:05.669  2455  4378 D WifiDisplayAdapter:     GroupId: 
02-17 20:19:05.669  2455  4378 D WifiDisplayAdapter:     Passphrase: 
02-17 20:19:05.669  2455  4378 D WifiDisplayAdapter:     SessionId: 0
02-17 20:19:05.669  2455  4378 D WifiDisplayAdapter:     IP Address: }
02-17 20:19:06.744  2455  3471 W ContextImpl: Calling a method in the system process without a qualified user: android.app.ContextImpl.sendBroadcast:771 com.android.server.wifi.WifiStateMachine.sendDongleScanResultsAvailableBroadcast:14355 com.android.server.wifi.WifiStateMachine.handleMediaLinkEvent:14523 com.android.server.wifi.WifiStateMachine.access$2700:257 com.android.server.wifi.WifiStateMachine$SupplicantStartedState.processMessage:8447 
02-17 20:19:06.776  2455  4121 D PMS     : acquireWL(feb75dd): PARTIAL_WAKE_LOCK  NlpWakeLock 0x1 4006 10141 WorkSource{10141 com.google.android.gms}
02-17 20:19:06.783  2455  4373 D PMS     : acquireWL(b18b552): PARTIAL_WAKE_LOCK  CMWakeLock 0x1 4006 10141 WorkSource{10141 com.google.android.gms}
02-17 20:19:06.788  2455  4190 D PMS     : releaseWL(feb75dd): PARTIAL_WAKE_LOCK  NlpWakeLock 0x1 WorkSource{10141 com.google.android.gms}
02-17 20:19:06.808  2455  4136 D PMS     : releaseWL(b18b552): PARTIAL_WAKE_LOCK  CMWakeLock 0x1 WorkSource{10141 com.google.android.gms}
02-17 20:19:06.838  2455  2472 D PMS     : acquireWL(306023): PARTIAL_WAKE_LOCK  LocationManagerService 0x1 2455 1000 WorkSource{2899 com.htc.sense.hsp}
02-17 20:19:06.839  2455  4371 D PMS     : releaseWL(306023): PARTIAL_WAKE_LOCK  LocationManagerService 0x1 WorkSource{2899 com.htc.sense.hsp}
02-17 20:19:06.841  2455  2472 D PMS     : acquireWL(ff5c920): PARTIAL_WAKE_LOCK  LocationManagerService 0x1 2455 1000 WorkSource{1000 android}
02-17 20:19:06.842  2455  2472 D PMS     : acquireWL(dae92d9): PARTIAL_WAKE_LOCK  LocationManagerService 0x1 2455 1000 WorkSource{1000 android}
02-17 20:19:06.845  2455  2472 D PMS     : acquireWL(e8d49e): PARTIAL_WAKE_LOCK  LocationManagerService 0x1 2455 1000 WorkSource{10141 com.google.android.gms}
02-17 20:19:06.847  2455  2472 D PMS     : acquireWL(41edb7f): PARTIAL_WAKE_LOCK  LocationManagerService 0x1 2455 1000 WorkSource{10141 com.google.android.gms}
02-17 20:19:06.848  2455  2472 D PMS     : acquireWL(b3e574c): PARTIAL_WAKE_LOCK  LocationManagerService 0x1 2455 1000 WorkSource{10001 android.htc.china.location.service}
02-17 20:19:06.883  2455  2472 D PMS     : acquireWL(8ec8395): PARTIAL_WAKE_LOCK  LocationManagerService 0x1 2455 1000 WorkSource{2899 com.htc.sense.hsp}
02-17 20:19:06.884  2455  2466 D PMS     : releaseWL(e8d49e): PARTIAL_WAKE_LOCK  LocationManagerService 0x1 WorkSource{10141 com.google.android.gms}
02-17 20:19:06.885  2455  3548 D PMS     : releaseWL(41edb7f): PARTIAL_WAKE_LOCK  LocationManagerService 0x1 WorkSource{10141 com.google.android.gms}
02-17 20:19:06.885  2455  3538 D PMS     : releaseWL(b3e574c): PARTIAL_WAKE_LOCK  LocationManagerService 0x1 WorkSource{10001 android.htc.china.location.service}
02-17 20:19:06.924  2455  2455 D PMS     : releaseWL(ff5c920): PARTIAL_WAKE_LOCK  LocationManagerService 0x1 WorkSource{1000 android}
02-17 20:19:06.930  2455  2472 D PMS     : releaseWL(dae92d9): PARTIAL_WAKE_LOCK  LocationManagerService 0x1 WorkSource{1000 android}
02-17 20:19:06.931  2455  2472 D PMS     : releaseWL(8ec8395): PARTIAL_WAKE_LOCK  LocationManagerService 0x1 WorkSource{2899 com.htc.sense.hsp}
02-17 20:19:09.541  2455  3401 D PMS     : acquireWL(24fb09b): PARTIAL_WAKE_LOCK  *alarm* 0x1 2455 1000 WorkSource{10141 com.google.android.gms}
02-17 20:19:09.543  2455  3401 D AlarmManager: sending alarm PendingIntent{69f9c38: PendingIntentRecord{edec411 com.google.android.gms startService}}, i=com.google.android.gms.auth.authzen.cryptauth.DEVICE_STATE_CHECK_DELAY_COMPLETE, t=3, cnt=1, w=11240364, Int=0
02-17 20:19:09.543  2455  2455 D PMS     : releaseWL(24fb09b): PARTIAL_WAKE_LOCK  *alarm* 0x1 WorkSource{10141 com.google.android.gms}
02-17 20:19:11.004  2455  3471 W ContextImpl: Calling a method in the system process without a qualified user: android.app.ContextImpl.sendBroadcast:771 com.android.server.wifi.WifiStateMachine.sendDongleScanResultsAvailableBroadcast:14355 com.android.server.wifi.WifiStateMachine.handleMediaLinkEvent:14523 com.android.server.wifi.WifiStateMachine.access$2700:257 com.android.server.wifi.WifiStateMachine$SupplicantStartedState.processMessage:8447 
02-17 20:19:12.360  2455  3401 D PMS     : acquireWL(abcd976): PARTIAL_WAKE_LOCK  *alarm* 0x1 2455 1000 WorkSource{10135}
02-17 20:19:12.372  2455  3401 D AlarmManager: sending alarm PendingIntent{3eebb77: PendingIntentRecord{ece43e4 com.tencent.mtt broadcastIntent}}, i=com.tencent.mtt.service.ACTION_HEARTBEAT, t=0, cnt=1, w=1581941952359, Int=0
02-17 20:19:12.387  2455  2455 D PMS     : releaseWL(abcd976): PARTIAL_WAKE_LOCK  *alarm* 0x1 WorkSource{10135}
02-17 20:19:12.414   439  2283 E NetlinkEvent: NetlinkEvent::FindParam(): Parameter 'TIME_NS' not found
02-17 20:19:12.414   439  2283 E NetlinkEvent: NetlinkEvent::FindParam(): Parameter 'UID' not found
02-17 20:19:12.752  2455  2824 D XAN-DPC : mRamp.onAnimationEnd. policy=3
02-17 20:19:14.825  2455  4136 D WifiDisplayAdapter: getWifiDisplayStatusLocked: result=WifiDisplayStatus{featureState=2, scanState=0, activeDisplayState=0, activeDisplay=null, displays=[], sessionInfo=WifiDisplaySessionInfo:
02-17 20:19:14.825  2455  4136 D WifiDisplayAdapter:     Client/Owner: Client
02-17 20:19:14.825  2455  4136 D WifiDisplayAdapter:     GroupId: 
02-17 20:19:14.825  2455  4136 D WifiDisplayAdapter:     Passphrase: 
02-17 20:19:14.825  2455  4136 D WifiDisplayAdapter:     SessionId: 0
02-17 20:19:14.825  2455  4136 D WifiDisplayAdapter:     IP Address: }
02-17 20:19:15.968  2455  3471 W ContextImpl: Calling a method in the system process without a qualified user: android.app.ContextImpl.sendBroadcast:771 com.android.server.wifi.WifiStateMachine.sendDongleScanResultsAvailableBroadcast:14355 com.android.server.wifi.WifiStateMachine.handleMediaLinkEvent:14523 com.android.server.wifi.WifiStateMachine.access$2700:257 com.android.server.wifi.WifiStateMachine$SupplicantStartedState.processMessage:8447 
02-17 20:19:16.032  2455  4373 D PMS     : acquireWL(e767c05): PARTIAL_WAKE_LOCK  NlpWakeLock 0x1 4006 10141 WorkSource{10141 com.google.android.gms}
02-17 20:19:16.037  2455  3649 D PMS     : acquireWL(31a845a): PARTIAL_WAKE_LOCK  CMWakeLock 0x1 4006 10141 WorkSource{10141 com.google.android.gms}
02-17 20:19:16.046  2455  4136 D PMS     : releaseWL(e767c05): PARTIAL_WAKE_LOCK  NlpWakeLock 0x1 WorkSource{10141 com.google.android.gms}
02-17 20:19:16.064  2455  4370 D PMS     : releaseWL(31a845a): PARTIAL_WAKE_LOCK  CMWakeLock 0x1 WorkSource{10141 com.google.android.gms}
02-17 20:19:22.841  2455  4190 D WifiDisplayAdapter: getWifiDisplayStatusLocked: result=WifiDisplayStatus{featureState=2, scanState=0, activeDisplayState=0, activeDisplay=null, displays=[], sessionInfo=WifiDisplaySessionInfo:
02-17 20:19:22.841  2455  4190 D WifiDisplayAdapter:     Client/Owner: Client
02-17 20:19:22.841  2455  4190 D WifiDisplayAdapter:     GroupId: 
02-17 20:19:22.841  2455  4190 D WifiDisplayAdapter:     Passphrase: 
02-17 20:19:22.841  2455  4190 D WifiDisplayAdapter:     SessionId: 0
02-17 20:19:22.841  2455  4190 D WifiDisplayAdapter:     IP Address: }
02-17 20:19:24.059  2455  3471 W ContextImpl: Calling a method in the system process without a qualified user: android.app.ContextImpl.sendBroadcast:771 com.android.server.wifi.WifiStateMachine.sendDongleScanResultsAvailableBroadcast:14355 com.android.server.wifi.WifiStateMachine.handleMediaLinkEvent:14523 com.android.server.wifi.WifiStateMachine.access$2700:257 com.android.server.wifi.WifiStateMachine$SupplicantStartedState.processMessage:8447 
02-17 20:19:24.097  2455  4145 D PMS     : acquireWL(e39f68b): PARTIAL_WAKE_LOCK  NlpWakeLock 0x1 4006 10141 WorkSource{10141 com.google.android.gms}
02-17 20:19:24.106  2455  4378 D PMS     : acquireWL(24e8368): PARTIAL_WAKE_LOCK  CMWakeLock 0x1 4006 10141 WorkSource{10141 com.google.android.gms}
02-17 20:19:24.109  2455  4375 D PMS     : releaseWL(e39f68b): PARTIAL_WAKE_LOCK  NlpWakeLock 0x1 WorkSource{10141 com.google.android.gms}
02-17 20:19:24.122  2455  2465 D PMS     : releaseWL(24e8368): PARTIAL_WAKE_LOCK  CMWakeLock 0x1 WorkSource{10141 com.google.android.gms}
02-17 20:19:30.855  2455  3538 D WifiDisplayAdapter: getWifiDisplayStatusLocked: result=WifiDisplayStatus{featureState=2, scanState=0, activeDisplayState=0, activeDisplay=null, displays=[], sessionInfo=WifiDisplaySessionInfo:
02-17 20:19:30.855  2455  3538 D WifiDisplayAdapter:     Client/Owner: Client
02-17 20:19:30.855  2455  3538 D WifiDisplayAdapter:     GroupId: 
02-17 20:19:30.855  2455  3538 D WifiDisplayAdapter:     Passphrase: 
02-17 20:19:30.855  2455  3538 D WifiDisplayAdapter:     SessionId: 0
02-17 20:19:30.855  2455  3538 D WifiDisplayAdapter:     IP Address: }
02-17 20:19:32.010  2455  3471 W ContextImpl: Calling a method in the system process without a qualified user: android.app.ContextImpl.sendBroadcast:771 com.android.server.wifi.WifiStateMachine.sendDongleScanResultsAvailableBroadcast:14355 com.android.server.wifi.WifiStateMachine.handleMediaLinkEvent:14523 com.android.server.wifi.WifiStateMachine.access$2700:257 com.android.server.wifi.WifiStateMachine$SupplicantStartedState.processMessage:8447 
02-17 20:19:32.082  2455  4370 D PMS     : acquireWL(1e7d381): PARTIAL_WAKE_LOCK  NlpWakeLock 0x1 4006 10141 WorkSource{10141 com.google.android.gms}
02-17 20:19:32.090  2455  2465 D PMS     : acquireWL(8ec8c26): PARTIAL_WAKE_LOCK  CMWakeLock 0x1 4006 10141 WorkSource{10141 com.google.android.gms}
02-17 20:19:32.097  2455  4373 D PMS     : releaseWL(1e7d381): PARTIAL_WAKE_LOCK  NlpWakeLock 0x1 WorkSource{10141 com.google.android.gms}
02-17 20:19:32.111  2455  4175 D PMS     : releaseWL(8ec8c26): PARTIAL_WAKE_LOCK  CMWakeLock 0x1 WorkSource{10141 com.google.android.gms}
02-17 20:19:36.939  2455  4372 D WifiDisplayAdapter: getWifiDisplayStatusLocked: result=WifiDisplayStatus{featureState=2, scanState=0, activeDisplayState=0, activeDisplay=null, displays=[], sessionInfo=WifiDisplaySessionInfo:
02-17 20:19:36.939  2455  4372 D WifiDisplayAdapter:     Client/Owner: Client
02-17 20:19:36.939  2455  4372 D WifiDisplayAdapter:     GroupId: 
02-17 20:19:36.939  2455  4372 D WifiDisplayAdapter:     Passphrase: 
02-17 20:19:36.939  2455  4372 D WifiDisplayAdapter:     SessionId: 0
02-17 20:19:36.939  2455  4372 D WifiDisplayAdapter:     IP Address: }
02-17 20:19:38.139  2455  3471 W ContextImpl: Calling a method in the system process without a qualified user: android.app.ContextImpl.sendBroadcast:771 com.android.server.wifi.WifiStateMachine.sendDongleScanResultsAvailableBroadcast:14355 com.android.server.wifi.WifiStateMachine.handleMediaLinkEvent:14523 com.android.server.wifi.WifiStateMachine.access$2700:257 com.android.server.wifi.WifiStateMachine$SupplicantStartedState.processMessage:8447 
02-17 20:19:38.181  2455  2466 D PMS     : acquireWL(acf7067): PARTIAL_WAKE_LOCK  NlpWakeLock 0x1 4006 10141 WorkSource{10141 com.google.android.gms}
02-17 20:19:38.200  2455  4372 D PMS     : acquireWL(53c6e14): PARTIAL_WAKE_LOCK  CMWakeLock 0x1 4006 10141 WorkSource{10141 com.google.android.gms}
02-17 20:19:38.215  2455  4190 D PMS     : releaseWL(acf7067): PARTIAL_WAKE_LOCK  NlpWakeLock 0x1 WorkSource{10141 com.google.android.gms}
02-17 20:19:38.246  2455  4372 D PMS     : releaseWL(53c6e14): PARTIAL_WAKE_LOCK  CMWakeLock 0x1 WorkSource{10141 com.google.android.gms}
02-17 20:19:38.288  2455  2472 D PMS     : acquireWL(bbd26bd): PARTIAL_WAKE_LOCK  LocationManagerService 0x1 2455 1000 WorkSource{2899 com.htc.sense.hsp}
02-17 20:19:38.289  2455  4121 D PMS     : releaseWL(bbd26bd): PARTIAL_WAKE_LOCK  LocationManagerService 0x1 WorkSource{2899 com.htc.sense.hsp}
02-17 20:19:38.290  2455  2472 D PMS     : acquireWL(48544b2): PARTIAL_WAKE_LOCK  LocationManagerService 0x1 2455 1000 WorkSource{1000 android}
02-17 20:19:38.291  2455  2472 D PMS     : acquireWL(b58ac03): PARTIAL_WAKE_LOCK  LocationManagerService 0x1 2455 1000 WorkSource{1000 android}
02-17 20:19:38.292  2455  2472 D PMS     : acquireWL(67c5780): PARTIAL_WAKE_LOCK  LocationManagerService 0x1 2455 1000 WorkSource{10141 com.google.android.gms}
02-17 20:19:38.293  2455  2472 D PMS     : acquireWL(29a71b9): PARTIAL_WAKE_LOCK  LocationManagerService 0x1 2455 1000 WorkSource{10141 com.google.android.gms}
02-17 20:19:38.294  2455  2472 D PMS     : acquireWL(87ef9fe): PARTIAL_WAKE_LOCK  LocationManagerService 0x1 2455 1000 WorkSource{10001 android.htc.china.location.service}
02-17 20:19:38.304  2455  2472 D PMS     : acquireWL(6b0055f): PARTIAL_WAKE_LOCK  LocationManagerService 0x1 2455 1000 WorkSource{2899 com.htc.sense.hsp}
02-17 20:19:38.305  2455  2455 D PMS     : releaseWL(48544b2): PARTIAL_WAKE_LOCK  LocationManagerService 0x1 WorkSource{1000 android}
02-17 20:19:38.305  2455  4372 D PMS     : releaseWL(67c5780): PARTIAL_WAKE_LOCK  LocationManagerService 0x1 WorkSource{10141 com.google.android.gms}
02-17 20:19:38.306  2455  3538 D PMS     : releaseWL(29a71b9): PARTIAL_WAKE_LOCK  LocationManagerService 0x1 WorkSource{10141 com.google.android.gms}
02-17 20:19:38.306  2455  4373 D PMS     : releaseWL(87ef9fe): PARTIAL_WAKE_LOCK  LocationManagerService 0x1 WorkSource{10001 android.htc.china.location.service}
02-17 20:19:38.307  2455  2472 D PMS     : releaseWL(b58ac03): PARTIAL_WAKE_LOCK  LocationManagerService 0x1 WorkSource{1000 android}
02-17 20:19:38.308  2455  2472 D PMS     : releaseWL(6b0055f): PARTIAL_WAKE_LOCK  LocationManagerService 0x1 WorkSource{2899 com.htc.sense.hsp}
02-17 20:19:38.862  2455  4375 D WifiDisplayAdapter: getWifiDisplayStatusLocked: result=WifiDisplayStatus{featureState=2, scanState=0, activeDisplayState=0, activeDisplay=null, displays=[], sessionInfo=WifiDisplaySessionInfo:
02-17 20:19:38.862  2455  4375 D WifiDisplayAdapter:     Client/Owner: Client
02-17 20:19:38.862  2455  4375 D WifiDisplayAdapter:     GroupId: 
02-17 20:19:38.862  2455  4375 D WifiDisplayAdapter:     Passphrase: 
02-17 20:19:38.862  2455  4375 D WifiDisplayAdapter:     SessionId: 0
02-17 20:19:38.862  2455  4375 D WifiDisplayAdapter:     IP Address: }
02-17 20:19:40.036  2455  3471 W ContextImpl: Calling a method in the system process without a qualified user: android.app.ContextImpl.sendBroadcast:771 com.android.server.wifi.WifiStateMachine.sendDongleScanResultsAvailableBroadcast:14355 com.android.server.wifi.WifiStateMachine.handleMediaLinkEvent:14523 com.android.server.wifi.WifiStateMachine.access$2700:257 com.android.server.wifi.WifiStateMachine$SupplicantStartedState.processMessage:8447 
02-17 20:19:40.086  2455  2466 D PMS     : acquireWL(10f6bac): PARTIAL_WAKE_LOCK  NlpWakeLock 0x1 4006 10141 WorkSource{10141 com.google.android.gms}
02-17 20:19:40.098  2455  4375 D PMS     : releaseWL(10f6bac): PARTIAL_WAKE_LOCK  NlpWakeLock 0x1 WorkSource{10141 com.google.android.gms}
02-17 20:19:47.774  2455  2824 D XAN-DPC : mRamp.onAnimationEnd. policy=2
02-17 20:19:47.775  2455  2824 D PMS     : MSG: UDAS false->true
02-17 20:19:50.930  2455  4145 D PMS     : acquireWL(9677075): PARTIAL_WAKE_LOCK  BatteryServiceUpdateStats_3 0x1 2455 1000 null
02-17 20:19:50.937  2455  4145 I BatteryService: n_update end
02-17 20:19:50.956  2455  2455 I DeviceIdleController: updateChargingLocked: charging=true
02-17 20:19:50.956  2455  2455 W DeviceIdleController: becomeActiveLocked, reason = charging
02-17 20:19:50.959  3549  3549 D PowerUI : closing low battery warning: level=65
02-17 20:19:50.975  2455  2824 D HtcPowerSaver: updateBatteryInfo
02-17 20:19:50.975  2455  2455 D PMS     : runPSCheck
02-17 20:19:50.975  2455  2455 D HtcPowerSaver: Checking...
02-17 20:19:50.976  2455  2455 I HtcPowerSaver: >> updateStatus
02-17 20:19:50.977  2455  2455 I HtcPowerSaver: << updateStatus
02-17 20:19:50.977  2455  4145 D PMS     : releaseWL(9677075): PARTIAL_WAKE_LOCK  BatteryServiceUpdateStats_3 0x1 null
02-17 20:19:51.892  2455  2455 D ValidateNoPeople: setContact(com.tencent.mtt,0.0,false)
02-17 20:19:52.106  2455  3471 W ContextImpl: Calling a method in the system process without a qualified user: android.app.ContextImpl.sendBroadcast:771 com.android.server.wifi.WifiStateMachine.sendDongleScanResultsAvailableBroadcast:14355 com.android.server.wifi.WifiStateMachine.handleMediaLinkEvent:14523 com.android.server.wifi.WifiStateMachine.access$2700:257 com.android.server.wifi.WifiStateMachine$SupplicantStartedState.processMessage:8447 
02-17 20:19:52.115  2455  2466 D PMS     : acquireWL(4ccb80a): PARTIAL_WAKE_LOCK  NlpWakeLock 0x1 4006 10141 WorkSource{10141 com.google.android.gms}
02-17 20:19:52.118  2455  4190 D PMS     : releaseWL(4ccb80a): PARTIAL_WAKE_LOCK  NlpWakeLock 0x1 WorkSource{10141 com.google.android.gms}
02-17 20:19:52.118  2455  4175 D PMS     : acquireWL(cf9987b): PARTIAL_WAKE_LOCK  CMWakeLock 0x1 4006 10141 WorkSource{10141 com.google.android.gms}
02-17 20:19:52.123  2455  4136 D PMS     : releaseWL(cf9987b): PARTIAL_WAKE_LOCK  CMWakeLock 0x1 WorkSource{10141 com.google.android.gms}
02-17 20:19:54.151  2455  2824 I PMS     : Going to sleep due to screen timeout (uid 1000)...
02-17 20:19:54.151  2455  2824 I InputMethodManagerService: setInteractive=false
02-17 20:19:54.151  2455  2824 I PMS     : Sleeping (uid 1000)...
02-17 20:19:54.151  2455  2824 D XAN-DPS : prepareColorFade 1
02-17 20:19:54.152  2455  2455 D StatusBarManagerService: swetImeWindowStatus vis=0 backDisposition=0
02-17 20:19:54.152  2455  2455 I InputMethodManagerService: Disable input method client, pid=23553
02-17 20:19:54.161  2455  2455 D PMS     : acquireWL(cdd9698): PARTIAL_WAKE_LOCK  ActivityManager-Sleep 0x1 2455 1000 null
02-17 20:19:54.166  2455  2455 W WindowManager: Screenshot failure taking screenshot for (1080x1920) to layer 21040
02-17 20:19:54.166  2455  2455 D ActivityManager: screenshot for ActivityRecord{ee70669 u0 com.hangseng.cmbmobileapp/com.hangseng.cmb.dbb.login.ui.LoginActivity t489}, bitmap=null, time = 4
02-17 20:19:54.260  2455  4136 D PMS     : releaseWL(cdd9698): PARTIAL_WAKE_LOCK  ActivityManager-Sleep 0x1 null
02-17 20:19:54.265  2455  4371 D PMS     : acquireWL(6618444): PARTIAL_WAKE_LOCK  show keyguard 0x1 3549 10017 null
02-17 20:19:54.308  2455  2824 D XAN-DPS : prepareColorFade done
02-17 20:19:54.308  2455  2824 D PMS     : MSG: UDAS true->false
02-17 20:19:54.349  2455  4378 D StatusBarManagerService: disable:userId=0 what=0x3200000 which=0x1 pkg=com.android.systemui
02-17 20:19:54.355  2455  4190 D PMS     : releaseWL(6618444): PARTIAL_WAKE_LOCK  show keyguard 0x1 null
02-17 20:19:54.361  2455  2474 D StatusBarManagerService: setSystemUiVisibility(0x409602)
02-17 20:19:54.361  2455  2474 D StatusBarManagerService: disable:userId=0 what=0x400000 which=0x1 pkg=Window{1963c1e u0 StatusBar}
02-17 20:19:54.361  2455  2474 D StatusBarManagerService: hiding MENU key
02-17 20:19:54.738  2455  3498 D XAN-DPS : setBrightness to 0
02-17 20:19:54.745  2455  2824 D XAN-DPC : mRamp.onAnimationEnd. policy=0
02-17 20:19:54.767  2455  3498 D XAN-DPS : setBrightness to 0
02-17 20:19:54.768  2455  2783 I DisplayManagerService: Display device changed state: "内置屏幕", OFF
02-17 20:19:54.769  2455  2455 D DeviceIdleController: updateDisplayLocked: screenOn=false
02-17 20:19:54.769  2455  2455 D DeviceIdleController: becomeInactiveIfAppropriateLocked()
02-17 20:19:54.975  2455  3498 D PMS     : Setting HAL interactive mode to false
02-17 20:19:54.976  2455  3498 D PMS     : Setting HAL interactive mode to false done
02-17 20:19:54.976  2455  3498 D PMS     : Setting HAL auto-suspend mode to true
02-17 20:19:54.976  2455  3498 D PMS     : Setting HAL auto-suspend mode done
02-17 20:19:54.979  2455  2455 I InputManager: Cancel all due to getting PMS screen off broadcast. ActualScreenOn=false
02-17 20:19:55.002  2455  4372 D PMS     : acquireWL(c9d966b): PARTIAL_WAKE_LOCK  HtcLockScreen:sinaWp_10 0x1 3549 10017 null
02-17 20:19:55.012 28727 28727 W ContextImpl: Calling a method in the system process without a qualified user: android.app.ContextImpl.startService:1229 android.content.ContextWrapper.startService:581 android.content.ContextWrapper.startService:581 com.htc.htcpowermanager.PowerCommonReceiver.onReceive:20 android.app.ActivityThread.handleReceiver:2835 
02-17 20:19:55.030  2455  3471 D PMS     : acquireWL(4afd5c8): PARTIAL_WAKE_LOCK  WifiSuspend 0x1 2455 1000 null
02-17 20:19:55.040  2455  3538 D PMS     : releaseWL(c9d966b): PARTIAL_WAKE_LOCK  HtcLockScreen:sinaWp_10 0x1 null
02-17 20:19:55.051  2455  3410 D NetworkPolicy: updateScreenOn: false
02-17 20:19:55.073 28727 28727 W ContextImpl: Calling a method in the system process without a qualified user: android.app.ContextImpl.startService:1229 android.content.ContextWrapper.startService:581 com.htc.htcpowermanager.battery.PowerUsageReceiver.onReceive:21 android.support.v4.content.LocalBroadcastManager.executePendingBroadcasts:297 android.support.v4.content.LocalBroadcastManager.access$000:46 
02-17 20:19:55.076 28727 28727 W ContextImpl: Calling a method in the system process without a qualified user: android.app.ContextImpl.startService:1229 android.content.ContextWrapper.startService:581 com.htc.htcpowermanager.extremepowersaver.ExtremePowerSaverReceiver.onReceive:24 android.support.v4.content.LocalBroadcastManager.executePendingBroadcasts:297 android.support.v4.content.LocalBroadcastManager.access$000:46 
02-17 20:19:55.090  2455  3471 D PMS     : releaseWL(4afd5c8): PARTIAL_WAKE_LOCK  WifiSuspend 0x1 null
02-17 20:19:55.093  2455  3649 D PMS     : acquireWL(3d08674): PARTIAL_WAKE_LOCK  Wakeful StateMachine: GeofencerStateMachine 0x1 4006 10141 WorkSource{10141 com.google.android.gms}
02-17 20:19:55.094  2455  4190 D PMS     : releaseWL(3d08674): PARTIAL_WAKE_LOCK  Wakeful StateMachine: GeofencerStateMachine 0x1 WorkSource{10141 com.google.android.gms}
02-17 20:19:55.109  2455  2466 E KernelWakelockReader: neither /proc/wakelocks nor /d/wakeup_sources exists
02-17 20:19:55.110  2455  2466 W BatSI   : Couldn't get kernel wake lock stats
02-17 20:19:55.134  2455  4371 D PMS     : acquireWL(2d467e3): PARTIAL_WAKE_LOCK  NlpWakeLock 0x1 4006 10141 WorkSource{10141 com.google.android.gms}
02-17 20:19:55.141  2455  4136 D PMS     : releaseWL(2d467e3): PARTIAL_WAKE_LOCK  NlpWakeLock 0x1 WorkSource{10141 com.google.android.gms}
02-17 20:19:55.191  2455  4370 D PMS     : acquireWL(fbe3710): PARTIAL_WAKE_LOCK  CMWakeLock 0x1 4006 10141 WorkSource{10141 com.google.android.gms}
02-17 20:19:55.196  2455  4371 D PMS     : releaseWL(fbe3710): PARTIAL_WAKE_LOCK  CMWakeLock 0x1 WorkSource{10141 com.google.android.gms}
02-17 20:19:55.197  2455  3538 E KernelWakelockReader: neither /proc/wakelocks nor /d/wakeup_sources exists
02-17 20:19:55.199  2455  3649 D WifiDisplayAdapter: getWifiDisplayStatusLocked: result=WifiDisplayStatus{featureState=2, scanState=0, activeDisplayState=0, activeDisplay=null, displays=[], sessionInfo=WifiDisplaySessionInfo:
02-17 20:19:55.199  2455  3649 D WifiDisplayAdapter:     Client/Owner: Client
02-17 20:19:55.199  2455  3649 D WifiDisplayAdapter:     GroupId: 
02-17 20:19:55.199  2455  3649 D WifiDisplayAdapter:     Passphrase: 
02-17 20:19:55.199  2455  3649 D WifiDisplayAdapter:     SessionId: 0
02-17 20:19:55.199  2455  3649 D WifiDisplayAdapter:     IP Address: }
02-17 20:19:55.199  2455  3538 W BatSI   : Couldn't get kernel wake lock stats
02-17 20:19:55.223  2455  4370 D PMS     : acquireWL(e8a35c5): PARTIAL_WAKE_LOCK  BatteryServiceUpdateStats_3 0x1 2455 1000 null
02-17 20:19:55.223  2455  4370 I BatteryService: n_update end
02-17 20:19:55.223  2455  4370 D PMS     : releaseWL(e8a35c5): PARTIAL_WAKE_LOCK  BatteryServiceUpdateStats_3 0x1 null
02-17 20:19:55.225  3549  3549 D PowerUI : closing low battery warning: level=65
02-17 20:19:55.226  2455  2824 D HtcPowerSaver: updateBatteryInfo
02-17 20:19:55.229  2455  2455 I DeviceIdleController: updateChargingLocked: charging=true
02-17 20:19:55.229  2455  2455 W DeviceIdleController: becomeActiveLocked, reason = charging
02-17 20:19:55.229  2455  2455 D PMS     : runPSCheck
02-17 20:19:55.229  2455  2455 D HtcPowerSaver: Checking...
02-17 20:19:55.229  2455  2455 I HtcPowerSaver: >> updateStatus
02-17 20:19:55.230  2455  2455 I HtcPowerSaver: << updateStatus
02-17 20:19:55.244  2455  4378 D PMS     : acquireWL(8991b1a): PARTIAL_WAKE_LOCK  CMWakeLock 0x1 4006 10141 WorkSource{10141 com.google.android.gms}
02-17 20:19:55.252  2455  4190 D PMS     : releaseWL(8991b1a): PARTIAL_WAKE_LOCK  CMWakeLock 0x1 WorkSource{10141 com.google.android.gms}
02-17 20:19:56.325  2455  3471 W ContextImpl: Calling a method in the system process without a qualified user: android.app.ContextImpl.sendBroadcast:771 com.android.server.wifi.WifiStateMachine.sendDongleScanResultsAvailableBroadcast:14355 com.android.server.wifi.WifiStateMachine.handleMediaLinkEvent:14523 com.android.server.wifi.WifiStateMachine.access$2700:257 com.android.server.wifi.WifiStateMachine$SupplicantStartedState.processMessage:8447 
02-17 20:19:56.378  2455  3538 D PMS     : acquireWL(f8ea64b): PARTIAL_WAKE_LOCK  NlpWakeLock 0x1 4006 10141 WorkSource{10141 com.google.android.gms}
02-17 20:19:56.382  2455  4370 D PMS     : releaseWL(f8ea64b): PARTIAL_WAKE_LOCK  NlpWakeLock 0x1 WorkSource{10141 com.google.android.gms}
