--------- beginning of crash
02-17 18:05:33.770  1524  6882 F libc    : FORTIFY: FD_SET: file descriptor >= FD_SETSIZE
02-17 18:05:33.817  1524  1524 E AndroidRuntime: FATAL EXCEPTION: main
02-17 18:05:33.817  1524  1524 E AndroidRuntime: Process: com.hangseng.cmbmobileapp, PID: 1524
02-17 18:05:33.817  1524  1524 E AndroidRuntime: java.lang.RuntimeException: Adding window failed
02-17 18:05:33.817  1524  1524 E AndroidRuntime: 	at android.view.ViewRootImpl.setView(ViewRootImpl.java:575)
02-17 18:05:33.817  1524  1524 E AndroidRuntime: 	at android.view.WindowManagerGlobal.addView(WindowManagerGlobal.java:310)
02-17 18:05:33.817  1524  1524 E AndroidRuntime: 	at android.view.WindowManagerImpl.addView(WindowManagerImpl.java:85)
02-17 18:05:33.817  1524  1524 E AndroidRuntime: 	at android.app.ActivityThread.handleResumeActivity(ActivityThread.java:3419)
02-17 18:05:33.817  1524  1524 E AndroidRuntime: 	at android.app.ActivityThread.handleLaunchActivity(ActivityThread.java:2574)
02-17 18:05:33.817  1524  1524 E AndroidRuntime: 	at android.app.ActivityThread.access$900(ActivityThread.java:150)
02-17 18:05:33.817  1524  1524 E AndroidRuntime: 	at android.app.ActivityThread$H.handleMessage(ActivityThread.java:1399)
02-17 18:05:33.817  1524  1524 E AndroidRuntime: 	at android.os.Handler.dispatchMessage(Handler.java:102)
02-17 18:05:33.817  1524  1524 E AndroidRuntime: 	at android.os.Looper.loop(Looper.java:168)
02-17 18:05:33.817  1524  1524 E AndroidRuntime: 	at android.app.ActivityThread.main(ActivityThread.java:5885)
02-17 18:05:33.817  1524  1524 E AndroidRuntime: 	at java.lang.reflect.Method.invoke(Native Method)
02-17 18:05:33.817  1524  1524 E AndroidRuntime: 	at com.android.internal.os.ZygoteInit$MethodAndArgsCaller.run(ZygoteInit.java:797)
02-17 18:05:33.817  1524  1524 E AndroidRuntime: 	at com.android.internal.os.ZygoteInit.main(ZygoteInit.java:687)
02-17 18:05:33.817  1524  1524 E AndroidRuntime: Caused by: android.os.DeadObjectException: Transaction failed on small parcel; remote process probably died
02-17 18:05:33.817  1524  1524 E AndroidRuntime: 	at android.os.BinderProxy.transactNative(Native Method)
02-17 18:05:33.817  1524  1524 E AndroidRuntime: 	at android.os.BinderProxy.transact(Binder.java:511)
02-17 18:05:33.817  1524  1524 E AndroidRuntime: 	at android.view.IWindowSession$Stub$Proxy.addToDisplay(IWindowSession.java:746)
02-17 18:05:33.817  1524  1524 E AndroidRuntime: 	at android.view.ViewRootImpl.setView(ViewRootImpl.java:563)
02-17 18:05:33.817  1524  1524 E AndroidRuntime: 	... 12 more
02-17 18:05:33.874  1524  6882 F libc    : Fatal signal 6 (SIGABRT), code -6 in tid 6882 (RxCachedThreadS)
02-17 18:27:14.817 10791 10856 F libc    : FORTIFY: FD_SET: file descriptor >= FD_SETSIZE
02-17 18:27:14.931 10791 10856 F libc    : Fatal signal 6 (SIGABRT), code -6 in tid 10856 (Chrome_IOThread)
--------- beginning of system
02-17 20:11:59.153  2455  2472 D DeviceIdleController: Removing UID 10138 from temp whitelist
02-17 20:11:59.153  2455  2472 D DeviceIdleController: Setting wakelock temp whitelist to []
02-17 20:11:59.155  2455  2472 D NetworkManagement: oldRule = 0, newRule=0 for uid=10138
02-17 20:11:59.155  2455  2472 D NetworkManagement: !!!!! Skipping change
02-17 20:12:00.000  2455  3401 D PMS     : acquireWL(d60385e): PARTIAL_WAKE_LOCK  *alarm* 0x40000001 2455 1000 WorkSource{1000}
02-17 20:12:00.000  2455  3401 D AlarmManager: sending alarm PendingIntent{b09b1dc: PendingIntentRecord{379f2e5 android broadcastIntent}}, i=android.intent.action.TIME_TICK, t=3, cnt=1, w=10810886, Int=0
02-17 20:12:00.077  2455  2455 D PMS     : releaseWL(d60385e): PARTIAL_WAKE_LOCK  *alarm* 0x40000001 WorkSource{1000}
02-17 20:12:00.127  2455  2455 D ValidateNoPeople: setContact(com.findtheway,0.0,false)
02-17 20:12:01.142  2455  2455 D ValidateNoPeople: setContact(com.findtheway,0.0,false)
02-17 20:12:02.151  2455  2455 D ValidateNoPeople: setContact(com.findtheway,0.0,false)
02-17 20:12:03.163  2455  2455 D ValidateNoPeople: setContact(com.findtheway,0.0,false)
02-17 20:12:04.219  2455  2455 D ValidateNoPeople: setContact(com.findtheway,0.0,false)
02-17 20:12:05.247  2455  2455 D ValidateNoPeople: setContact(com.findtheway,0.0,false)
02-17 20:12:06.276  2455  2455 D ValidateNoPeople: setContact(com.findtheway,0.0,false)
02-17 20:12:06.935  2455  3649 I ActivityManager: Killing 22599:com.htc.android.mail:sync/u0a51 (adj 15): empty #17
02-17 20:12:06.943  2455  2466 I ActivityManager: Recipient 22599
02-17 20:12:07.285  2455  2455 D ValidateNoPeople: setContact(com.findtheway,0.0,false)
02-17 20:12:08.308  2455  2455 D ValidateNoPeople: setContact(com.findtheway,0.0,false)
02-17 20:12:09.327  2455  2455 D ValidateNoPeople: setContact(com.findtheway,0.0,false)
02-17 20:12:10.368  2455  2455 D ValidateNoPeople: setContact(com.findtheway,0.0,false)
02-17 20:12:11.390  2455  2455 D ValidateNoPeople: setContact(com.findtheway,0.0,false)
02-17 20:12:11.471  2455  3548 D PMS     : acquireHCC(9d8d43f): CPU_MIN_FREQ SystemUI_3.0 0x2000 3549 10017 null
02-17 20:12:11.472  2455  2474 D StatusBarManagerService: setSystemUiVisibility(0x8600)
02-17 20:12:11.472  2455  2474 D StatusBarManagerService: disable:userId=0 what=0x0 which=0x1 pkg=Window{1963c1e u0 StatusBar}
02-17 20:12:11.473  2455  2474 D StatusBarManagerService: hiding MENU key
02-17 20:12:11.473  2455  4145 D PMS     : acquireHCC(9b7c10c): CPU_MIN_NUM SystemUI_3.0 0x8000 3549 10017 null
02-17 20:12:12.234  2455  4372 D PMS     : releaseHCC(9d8d43f): CPU_MIN_FREQ SystemUI_3.0 0x2000 null
02-17 20:12:12.236  2455  2465 D PMS     : releaseHCC(9b7c10c): CPU_MIN_NUM SystemUI_3.0 0x8000 null
02-17 20:12:12.402  2455  2455 D ValidateNoPeople: setContact(com.findtheway,0.0,false)
02-17 20:12:13.315  2455  4370 D PMS     : acquireHCC(b570a55): CPU_MIN_FREQ SystemUI_3.0 0x2000 3549 10017 null
02-17 20:12:13.316  2455  3649 D PMS     : acquireHCC(bf37c6a): CPU_MIN_NUM SystemUI_3.0 0x8000 3549 10017 null
02-17 20:12:13.414  2455  2455 D ValidateNoPeople: setContact(com.findtheway,0.0,false)
02-17 20:12:13.665  2455  4145 D PMS     : releaseHCC(b570a55): CPU_MIN_FREQ SystemUI_3.0 0x2000 null
02-17 20:12:13.665  2455  3548 D PMS     : releaseHCC(bf37c6a): CPU_MIN_NUM SystemUI_3.0 0x8000 null
02-17 20:12:13.908  2455  2824 D XAN-DPC : mRamp.onAnimationEnd. policy=3
02-17 20:12:14.429  2455  2455 D ValidateNoPeople: setContact(com.findtheway,0.0,false)
02-17 20:12:14.746  2455  4136 D PMS     : acquireHCC(a90755b): CPU_MIN_FREQ SystemUI_3.0 0x2000 3549 10017 null
02-17 20:12:14.746  2455  3548 D PMS     : acquireHCC(2a5e1f8): CPU_MIN_NUM SystemUI_3.0 0x8000 3549 10017 null
02-17 20:12:14.747  2455  4136 I ActivityManager: START u0 {cmp=com.findtheway/.activity.MainActivity} from uid 10113 pid -1 on display 0
02-17 20:12:14.748  2455  4136 W ActivityManager: startActivity called from non-Activity context; forcing Intent.FLAG_ACTIVITY_NEW_TASK for: Intent { cmp=com.findtheway/.activity.MainActivity }
02-17 20:12:14.751  2455  4136 W WindowManager: Screenshot failure taking screenshot for (1080x1920) to layer 21040
02-17 20:12:14.751  2455  4136 D ActivityManager: screenshot for ActivityRecord{4fcb002 u0 com.hangseng.cmbmobileapp/com.hangseng.cmb.dbb.activity.DBBActivity t461}, bitmap=null, time = 1
02-17 20:12:14.752  2455  4136 D PMS     : acquireWL(94af6d1): PARTIAL_WAKE_LOCK  *launch* 0x1 2455 1000 WorkSource{10113}
02-17 20:12:14.756  2455  2474 D StatusBarManagerService: setSystemUiVisibility(0x8600)
02-17 20:12:14.756  2455  2474 D StatusBarManagerService: disable:userId=0 what=0x0 which=0x1 pkg=Window{659dde5 u0 com.hangseng.cmbmobileapp/com.hangseng.cmb.dbb.activity.DBBActivity}
02-17 20:12:14.756  2455  2474 D StatusBarManagerService: hiding MENU key
02-17 20:12:14.762  2455  2794 W ContextImpl: Calling a method in the system process without a qualified user: android.app.ContextImpl.sendBroadcast:786 com.htc.server.HtcMirrorLinkAmsListener.onHandleTopAppChanged:122 com.android.server.am.HtcAmsCallbackManager.handleTopAppChanged:933 com.android.server.am.HtcAmsCallbackManager.handleAmsCallback:358 com.android.server.am.HtcAmsCallbackManager.access$100:27 
02-17 20:12:14.764  2455  2794 D HtcMirrorLinkAmsListener: onHandleTopAppChanged, sendBroadcast : com.findtheway
02-17 20:12:15.020  2455  2474 D StatusBarManagerService: setSystemUiVisibility(0x8600)
02-17 20:12:15.020  2455  2474 D StatusBarManagerService: disable:userId=0 what=0x0 which=0x1 pkg=Window{19b2690 u0 com.findtheway/com.findtheway.activity.MainActivity}
02-17 20:12:15.020  2455  2474 D StatusBarManagerService: hiding MENU key
02-17 20:12:15.020  2455  4190 D PMS     : acquireWL(a33853c): SCREEN_BRIGHT_WAKE_LOCK  ON_AFTER_RELEASE WindowManager 0x2000000a 2455 1000 WorkSource{10113}
02-17 20:12:15.055  2455  4121 I InputMethodManagerService: Disable input method client, pid=23553
02-17 20:12:15.055  2455  4121 D StatusBarManagerService: swetImeWindowStatus vis=0 backDisposition=0
02-17 20:12:15.055  2455  4121 D InputMethodManagerService: Switching to client com.findtheway(19804), IME=com.sohu.inputmethod.sogou/.SogouIME
02-17 20:12:15.055  2455  4121 I InputMethodManagerService: Enable input method client, pid=19804
02-17 20:12:15.203  2455  4372 D PMS     : releaseWL(94af6d1): PARTIAL_WAKE_LOCK  *launch* 0x1 WorkSource{10113}
02-17 20:12:15.435  2455  2455 D ValidateNoPeople: setContact(com.findtheway,0.0,false)
02-17 20:12:15.574  2455  2455 D ValidateNoPeople: setContact(com.tencent.mtt,0.0,false)
02-17 20:12:15.786  2455  3548 D ActivityManager: getTaskThumbnailLocked mainThumbnail is null, TaskRecord{7e8cc72 #461 A=com.hangseng.cmbmobileapp U=0 sz=1}
02-17 20:12:15.858  2455  4175 D PMS     : releaseHCC(a90755b): CPU_MIN_FREQ SystemUI_3.0 0x2000 null
02-17 20:12:15.859  2455  3649 D PMS     : releaseHCC(2a5e1f8): CPU_MIN_NUM SystemUI_3.0 0x8000 null
02-17 20:12:16.440  2455  2455 D ValidateNoPeople: setContact(com.findtheway,0.0,false)
02-17 20:12:16.520   439  2284 E NetlinkEvent: Unknown ifindex 29 in RTM_DELADDR
02-17 20:12:16.534  2455  3474 D ConnectivityService: NetworkAgentInfo [VPN () - 104] EVENT_NETWORK_INFO_CHANGED, going from CONNECTED to DISCONNECTED
02-17 20:12:16.535  2455  3474 D ConnectivityService: NetworkAgentInfo [VPN () - 104] got DISCONNECTED, was satisfying 4
02-17 20:12:16.537  2455  3474 D NetworkManagement: isBandwidthControlEnabled: doneSignal.getCount()= 0
02-17 20:12:16.537  2455  3474 D PMS     : acquireWL(86a6c79): PARTIAL_WAKE_LOCK  NetworkStats 0x1 2455 1000 null
02-17 20:12:16.551  2455  3410 V NetworkPolicy: updateNetworkEnabledLocked()
02-17 20:12:16.551  2455  3474 V NetworkStats: updateIfacesLocked(): isMetered = true, isMobile = false
02-17 20:12:16.551  2455  3474 V NetworkStats: updateIfacesLocked() activeIf={wlan0=[{type=WIFI, cap=[ Transports: WIFI Capabilities: INTERNET&NOT_RESTRICTED&TRUSTED&NOT_VPN&VALIDATED LinkUpBandwidth>=1048576Kbps LinkDnBandwidth>=1048576Kbps SignalStrength: -27], subType=COMBINED, networkId="雄霸天下"}]}
02-17 20:12:16.552  2455  3474 D PMS     : releaseWL(86a6c79): PARTIAL_WAKE_LOCK  NetworkStats 0x1 null
02-17 20:12:16.552  2455  3474 D ConnectivityService: notifyType LOST for NetworkAgentInfo [VPN () - 104]
02-17 20:12:16.552  2455  3474 D ConnectivityService:  sending notification for NetworkRequest [ id=3, legacyType=-1, [] ]
02-17 20:12:16.552  2455  3474 D ConnectivityService: sending notification LOST for NetworkRequest [ id=3, legacyType=-1, [] ]
02-17 20:12:16.552  2455  3474 D ConnectivityService:  sending notification for NetworkRequest [ id=8, legacyType=-1, [ Capabilities: INTERNET&NOT_RESTRICTED&TRUSTED] ]
02-17 20:12:16.552  2455  3474 D ConnectivityService: sending notification LOST for NetworkRequest [ id=8, legacyType=-1, [ Capabilities: INTERNET&NOT_RESTRICTED&TRUSTED] ]
02-17 20:12:16.553  2455  3474 D ConnectivityService:  sending notification for NetworkRequest [ id=9, legacyType=-1, [ Capabilities: INTERNET&NOT_RESTRICTED&TRUSTED] ]
02-17 20:12:16.553  2455  3474 D ConnectivityService: sending notification LOST for NetworkRequest [ id=9, legacyType=-1, [ Capabilities: INTERNET&NOT_RESTRICTED&TRUSTED] ]
02-17 20:12:16.553  2455  3474 D ConnectivityService:  sending notification for NetworkRequest [ id=11, legacyType=-1, [ Capabilities: INTERNET&NOT_RESTRICTED&TRUSTED] ]
02-17 20:12:16.553  2455  3474 D ConnectivityService: sending notification LOST for NetworkRequest [ id=11, legacyType=-1, [ Capabilities: INTERNET&NOT_RESTRICTED&TRUSTED] ]
02-17 20:12:16.564  2455  3474 D CSLegacyTypeTracker: Sending DISCONNECTED broadcast for type 17 NetworkAgentInfo [VPN () - 104] isDefaultNetwork=false
02-17 20:12:16.565  2455  3474 D ConnectivityService: sendStickyBroadcast: action=android.net.conn.CONNECTIVITY_CHANGE
02-17 20:12:16.566  2455  3474 D ConnectivityService: rematching NetworkAgentInfo [WIFI () - 102]
02-17 20:12:16.566  2455  3474 D ConnectivityService:  network has: [ Transports: WIFI Capabilities: INTERNET&NOT_RESTRICTED&TRUSTED&NOT_VPN&VALIDATED LinkUpBandwidth>=1048576Kbps LinkDnBandwidth>=1048576Kbps SignalStrength: -27]
02-17 20:12:16.566  2455  3474 D ConnectivityService: Network NetworkAgentInfo [WIFI () - 102] was already satisfying request 1. No change.
02-17 20:12:16.566  2455  3474 D ConnectivityService:   checking if request is satisfied: NetworkRequest [ id=3, legacyType=-1, [] ]
02-17 20:12:16.566  2455  3474 D ConnectivityService:   checking if request is satisfied: NetworkRequest [ id=9, legacyType=-1, [ Capabilities: INTERNET&NOT_RESTRICTED&TRUSTED] ]
02-17 20:12:16.566  2455  3474 D ConnectivityService:   checking if request is satisfied: NetworkRequest [ id=6, legacyType=-1, [ Capabilities: INTERNET&NOT_RESTRICTED&TRUSTED&NOT_VPN] ]
02-17 20:12:16.566  2455  3474 D ConnectivityService:   checking if request is satisfied: NetworkRequest [ id=11, legacyType=-1, [ Capabilities: INTERNET&NOT_RESTRICTED&TRUSTED] ]
02-17 20:12:16.566  2455  3474 D ConnectivityService:   checking if request is satisfied: NetworkRequest [ id=8, legacyType=-1, [ Capabilities: INTERNET&NOT_RESTRICTED&TRUSTED] ]
02-17 20:12:16.569  2455  2472 D PMS     : acquireWL(f33dbe): PARTIAL_WAKE_LOCK  SyncLoopWakeLock 0x1 2455 1000 null
02-17 20:12:16.576  2455  2455 D WifiService:  wifi info = SSID: 雄霸天下, BSSID: 0a:e3:41:da:e7:20, Supplicant state: COMPLETED, RSSI: -35, Link speed: 72Mbps, Frequency: 2472MHz, Net ID: 3, Metered hint: true, score: 60 mWifiInfo.getBSSID() == 0a:e3:41:da:e7:20
02-17 20:12:16.576  2455  2455 D WifiService: leave multicast group for SSDP first, create socket enter
02-17 20:12:16.577  2455  4175 D PMS     : acquireWL(3555e1f): PARTIAL_WAKE_LOCK  NlpWakeLock 0x1 4006 10141 WorkSource{10141 com.google.android.gms}
02-17 20:12:16.589  2455  4378 D PMS     : releaseWL(3555e1f): PARTIAL_WAKE_LOCK  NlpWakeLock 0x1 WorkSource{10141 com.google.android.gms}
02-17 20:12:16.598  2455  2472 D PMS     : releaseWL(f33dbe): PARTIAL_WAKE_LOCK  SyncLoopWakeLock 0x1 null
02-17 20:12:16.665  2455  3410 V NetworkPolicy: ensureActiveMobilePolicyLocked()
02-17 20:12:16.725  2455  2472 D PMS     : acquireWL(1f9bc58): PARTIAL_WAKE_LOCK  GpsLocationProvider 0x1 2455 1000 null
02-17 20:12:16.726  2455  2472 D PMS     : releaseWL(1f9bc58): PARTIAL_WAKE_LOCK  GpsLocationProvider 0x1 null
02-17 20:12:16.794  2455  7224 D PMS     : acquireWL(2c831b1): PARTIAL_WAKE_LOCK  LocationService 0x1 2455 1000 null
02-17 20:12:16.795  2455  7224 D PMS     : releaseWL(2c831b1): PARTIAL_WAKE_LOCK  LocationService 0x1 null
02-17 20:12:16.806  2455  4371 I ActivityManager: Start proc 24373:com.coolapk.market/u0a138 for broadcast com.coolapk.market/com.xiaomi.push.service.receivers.NetworkStatusReceiver
02-17 20:12:17.055  2455  3410 V NetworkPolicy: updateNetworkEnabledLocked()
02-17 20:12:17.055  2455  3410 V NetworkPolicy: updateNetworkRulesLocked()
02-17 20:12:17.055  2455  3410 D NetworkPolicy: applying policy NetworkPolicy[NetworkTemplate: matchRule=WIFI, matchSubscriberIds=[null], networkId="雄霸天下", non-charged apn type=]: cycleDay=-1, cycleTimezone=UTC, warningBytes=-1, limitBytes=-1, lastWarningSnooze=-1, lastLimitSnooze=-1, metered=true, inferred=true to ifaces [wlan0]
02-17 20:12:17.056  2455  3410 D NetworkManagement: isBandwidthControlEnabled: doneSignal.getCount()= 0
02-17 20:12:17.074  2455  2455 D WifiService: SSDP IPv4 multicast socket closed
02-17 20:12:17.075  2455  2455 D WifiService: SSDP IPv6 multicast socket set to wlan0
02-17 20:12:17.075  2455  2455 D WifiService: SSDP IPv6 multicast socket closed
02-17 20:12:17.076  2455  4066 D PMS     : acquireWL(e7d37ed): PARTIAL_WAKE_LOCK  NetworkTimeUpdateService 0x1 2455 1000 null
02-17 20:12:17.076  2455  4066 D PMS     : releaseWL(e7d37ed): PARTIAL_WAKE_LOCK  NetworkTimeUpdateService 0x1 null
02-17 20:12:17.133  2455  2455 D StatusBarManagerService: swetImeWindowStatus vis=0 backDisposition=0
02-17 20:12:17.136  2455  3548 D PMS     : acquireHCC(a93622): CPU_MIN_FREQ SystemUI_3.0 0x2000 3549 10017 null
02-17 20:12:17.137  2455  4372 D PMS     : acquireHCC(6d698b3): CPU_MIN_NUM SystemUI_3.0 0x8000 3549 10017 null
02-17 20:12:17.142  2455  2466 I ActivityManager: START u0 {act=com.android.systemui.recents.SHOW_RECENTS flg=0x10804000 cmp=com.android.systemui/.recents.RecentsActivityCN} from uid 10017 pid 3549 on display 0
02-17 20:12:17.163  2455  2466 D PMS     : acquireWL(957be70): PARTIAL_WAKE_LOCK  *launch* 0x1 2455 1000 WorkSource{10017}
02-17 20:12:17.166  2455  2794 W ContextImpl: Calling a method in the system process without a qualified user: android.app.ContextImpl.sendBroadcast:786 com.htc.server.HtcMirrorLinkAmsListener.onHandleTopAppChanged:122 com.android.server.am.HtcAmsCallbackManager.handleTopAppChanged:933 com.android.server.am.HtcAmsCallbackManager.handleAmsCallback:358 com.android.server.am.HtcAmsCallbackManager.access$100:27 
02-17 20:12:17.170  2455  2794 D HtcMirrorLinkAmsListener: onHandleTopAppChanged, sendBroadcast : com.android.systemui
02-17 20:12:17.585  2455  2455 D ValidateNoPeople: setContact(com.tencent.mtt,0.0,false)
02-17 20:12:17.673  2455  4175 D ActivityManager: getTaskThumbnailLocked mainThumbnail is null, TaskRecord{7e8cc72 #461 A=com.hangseng.cmbmobileapp U=0 sz=1}
02-17 20:12:17.675  2455  4136 D ActivityManager: getTaskThumbnailLocked mainThumbnail is null, TaskRecord{77d3834 #311 A=com.tencent.mtt U=0 sz=1}
02-17 20:12:17.752  2455  2474 D StatusBarManagerService: setSystemUiVisibility(0x8500)
02-17 20:12:17.752  2455  2474 D StatusBarManagerService: disable:userId=0 what=0x0 which=0x1 pkg=Window{3b258e4 u0 com.android.systemui/com.android.systemui.recents.RecentsActivityCN}
02-17 20:12:17.752  2455  2474 D StatusBarManagerService: hiding MENU key
02-17 20:12:17.772  2455  2466 D PMS     : releaseHCC(a93622): CPU_MIN_FREQ SystemUI_3.0 0x2000 null
02-17 20:12:17.773  2455  4190 D PMS     : releaseHCC(6d698b3): CPU_MIN_NUM SystemUI_3.0 0x8000 null
02-17 20:12:17.844  2455  3538 I ActivityManager: Killing 22577:com.htc.backup/u0a87 (adj 15): empty #17
02-17 20:12:17.852  2455  3649 I ActivityManager: Recipient 22577
02-17 20:12:17.908  2455  2465 D ActivityManager: getTaskThumbnailLocked mainThumbnail is null, TaskRecord{c7ce3ed #451 A=com.tencent.mtt.external.reader.reader U=0 sz=0}
02-17 20:12:17.930  2455  2474 D StatusBarManagerService: setSystemUiVisibility(0x500)
02-17 20:12:17.930  2455  2474 D StatusBarManagerService: disable:userId=0 what=0x0 which=0x1 pkg=Window{3b258e4 u0 com.android.systemui/com.android.systemui.recents.RecentsActivityCN}
02-17 20:12:17.930  2455  2474 D StatusBarManagerService: hiding MENU key
02-17 20:12:17.933  2455  4145 I InputMethodManagerService: Disable input method client, pid=19804
02-17 20:12:17.933  2455  4145 D StatusBarManagerService: swetImeWindowStatus vis=0 backDisposition=0
02-17 20:12:17.933  2455  4145 D InputMethodManagerService: Switching to client com.android.systemui(3549), IME=com.sohu.inputmethod.sogou/.SogouIME
02-17 20:12:17.933  2455  4145 I InputMethodManagerService: Enable input method client, pid=3549
02-17 20:12:18.163  2455  4145 D PMS     : releaseWL(957be70): PARTIAL_WAKE_LOCK  *launch* 0x1 WorkSource{10017}
02-17 20:12:18.387  2455  2455 D PMS     : acquireWL(3039b59): PARTIAL_WAKE_LOCK  GpsLocationProvider 0x1 2455 1000 null
02-17 20:12:18.391  2455  2455 D WifiService: @onServiceStateChanged: 1 1 voice home data home null null null null null null  Unknown Unknown CSS not supported 0 0 RoamInd=1 DefRoamInd=0 EmergOnly=false IsDataRoamingFromRegistration=falseEriInd= 1EriMode= 0RadioPowerSv: true EmergOnly=false PhoneType: 2 IMSRegState: -1
02-17 20:12:18.392  2455  2455 D HtcASN_1.1: onServiceStateChanged...
02-17 20:12:18.394  2455  2455 D HtcASN_1.1: Keep  0: type=Wi-Fi mSimExist=false mFlightMode=false HtcLevel=null
02-17 20:12:18.402  2455  2472 D PMS     : releaseWL(3039b59): PARTIAL_WAKE_LOCK  GpsLocationProvider 0x1 null
02-17 20:12:18.468  2455  4371 I Telecom : PhoneAccountRegistrar: [ComponentInfo{com.android.phone/com.android.services.telephony.TelephonyConnectionService}, [e0184adedf913b076626646d3f52c3b49c39ad6d], UserHandle{0}(icon: Icon(typ=BITMAP size=57x72) -> Icon(typ=BITMAP size=57x72))]
02-17 20:12:18.470  2455  4371 I Telecom : : Sending phone-account intent as user
02-17 20:12:18.505  2455  4370 W Telecom : : No account found for the calling user
02-17 20:12:18.546  2455  3473 D WifiService: New client listening to asynchronous messages
02-17 20:12:18.977  2455  4378 D PMS     : acquireWL(6161aa6): PARTIAL_WAKE_LOCK  *launch* 0x1 2455 1000 WorkSource{10143}
02-17 20:12:18.980  2455  2794 W ContextImpl: Calling a method in the system process without a qualified user: android.app.ContextImpl.sendBroadcast:786 com.htc.server.HtcMirrorLinkAmsListener.onHandleTopAppChanged:122 com.android.server.am.HtcAmsCallbackManager.handleTopAppChanged:933 com.android.server.am.HtcAmsCallbackManager.handleAmsCallback:358 com.android.server.am.HtcAmsCallbackManager.access$100:27 
02-17 20:12:18.984  2455  2794 D HtcMirrorLinkAmsListener: onHandleTopAppChanged, sendBroadcast : com.hangseng.cmbmobileapp
02-17 20:12:19.012  2455  2474 D StatusBarManagerService: setSystemUiVisibility(0x600)
02-17 20:12:19.012  2455  2474 D StatusBarManagerService: disable:userId=0 what=0x0 which=0x1 pkg=Window{659dde5 u0 com.hangseng.cmbmobileapp/com.hangseng.cmb.dbb.activity.DBBActivity}
02-17 20:12:19.012  2455  2474 D StatusBarManagerService: hiding MENU key
02-17 20:12:19.026  2455  4373 I InputMethodManagerService: Disable input method client, pid=3549
02-17 20:12:19.026  2455  4373 D StatusBarManagerService: swetImeWindowStatus vis=0 backDisposition=0
02-17 20:12:19.026  2455  4373 D InputMethodManagerService: Switching to client com.hangseng.cmbmobileapp(23553), IME=com.sohu.inputmethod.sogou/.SogouIME
02-17 20:12:19.026  2455  4373 I InputMethodManagerService: Enable input method client, pid=23553
02-17 20:12:19.042  2455  2474 D StatusBarManagerService: setSystemUiVisibility(0x8600)
02-17 20:12:19.042  2455  2474 D StatusBarManagerService: disable:userId=0 what=0x0 which=0x1 pkg=Window{659dde5 u0 com.hangseng.cmbmobileapp/com.hangseng.cmb.dbb.activity.DBBActivity}
02-17 20:12:19.042  2455  2474 D StatusBarManagerService: hiding MENU key
02-17 20:12:19.066  2455  2783 D PMS     : releaseWL(a33853c): SCREEN_BRIGHT_WAKE_LOCK  ON_AFTER_RELEASE WindowManager 0x2000000a WorkSource{10113}
02-17 20:12:19.074  2455  4375 D PMS     : releaseWL(6161aa6): PARTIAL_WAKE_LOCK  *launch* 0x1 WorkSource{10143}
02-17 20:12:19.146  2455  4121 I ActivityManager: Killing 22797:com.htc.demoflopackageinstaller/1000 (adj 15): empty #17
02-17 20:12:19.155  2455  4370 I ActivityManager: Recipient 22797
02-17 20:12:19.513  2455  3649 D PMS     : acquireWL(cc75ab6): PARTIAL_WAKE_LOCK  AGOO_LIB 0x1 23080 10055 null
02-17 20:12:19.570  2455  4375 I ActivityManager: Start proc 24527:com.htc.updater/u0a67 for broadcast com.htc.updater/.download.DownloadReceiver
02-17 20:12:19.680  2455  4190 D PMS     : releaseWL(cc75ab6): PARTIAL_WAKE_LOCK  AGOO_LIB 0x1 null
02-17 20:12:20.609  2455  4375 I ActivityManager: Start proc 24609:com.mobilesrepublic.appy/u0a125 for broadcast com.mobilesrepublic.appy/tv.teads.teadsevent.StartServiceReceiver
02-17 20:12:20.707  2455  2474 D StatusBarManagerService: setSystemUiVisibility(0x8600)
02-17 20:12:20.707  2455  2474 D StatusBarManagerService: disable:userId=0 what=0x0 which=0x1 pkg=Window{1963c1e u0 StatusBar}
02-17 20:12:20.707  2455  2474 D StatusBarManagerService: hiding MENU key
02-17 20:12:20.707  2455  4370 D PMS     : acquireHCC(4f0e645): CPU_MIN_FREQ SystemUI_3.0 0x2000 3549 10017 null
02-17 20:12:20.708  2455  3538 D PMS     : acquireHCC(f19419a): CPU_MIN_NUM SystemUI_3.0 0x8000 3549 10017 null
02-17 20:12:21.321  2455  4378 D PMS     : releaseHCC(4f0e645): CPU_MIN_FREQ SystemUI_3.0 0x2000 null
02-17 20:12:21.323  2455  4136 D PMS     : releaseHCC(f19419a): CPU_MIN_NUM SystemUI_3.0 0x8000 null
02-17 20:12:22.086  2455  4175 I ActivityManager: Killing 22812:com.htc.music:musicenhancer/u0a22 (adj 15): empty #17
02-17 20:12:22.099  2455  2465 I ActivityManager: Recipient 22812
02-17 20:12:22.187  2455  4121 D PMS     : acquireHCC(e4d1ec0): CPU_MIN_FREQ SystemUI_3.0 0x2000 3549 10017 null
02-17 20:12:22.187  2455  4373 D PMS     : acquireHCC(eb4c7f9): CPU_MIN_NUM SystemUI_3.0 0x8000 3549 10017 null
02-17 20:12:22.191  2455  2474 D StatusBarManagerService: setSystemUiVisibility(0x8600)
02-17 20:12:22.191  2455  2474 D StatusBarManagerService: disable:userId=0 what=0x0 which=0x1 pkg=Window{659dde5 u0 com.hangseng.cmbmobileapp/com.hangseng.cmb.dbb.activity.DBBActivity}
02-17 20:12:22.191  2455  2474 D StatusBarManagerService: hiding MENU key
02-17 20:12:22.198  2455  2465 W InputMethodManagerService: Window already focused, ignoring focus gain of: com.android.internal.view.IInputMethodClient$Stub$Proxy@b7d333e attribute=null, token = android.os.BinderProxy@d1a68dc, client pid=23553, inputType=0x(null)
02-17 20:12:22.228  2455  2466 D PMS     : acquireWL(5927d31): PARTIAL_WAKE_LOCK  SmartisanPushServiceUtils 0x1 9323 10130 null
02-17 20:12:22.276  8799  8799 E ActivityThread: Service com.ucweb.message.UcwebPushService has leaked IntentReceiver org.android.agoo.impl.PushService$a@946e662 that was originally registered here. Are you missing a call to unregisterReceiver()?
02-17 20:12:22.276  8799  8799 E ActivityThread: android.app.IntentReceiverLeaked: Service com.ucweb.message.UcwebPushService has leaked IntentReceiver org.android.agoo.impl.PushService$a@946e662 that was originally registered here. Are you missing a call to unregisterReceiver()?
02-17 20:12:22.276  8799  8799 E ActivityThread: 	at android.app.LoadedApk$ReceiverDispatcher.<init>(LoadedApk.java:968)
02-17 20:12:22.276  8799  8799 E ActivityThread: 	at android.app.LoadedApk.getReceiverDispatcher(LoadedApk.java:732)
02-17 20:12:22.276  8799  8799 E ActivityThread: 	at android.app.ContextImpl.registerReceiverInternal(ContextImpl.java:1180)
02-17 20:12:22.276  8799  8799 E ActivityThread: 	at android.app.ContextImpl.registerReceiver(ContextImpl.java:1160)
02-17 20:12:22.276  8799  8799 E ActivityThread: 	at android.app.ContextImpl.registerReceiver(ContextImpl.java:1154)
02-17 20:12:22.276  8799  8799 E ActivityThread: 	at android.content.ContextWrapper.registerReceiver(ContextWrapper.java:554)
02-17 20:12:22.276  8799  8799 E ActivityThread: 	at org.android.agoo.impl.PushService$a.<init>(ProGuard:488)
02-17 20:12:22.276  8799  8799 E ActivityThread: 	at org.android.agoo.impl.PushService.create(ProGuard:182)
02-17 20:12:22.276  8799  8799 E ActivityThread: 	at org.android.agoo.service.AgooService.onCreate(ProGuard:52)
02-17 20:12:22.276  8799  8799 E ActivityThread: 	at android.app.ActivityThread.handleCreateService(ActivityThread.java:3017)
02-17 20:12:22.276  8799  8799 E ActivityThread: 	at android.app.ActivityThread.access$1900(ActivityThread.java:150)
02-17 20:12:22.276  8799  8799 E ActivityThread: 	at android.app.ActivityThread$H.handleMessage(ActivityThread.java:1495)
02-17 20:12:22.276  8799  8799 E ActivityThread: 	at android.os.Handler.dispatchMessage(Handler.java:102)
02-17 20:12:22.276  8799  8799 E ActivityThread: 	at android.os.Looper.loop(Looper.java:168)
02-17 20:12:22.276  8799  8799 E ActivityThread: 	at android.app.ActivityThread.main(ActivityThread.java:5885)
02-17 20:12:22.276  8799  8799 E ActivityThread: 	at java.lang.reflect.Method.invoke(Native Method)
02-17 20:12:22.276  8799  8799 E ActivityThread: 	at com.android.internal.os.ZygoteInit$MethodAndArgsCaller.run(ZygoteInit.java:797)
02-17 20:12:22.276  8799  8799 E ActivityThread: 	at com.android.internal.os.ZygoteInit.main(ZygoteInit.java:687)
02-17 20:12:22.334  2455  4372 D PMS     : acquireWL(66a6c16): PARTIAL_WAKE_LOCK  *net_scheduler* 0x1 4006 10141 WorkSource{10141 com.google.android.gms}
02-17 20:12:22.361  2455  2465 D PMS     : releaseWL(66a6c16): PARTIAL_WAKE_LOCK  *net_scheduler* 0x1 WorkSource{10141 com.google.android.gms}
02-17 20:12:22.373  2455  4371 W BroadcastQueue: Permission Denial: receiving Intent { act=android.telecom.action.PHONE_ACCOUNT_REGISTERED flg=0x10 (has extras) } to com.android.providers.contacts/.PhoneAccountRegistrationReceiver requires android.permission.PROCESS_PHONE_ACCOUNT_REGISTRATION due to sender android (uid 1000)
02-17 20:12:22.378  2455  4373 D PMS     : acquireWL(c73a784): PARTIAL_WAKE_LOCK  *net_scheduler* 0x1 4006 10141 WorkSource{10141 com.google.android.gms}
02-17 20:12:22.393  2455  4121 D PMS     : releaseWL(c73a784): PARTIAL_WAKE_LOCK  *net_scheduler* 0x1 WorkSource{10141 com.google.android.gms}
02-17 20:12:22.821  2455  4145 D PMS     : releaseHCC(e4d1ec0): CPU_MIN_FREQ SystemUI_3.0 0x2000 null
02-17 20:12:22.823  2455  4371 D PMS     : releaseHCC(eb4c7f9): CPU_MIN_NUM SystemUI_3.0 0x8000 null
02-17 20:12:23.637  2455  4373 W SettingsProvider: You shouldn't keep your settings in the secure settings. This will soon become an error.
02-17 20:12:23.665  2455  4378 W SettingsProvider: You shouldn't keep your settings in the secure settings. This will soon become an error.
02-17 20:12:24.337  2455  2455 D ValidateNoPeople: setContact(com.tencent.mtt,0.0,false)
02-17 20:12:26.382  2455  2824 D XAN-DPC : mRamp.onAnimationEnd. policy=3
02-17 20:12:26.488  2455  3409 D PMS     : acquireWL(f428833): PARTIAL_WAKE_LOCK  NetworkStats 0x1 2455 1000 null
02-17 20:12:26.508  2455  3409 D PMS     : releaseWL(f428833): PARTIAL_WAKE_LOCK  NetworkStats 0x1 null
02-17 20:12:26.508  2455  3410 V NetworkPolicy: updateNetworkEnabledLocked()
02-17 20:12:27.615  2455  2455 D PMS     : acquireWL(f45b7f0): PARTIAL_WAKE_LOCK  GpsLocationProvider 0x1 2455 1000 null
02-17 20:12:27.618  2455  2455 D WifiService: @onServiceStateChanged: 1 1 voice home data home null null null null null null  Unknown Unknown CSS not supported 0 0 RoamInd=1 DefRoamInd=0 EmergOnly=false IsDataRoamingFromRegistration=falseEriInd= 1EriMode= 0RadioPowerSv: false EmergOnly=false PhoneType: 2 IMSRegState: -1
02-17 20:12:27.618  2455  2455 D HtcASN_1.1: onServiceStateChanged...
02-17 20:12:27.621  2455  2455 D HtcASN_1.1: Keep  0: type=Wi-Fi mSimExist=false mFlightMode=false HtcLevel=null
02-17 20:12:27.638  2455  2472 D PMS     : releaseWL(f45b7f0): PARTIAL_WAKE_LOCK  GpsLocationProvider 0x1 null
02-17 20:12:27.651  2455  4371 I Telecom : PhoneAccountRegistrar: [ComponentInfo{com.android.phone/com.android.services.telephony.TelephonyConnectionService}, [e0184adedf913b076626646d3f52c3b49c39ad6d], UserHandle{0}(icon: Icon(typ=BITMAP size=57x72) -> Icon(typ=BITMAP size=57x72))]
02-17 20:12:27.654  2455  4371 I Telecom : : Sending phone-account intent as user
02-17 20:12:27.664  2455  2465 W Telecom : : No account found for the calling user
02-17 20:12:27.685  2455  4373 W BroadcastQueue: Permission Denial: receiving Intent { act=android.telecom.action.PHONE_ACCOUNT_REGISTERED flg=0x10 (has extras) } to com.android.providers.contacts/.PhoneAccountRegistrationReceiver requires android.permission.PROCESS_PHONE_ACCOUNT_REGISTRATION due to sender android (uid 1000)
02-17 20:12:30.225  2455  2841 D PMS     : acquireHCC(699c952): CPU_MIN_FREQ WifiPerfLock 0x2000 2455 1000 null
02-17 20:12:30.226  2455  2841 D PMS     : acquireHCC(23de423): CPU_MIN_NUM WifiPerfLock 0x8000 2455 1000 null
02-17 20:12:30.380  2455  3497 D HtcWLD_v5.3.2:     Turn end: total_sum=30 screen_off_sum=0
02-17 20:12:30.380  2455  3497 D HtcWLD_v5.3.2:     screen_off_now=false screen_off_always=false total_sum=60 screen_off_sum=10 threshold=0.8
02-17 20:12:30.380  2455  3497 D HtcWLD_v5.3.2:     com.hangseng.cmbmobileapp com.hangseng.cmbmobileapp 100 3818709
02-17 20:12:30.380  2455  3497 D HtcWLD_v5.3.2:     com.tencent.mtt:service com.tencent.mtt 100 1396229
02-17 20:12:30.380  2455  3497 D HtcWLD_v5.3.2:     com.UCMobile com.UCMobile 300 570849
02-17 20:12:30.380  2455  3497 D HtcWLD_v5.3.2:     com.tencent.mtt com.tencent.mtt 100 4266009
02-17 20:12:30.380  2455  3497 D HtcWLD_v5.3.2:     com.coolapk.market:pushservice com.coolapk.market 300 8084229
02-17 20:12:30.380  2455  3497 D HtcWLD_v5.3.2:     com.google.android.gms com.google.android.gms 300 10506899
02-17 20:12:30.380  2455  3497 D HtcWLD_v5.3.2:     com.google.android.gms.persistent com.google.android.gms 200 10519719
02-17 20:12:30.380  2455  3497 D HtcWLD_v5.3.2:     com.tencent.mtt:xg_service_v3 com.tencent.mtt 100 4262459
02-17 20:12:30.380  2455  3497 D HtcWLD_v5.3.2:     com.sohu.inputmethod.sogou com.sohu.inputmethod.sogou 130 574329
02-17 20:12:30.381  2455  3497 D HtcWLD_v5.3.2:     com.sohu.inputmethod.sogou:push_service com.sohu.inputmethod.sogou 130 10371779
02-17 20:12:30.381  2455  3497 D HtcWLD_v5.3.2:     com.UCMobile:push com.UCMobile 300 1355559
02-17 20:12:30.381  2455  3497 D HtcWLD_v5.3.2:     com.sohu.inputmethod.status com.sohu.inputmethod.sogou 300 577929
02-17 20:12:30.381  2455  3497 D HtcWLD_v5.3.2:     com.smartisan.notes com.smartisan.notes 300 1275369
02-17 20:12:30.381  2455  3497 D HtcWLD_v5.3.2:     com.prassein.sit.htc com.prassein.sit.htc 300 1345559
02-17 20:12:30.381  2455  3497 D HtcWLD_v5.3.2:     com.smartisan.notes:push com.smartisan.notes 300 1365559
02-17 20:12:30.381  2455  3497 D HtcWLD_v5.3.2:     android.htc.china.location.service android.htc.china.location.service 130 10519739
02-17 20:12:30.381  2455  3497 D HtcWLD_v5.3.2:     org.simalliance.openmobileapi.service:remote org.simalliance.openmobileapi.service 200 10516419
02-17 20:12:30.381  2455  3497 D HtcWLD_v5.3.2:     com.qualcomm.qti.tetherservice com.qualcomm.qti.tetherservice 100 10519159
02-17 20:12:30.381  2455  3497 D HtcPitroadConnector: [HtcWLD] Clear list
02-17 20:12:30.381  2455  3497 D HtcWLD_v5.3.2:  
02-17 20:12:30.381  2455  3497 D HtcWLD_v5.3.2:     # Check abnormal process for KnownIssueList case.
02-17 20:12:30.381  2455  3497 D HtcWLD_v5.3.2:     Screen on, do nothing
02-17 20:12:30.382  2455  3497 D HtcWLD_v5.3.2:  
02-17 20:12:30.382  2455  3497 D HtcWLD_v5.3.2:     # Check abnormal process for GPS case.
02-17 20:12:30.382  2455  3497 D HtcWLD_v5.3.2:     No one requests location, do nothing.
02-17 20:12:30.382  2455  3497 D HtcWLD_v5.3.2:  
02-17 20:12:30.382  2455  3497 D HtcWLD_v5.3.2:     # Check abnormal process for wakelock case.
02-17 20:12:30.382  2455  3497 D HtcWLD_v5.3.2:     There is no wakelock held over 600000 ms
02-17 20:12:30.382  2455  3497 D HtcWLD_v5.3.2:  
02-17 20:12:30.382  2455  3497 D HtcWLD_v5.3.2:     # Check abnormal process for crazy CPU usage case.
02-17 20:12:30.382  2455  3497 D HtcWLD_v5.3.2:     Screen on, do nothing
02-17 20:12:30.382  2455  3497 D HtcPitroadConnector: [HtcWLD] Nothing to send.
02-17 20:12:30.382  2455  3497 D HtcWLD_v5.3.2:  
02-17 20:12:30.382  2455  3497 D HtcWLD_v5.3.2: << Wake Lock Detector >>
02-17 20:12:30.382  2455  3497 D HtcWLD_v5.3.2:  
02-17 20:12:30.382  2455  3497 D HtcWLD_v5.3.2:     Turn#1
02-17 20:12:32.266  2455  4145 D PMS     : releaseWL(5927d31): PARTIAL_WAKE_LOCK  SmartisanPushServiceUtils 0x1 null
02-17 20:12:33.181  2455  3409 D PMS     : acquireWL(5eefd20): PARTIAL_WAKE_LOCK  NetworkStats 0x1 2455 1000 null
02-17 20:12:33.199  2455  3410 V NetworkPolicy: updateNetworkEnabledLocked()
02-17 20:12:33.199  2455  3409 D PMS     : releaseWL(5eefd20): PARTIAL_WAKE_LOCK  NetworkStats 0x1 null
02-17 20:12:34.311  2455  2473 I ActivityManager: Waited long enough for: ServiceRecord{f699bbf u0 com.htc.sense.hsp/.weather.location.AutoSettingService}
02-17 20:12:39.256  2455  2841 D PMS     : releaseHCC(699c952): CPU_MIN_FREQ WifiPerfLock 0x2000 null
02-17 20:12:39.257  2455  2841 D PMS     : releaseHCC(23de423): CPU_MIN_NUM WifiPerfLock 0x8000 null
02-17 20:12:49.233  2455  3401 D PMS     : acquireWL(ea1b6d9): PARTIAL_WAKE_LOCK  *alarm* 0x1 2455 1000 WorkSource{10141 com.google.android.gms}
02-17 20:12:49.233  2455  3401 D AlarmManager: sending alarm PendingIntent{567289e: PendingIntentRecord{3809f7f com.google.android.gms broadcastIntent}}, i=CONTEXT_MANAGER_ALARM_WAKEUP_59222, t=2, cnt=1, w=10860118, Int=0
02-17 20:12:49.234  2455  3649 D PMS     : acquireWL(996cb4c): PARTIAL_WAKE_LOCK  CMWakeLock 0x1 4006 10141 WorkSource{10141 com.google.android.gms}
02-17 20:12:49.235  2455  2455 D PMS     : releaseWL(ea1b6d9): PARTIAL_WAKE_LOCK  *alarm* 0x1 WorkSource{10141 com.google.android.gms}
02-17 20:12:49.277  2455  4136 D PMS     : releaseWL(996cb4c): PARTIAL_WAKE_LOCK  CMWakeLock 0x1 WorkSource{10141 com.google.android.gms}
02-17 20:12:56.829  2455  2465 D PMS     : acquireWL(fede795): PARTIAL_WAKE_LOCK  BatteryServiceUpdateStats_3 0x1 2455 1000 null
02-17 20:12:56.830  2455  2465 I BatteryService: n_update end
02-17 20:12:56.830  2455  2465 D PMS     : releaseWL(fede795): PARTIAL_WAKE_LOCK  BatteryServiceUpdateStats_3 0x1 null
02-17 20:12:56.831  2455  2824 D HtcPowerSaver: updateBatteryInfo
02-17 20:12:56.832  3549  3549 D PowerUI : closing low battery warning: level=63
02-17 20:12:56.836  2455  2455 I DeviceIdleController: updateChargingLocked: charging=true
02-17 20:12:56.836  2455  2455 W DeviceIdleController: becomeActiveLocked, reason = charging
02-17 20:12:56.837  2455  2455 D PMS     : runPSCheck
02-17 20:12:56.837  2455  2455 D HtcPowerSaver: Checking...
02-17 20:12:56.837  2455  2455 I HtcPowerSaver: >> updateStatus
02-17 20:12:56.838  2455  2455 I HtcPowerSaver: << updateStatus
02-17 20:13:00.001  2455  3401 D PMS     : acquireWL(71930aa): PARTIAL_WAKE_LOCK  *alarm* 0x40000001 2455 1000 WorkSource{1000}
02-17 20:13:00.001  2455  3401 D AlarmManager: sending alarm PendingIntent{b09b1dc: PendingIntentRecord{379f2e5 android broadcastIntent}}, i=android.intent.action.TIME_TICK, t=3, cnt=1, w=10870886, Int=0
02-17 20:13:00.096  2455  2455 D PMS     : releaseWL(71930aa): PARTIAL_WAKE_LOCK  *alarm* 0x40000001 WorkSource{1000}
02-17 20:13:07.797  2455  2472 I UsageStatsService: User[0] Flushing usage stats to disk
02-17 20:13:07.839  2455  3409 D PMS     : acquireWL(9b49b): PARTIAL_WAKE_LOCK  NetworkStats 0x1 2455 1000 null
02-17 20:13:07.857  2455  3410 V NetworkPolicy: updateNetworkEnabledLocked()
02-17 20:13:07.857  2455  3409 D PMS     : releaseWL(9b49b): PARTIAL_WAKE_LOCK  NetworkStats 0x1 null
02-17 20:13:14.777  2455  4121 D WifiDisplayAdapter: getWifiDisplayStatusLocked: result=WifiDisplayStatus{featureState=2, scanState=0, activeDisplayState=0, activeDisplay=null, displays=[], sessionInfo=WifiDisplaySessionInfo:
02-17 20:13:14.777  2455  4121 D WifiDisplayAdapter:     Client/Owner: Client
02-17 20:13:14.777  2455  4121 D WifiDisplayAdapter:     GroupId: 
02-17 20:13:14.777  2455  4121 D WifiDisplayAdapter:     Passphrase: 
02-17 20:13:14.777  2455  4121 D WifiDisplayAdapter:     SessionId: 0
02-17 20:13:14.777  2455  4121 D WifiDisplayAdapter:     IP Address: }
02-17 20:13:15.261  2455  2824 D XAN-DPC : mRamp.onAnimationEnd. policy=2
02-17 20:13:15.261  2455  2824 D PMS     : MSG: UDAS false->true
02-17 20:13:15.670  2455  2455 D ValidateNoPeople: setContact(com.tencent.mtt,0.0,false)
02-17 20:13:17.681  2455  2455 D ValidateNoPeople: setContact(com.tencent.mtt,0.0,false)
02-17 20:13:18.889  2455  3471 W ContextImpl: Calling a method in the system process without a qualified user: android.app.ContextImpl.sendBroadcast:771 com.android.server.wifi.WifiStateMachine.sendDongleScanResultsAvailableBroadcast:14355 com.android.server.wifi.WifiStateMachine.handleMediaLinkEvent:14523 com.android.server.wifi.WifiStateMachine.access$2700:257 com.android.server.wifi.WifiStateMachine$SupplicantStartedState.processMessage:8447 
02-17 20:13:18.930  2455  4175 D PMS     : acquireWL(5cbee50): PARTIAL_WAKE_LOCK  NlpWakeLock 0x1 4006 10141 WorkSource{10141 com.google.android.gms}
02-17 20:13:18.940  2455  4370 D PMS     : releaseWL(5cbee50): PARTIAL_WAKE_LOCK  NlpWakeLock 0x1 WorkSource{10141 com.google.android.gms}
02-17 20:13:18.954  2455  4378 D PMS     : acquireWL(c510849): PARTIAL_WAKE_LOCK  CMWakeLock 0x1 4006 10141 WorkSource{10141 com.google.android.gms}
02-17 20:13:18.971  2455  4371 D PMS     : releaseWL(c510849): PARTIAL_WAKE_LOCK  CMWakeLock 0x1 WorkSource{10141 com.google.android.gms}
02-17 20:13:19.048  2455  2455 D PMS     : acquireWL(7cf54e): PARTIAL_WAKE_LOCK  GpsLocationProvider 0x1 2455 1000 null
02-17 20:13:19.049  2455  2455 D WifiService: @onServiceStateChanged: 1 1 voice home data home null null null null null null  Unknown Unknown CSS not supported 0 0 RoamInd=1 DefRoamInd=0 EmergOnly=false IsDataRoamingFromRegistration=falseEriInd= 1EriMode= 0RadioPowerSv: true EmergOnly=false PhoneType: 2 IMSRegState: -1
02-17 20:13:19.049  2455  2455 D HtcASN_1.1: onServiceStateChanged...
02-17 20:13:19.053  2455  2455 D HtcASN_1.1: Keep  0: type=Wi-Fi mSimExist=false mFlightMode=false HtcLevel=null
02-17 20:13:19.058  2455  2472 D PMS     : releaseWL(7cf54e): PARTIAL_WAKE_LOCK  GpsLocationProvider 0x1 null
02-17 20:13:19.087  2455  4121 I Telecom : PhoneAccountRegistrar: [ComponentInfo{com.android.phone/com.android.services.telephony.TelephonyConnectionService}, [e0184adedf913b076626646d3f52c3b49c39ad6d], UserHandle{0}(icon: Icon(typ=BITMAP size=57x72) -> Icon(typ=BITMAP size=57x72))]
02-17 20:13:19.089  2455  4121 I Telecom : : Sending phone-account intent as user
02-17 20:13:19.096  2455  4175 W Telecom : : No account found for the calling user
02-17 20:13:19.108  2455  4378 W BroadcastQueue: Permission Denial: receiving Intent { act=android.telecom.action.PHONE_ACCOUNT_REGISTERED flg=0x10 (has extras) } to com.android.providers.contacts/.PhoneAccountRegistrationReceiver requires android.permission.PROCESS_PHONE_ACCOUNT_REGISTRATION due to sender android (uid 1000)
02-17 20:13:19.768  2455  4373 I ActivityManager: Killing 22825:com.htc.sdm/u0a15 (adj 15): empty #17
02-17 20:13:19.796  2455  4190 I ActivityManager: Recipient 22825
02-17 20:13:21.653  2455  2824 I PMS     : Going to sleep due to screen timeout (uid 1000)...
02-17 20:13:21.653  2455  2824 I InputMethodManagerService: setInteractive=false
02-17 20:13:21.654  2455  2455 D StatusBarManagerService: swetImeWindowStatus vis=0 backDisposition=0
02-17 20:13:21.654  2455  2455 I InputMethodManagerService: Disable input method client, pid=23553
02-17 20:13:21.662  2455  2824 I PMS     : Sleeping (uid 1000)...
02-17 20:13:21.662  2455  2824 D XAN-DPS : prepareColorFade 1
02-17 20:13:21.677  2455  2455 D PMS     : acquireWL(5480abd): PARTIAL_WAKE_LOCK  ActivityManager-Sleep 0x1 2455 1000 null
02-17 20:13:21.682  2455  2455 W WindowManager: Screenshot failure taking screenshot for (1080x1920) to layer 21035
02-17 20:13:21.682  2455  2455 D ActivityManager: screenshot for ActivityRecord{4fcb002 u0 com.hangseng.cmbmobileapp/com.hangseng.cmb.dbb.activity.DBBActivity t461}, bitmap=null, time = 5
02-17 20:13:21.710  2455  4370 D PMS     : releaseWL(5480abd): PARTIAL_WAKE_LOCK  ActivityManager-Sleep 0x1 null
02-17 20:13:21.748  2455  2824 D XAN-DPS : prepareColorFade done
02-17 20:13:21.748  2455  2824 D PMS     : MSG: UDAS true->false
02-17 20:13:21.753  2455  4370 D PMS     : acquireWL(3ef95b9): PARTIAL_WAKE_LOCK  show keyguard 0x1 3549 10017 null
02-17 20:13:21.943  2455  4136 D StatusBarManagerService: disable:userId=0 what=0x3200000 which=0x1 pkg=com.android.systemui
02-17 20:13:21.959  2455  4373 D PMS     : releaseWL(3ef95b9): PARTIAL_WAKE_LOCK  show keyguard 0x1 null
02-17 20:13:21.969  2455  2474 D StatusBarManagerService: setSystemUiVisibility(0x408600)
02-17 20:13:21.969  2455  2474 D StatusBarManagerService: disable:userId=0 what=0x400000 which=0x1 pkg=Window{1963c1e u0 StatusBar}
02-17 20:13:21.969  2455  2474 D StatusBarManagerService: hiding MENU key
02-17 20:13:22.161  2455  3498 D XAN-DPS : setBrightness to 0
02-17 20:13:22.178  2455  2824 D XAN-DPC : mRamp.onAnimationEnd. policy=0
02-17 20:13:22.189  2455  3498 D XAN-DPS : setBrightness to 0
02-17 20:13:22.189  2455  2783 I DisplayManagerService: Display device changed state: "内置屏幕", OFF
02-17 20:13:22.190  2455  2455 D DeviceIdleController: updateDisplayLocked: screenOn=false
02-17 20:13:22.190  2455  2455 D DeviceIdleController: becomeInactiveIfAppropriateLocked()
02-17 20:13:22.391  2455  3498 D PMS     : Setting HAL interactive mode to false
02-17 20:13:22.391  2455  3498 D PMS     : Setting HAL interactive mode to false done
02-17 20:13:22.391  2455  3498 D PMS     : Setting HAL auto-suspend mode to true
02-17 20:13:22.391  2455  3498 D PMS     : Setting HAL auto-suspend mode done
02-17 20:13:22.414  2455  2455 I InputManager: Cancel all due to getting PMS screen off broadcast. ActualScreenOn=false
02-17 20:13:22.428  2455  2473 I ActivityManager: Start proc 25294:com.htc.htcpowermanager:remote/1000 for broadcast com.htc.htcpowermanager/.PowerCommonReceiver
02-17 20:13:22.430  2455  4370 D PMS     : acquireWL(45132ae): PARTIAL_WAKE_LOCK  HtcLockScreen:sinaWp_10 0x1 3549 10017 null
02-17 20:13:22.446  2455  3471 D PMS     : acquireWL(497c84f): PARTIAL_WAKE_LOCK  WifiSuspend 0x1 2455 1000 null
02-17 20:13:22.470  2455  3410 D NetworkPolicy: updateScreenOn: false
02-17 20:13:22.480  2455  3649 D PMS     : releaseWL(45132ae): PARTIAL_WAKE_LOCK  HtcLockScreen:sinaWp_10 0x1 null
02-17 20:13:22.586  2455  4370 D PMS     : acquireWL(fc28bdc): PARTIAL_WAKE_LOCK  BatteryServiceUpdateStats_3 0x1 2455 1000 null
02-17 20:13:22.586  2455  4370 I BatteryService: n_update end
02-17 20:13:22.587  2455  4370 D PMS     : releaseWL(fc28bdc): PARTIAL_WAKE_LOCK  BatteryServiceUpdateStats_3 0x1 null
02-17 20:13:22.587  2455  2824 D HtcPowerSaver: updateBatteryInfo
02-17 20:13:22.589  3549  3549 D PowerUI : closing low battery warning: level=63
02-17 20:13:22.591  2455  2455 I DeviceIdleController: updateChargingLocked: charging=true
02-17 20:13:22.591  2455  2455 W DeviceIdleController: becomeActiveLocked, reason = charging
02-17 20:13:22.591  2455  2455 D PMS     : runPSCheck
02-17 20:13:22.591  2455  2455 D HtcPowerSaver: Checking...
02-17 20:13:22.591  2455  2455 I HtcPowerSaver: >> updateStatus
02-17 20:13:22.592  2455  2455 I HtcPowerSaver: << updateStatus
02-17 20:13:22.670  2455  3471 D PMS     : releaseWL(497c84f): PARTIAL_WAKE_LOCK  WifiSuspend 0x1 null
02-17 20:13:22.730  2455  3538 D PMS     : acquireWL(49ac4e5): PARTIAL_WAKE_LOCK  Wakeful StateMachine: GeofencerStateMachine 0x1 4006 10141 WorkSource{10141 com.google.android.gms}
02-17 20:13:22.731  2455  2466 D PMS     : releaseWL(49ac4e5): PARTIAL_WAKE_LOCK  Wakeful StateMachine: GeofencerStateMachine 0x1 WorkSource{10141 com.google.android.gms}
02-17 20:13:22.775 25294 25294 W ContextImpl: Calling a method in the system process without a qualified user: android.app.ContextImpl.startService:1229 android.content.ContextWrapper.startService:581 android.content.ContextWrapper.startService:581 com.htc.htcpowermanager.PowerCommonReceiver.onReceive:20 android.app.ActivityThread.handleReceiver:2835 
02-17 20:13:22.785  2455  4373 D PMS     : acquireWL(4b29a6b): PARTIAL_WAKE_LOCK  NlpWakeLock 0x1 4006 10141 WorkSource{10141 com.google.android.gms}
02-17 20:13:22.793  2455  3548 D WifiDisplayAdapter: getWifiDisplayStatusLocked: result=WifiDisplayStatus{featureState=2, scanState=0, activeDisplayState=0, activeDisplay=null, displays=[], sessionInfo=WifiDisplaySessionInfo:
02-17 20:13:22.793  2455  3548 D WifiDisplayAdapter:     Client/Owner: Client
02-17 20:13:22.793  2455  3548 D WifiDisplayAdapter:     GroupId: 
02-17 20:13:22.793  2455  3548 D WifiDisplayAdapter:     Passphrase: 
02-17 20:13:22.793  2455  3548 D WifiDisplayAdapter:     SessionId: 0
02-17 20:13:22.793  2455  3548 D WifiDisplayAdapter:     IP Address: }
02-17 20:13:22.795  2455  4121 D PMS     : releaseWL(4b29a6b): PARTIAL_WAKE_LOCK  NlpWakeLock 0x1 WorkSource{10141 com.google.android.gms}
02-17 20:13:22.799 25294 25307 W ContextImpl: Calling a method in the system process without a qualified user: android.app.ContextImpl.startService:1229 android.content.ContextWrapper.startService:581 com.htc.htcpowermanager.battery.PowerUsageReceiver.onReceive:21 android.support.v4.content.LocalBroadcastManager.executePendingBroadcasts:297 android.support.v4.content.LocalBroadcastManager.sendBroadcastSync:278 
02-17 20:13:22.801 25294 25307 W ContextImpl: Calling a method in the system process without a qualified user: android.app.ContextImpl.startService:1229 android.content.ContextWrapper.startService:581 com.htc.htcpowermanager.extremepowersaver.ExtremePowerSaverReceiver.onReceive:24 android.support.v4.content.LocalBroadcastManager.executePendingBroadcasts:297 android.support.v4.content.LocalBroadcastManager.sendBroadcastSync:278 
02-17 20:13:22.938  2455  4175 E KernelWakelockReader: neither /proc/wakelocks nor /d/wakeup_sources exists
